Component: ARM Compiler 5.06 update 7 (build 960) Tool: armlink [4d3601]

==============================================================================

Section Cross References

    startup_stm32h743xx.o(RESET) refers to startup_stm32h743xx.o(STACK) for __initial_sp
    startup_stm32h743xx.o(RESET) refers to startup_stm32h743xx.o(.text) for Reset_Handler
    startup_stm32h743xx.o(RESET) refers to stm32h7xx_it.o(i.NMI_Handler) for NMI_Handler
    startup_stm32h743xx.o(RESET) refers to stm32h7xx_it.o(i.HardFault_Handler) for HardFault_Handler
    startup_stm32h743xx.o(RESET) refers to stm32h7xx_it.o(i.MemManage_Handler) for MemManage_Handler
    startup_stm32h743xx.o(RESET) refers to stm32h7xx_it.o(i.BusFault_Handler) for BusFault_Handler
    startup_stm32h743xx.o(RESET) refers to stm32h7xx_it.o(i.UsageFault_Handler) for UsageFault_Handler
    startup_stm32h743xx.o(RESET) refers to stm32h7xx_it.o(i.SVC_Handler) for SVC_Handler
    startup_stm32h743xx.o(RESET) refers to stm32h7xx_it.o(i.DebugMon_Handler) for DebugMon_Handler
    startup_stm32h743xx.o(RESET) refers to stm32h7xx_it.o(i.PendSV_Handler) for PendSV_Handler
    startup_stm32h743xx.o(RESET) refers to stm32h7xx_it.o(i.SysTick_Handler) for SysTick_Handler
    startup_stm32h743xx.o(.text) refers to system_stm32h7xx.o(i.SystemInit) for SystemInit
    startup_stm32h743xx.o(.text) refers to entry.o(.ARM.Collect$$$$00000000) for __main
    main.o(i.MX_ADC1_Init) refers to memseta.o(.text) for __aeabi_memclr4
    main.o(i.MX_ADC1_Init) refers to stm32h7xx_hal_adc.o(i.HAL_ADC_Init) for HAL_ADC_Init
    main.o(i.MX_ADC1_Init) refers to stm32h7xx_hal_adc_ex.o(i.HAL_ADCEx_MultiModeConfigChannel) for HAL_ADCEx_MultiModeConfigChannel
    main.o(i.MX_ADC1_Init) refers to stm32h7xx_hal_adc.o(i.HAL_ADC_ConfigChannel) for HAL_ADC_ConfigChannel
    main.o(i.MX_ADC1_Init) refers to main.o(.bss) for .bss
    main.o(i.MX_ETH_Init) refers to stm32h7xx_hal_eth.o(i.HAL_ETH_Init) for HAL_ETH_Init
    main.o(i.MX_ETH_Init) refers to memseta.o(.text) for __aeabi_memclr4
    main.o(i.MX_ETH_Init) refers to main.o(.bss) for .bss
    main.o(i.MX_ETH_Init) refers to main.o(.ARM.__AT_0x30040060) for .ARM.__AT_0x30040060
    main.o(i.MX_ETH_Init) refers to main.o(.ARM.__AT_0x30040000) for .ARM.__AT_0x30040000
    main.o(i.MX_GPIO_Init) refers to memseta.o(.text) for __aeabi_memclr4
    main.o(i.MX_GPIO_Init) refers to stm32h7xx_hal_gpio.o(i.HAL_GPIO_WritePin) for HAL_GPIO_WritePin
    main.o(i.MX_GPIO_Init) refers to stm32h7xx_hal_gpio.o(i.HAL_GPIO_Init) for HAL_GPIO_Init
    main.o(i.MX_I2C4_Init) refers to stm32h7xx_hal_i2c.o(i.HAL_I2C_Init) for HAL_I2C_Init
    main.o(i.MX_I2C4_Init) refers to stm32h7xx_hal_i2c_ex.o(i.HAL_I2CEx_ConfigAnalogFilter) for HAL_I2CEx_ConfigAnalogFilter
    main.o(i.MX_I2C4_Init) refers to stm32h7xx_hal_i2c_ex.o(i.HAL_I2CEx_ConfigDigitalFilter) for HAL_I2CEx_ConfigDigitalFilter
    main.o(i.MX_I2C4_Init) refers to main.o(.bss) for .bss
    main.o(i.MX_TIM1_Init) refers to memseta.o(.text) for __aeabi_memclr4
    main.o(i.MX_TIM1_Init) refers to stm32h7xx_hal_tim.o(i.HAL_TIM_Base_Init) for HAL_TIM_Base_Init
    main.o(i.MX_TIM1_Init) refers to stm32h7xx_hal_tim.o(i.HAL_TIM_ConfigClockSource) for HAL_TIM_ConfigClockSource
    main.o(i.MX_TIM1_Init) refers to stm32h7xx_hal_tim.o(i.HAL_TIM_PWM_Init) for HAL_TIM_PWM_Init
    main.o(i.MX_TIM1_Init) refers to stm32h7xx_hal_tim_ex.o(i.HAL_TIMEx_MasterConfigSynchronization) for HAL_TIMEx_MasterConfigSynchronization
    main.o(i.MX_TIM1_Init) refers to stm32h7xx_hal_tim.o(i.HAL_TIM_PWM_ConfigChannel) for HAL_TIM_PWM_ConfigChannel
    main.o(i.MX_TIM1_Init) refers to stm32h7xx_hal_tim_ex.o(i.HAL_TIMEx_ConfigBreakDeadTime) for HAL_TIMEx_ConfigBreakDeadTime
    main.o(i.MX_TIM1_Init) refers to stm32h7xx_hal_msp.o(i.HAL_TIM_MspPostInit) for HAL_TIM_MspPostInit
    main.o(i.MX_TIM1_Init) refers to main.o(.bss) for .bss
    main.o(i.MX_TIM4_Init) refers to memseta.o(.text) for __aeabi_memclr4
    main.o(i.MX_TIM4_Init) refers to stm32h7xx_hal_tim.o(i.HAL_TIM_PWM_Init) for HAL_TIM_PWM_Init
    main.o(i.MX_TIM4_Init) refers to stm32h7xx_hal_tim.o(i.HAL_TIM_Encoder_Init) for HAL_TIM_Encoder_Init
    main.o(i.MX_TIM4_Init) refers to stm32h7xx_hal_tim_ex.o(i.HAL_TIMEx_MasterConfigSynchronization) for HAL_TIMEx_MasterConfigSynchronization
    main.o(i.MX_TIM4_Init) refers to stm32h7xx_hal_tim.o(i.HAL_TIM_PWM_ConfigChannel) for HAL_TIM_PWM_ConfigChannel
    main.o(i.MX_TIM4_Init) refers to stm32h7xx_hal_msp.o(i.HAL_TIM_MspPostInit) for HAL_TIM_MspPostInit
    main.o(i.MX_TIM4_Init) refers to main.o(.bss) for .bss
    main.o(i.MX_TIM5_Init) refers to memseta.o(.text) for __aeabi_memclr4
    main.o(i.MX_TIM5_Init) refers to stm32h7xx_hal_tim.o(i.HAL_TIM_OC_Init) for HAL_TIM_OC_Init
    main.o(i.MX_TIM5_Init) refers to stm32h7xx_hal_tim_ex.o(i.HAL_TIMEx_MasterConfigSynchronization) for HAL_TIMEx_MasterConfigSynchronization
[...]
    i.__ARM_fpclassify                       0x080061d4   Section        0  fpclassify.o(i.__ARM_fpclassify)
    i.__NVIC_SetPriority                     0x08006204   Section        0  stm32h7xx_hal_cortex.o(i.__NVIC_SetPriority)
    __NVIC_SetPriority                       0x08006205   Thumb Code    34  stm32h7xx_hal_cortex.o(i.__NVIC_SetPriority)
    i.__hardfp_atan                          0x08006228   Section        0  atan.o(i.__hardfp_atan)
    i.__hardfp_atan2                         0x08006428   Section        0  atan2.o(i.__hardfp_atan2)
    i.__hardfp_fmod                          0x080065f0   Section        0  fmod.o(i.__hardfp_fmod)
    i.__kernel_poly                          0x080066ec   Section        0  poly.o(i.__kernel_poly)
    i.__mathlib_dbl_infnan                   0x0800675c   Section        0  dunder.o(i.__mathlib_dbl_infnan)
    i.__mathlib_dbl_infnan2                  0x08006762   Section        0  dunder.o(i.__mathlib_dbl_infnan2)
    i.__mathlib_dbl_invalid                  0x08006768   Section        0  dunder.o(i.__mathlib_dbl_invalid)
    i.__mathlib_dbl_underflow                0x08006780   Section        0  dunder.o(i.__mathlib_dbl_underflow)
    i.__scatterload_copy                     0x08006798   Section       14  handlers.o(i.__scatterload_copy)
    i.__scatterload_null                     0x080067a6   Section        2  handlers.o(i.__scatterload_null)
    i.__scatterload_zeroinit                 0x080067a8   Section       14  handlers.o(i.__scatterload_zeroinit)
    i.__set_errno                            0x080067b8   Section        0  errno.o(i.__set_errno)
    i._cos                                   0x080067c4   Section        0  foc_utils.o(i._cos)
    i._electricalAngle                       0x08006818   Section        0  foc_utils.o(i._electricalAngle)
    i._fp_digits                             0x08006828   Section        0  printfa.o(i._fp_digits)
    _fp_digits                               0x08006829   Thumb Code   366  printfa.o(i._fp_digits)
    i._normalizeAngle                        0x080069ac   Section        0  foc_utils.o(i._normalizeAngle)
    i._printf_core                           0x080069ec   Section        0  printfa.o(i._printf_core)
    _printf_core                             0x080069ed   Thumb Code  1704  printfa.o(i._printf_core)
    i._printf_post_padding                   0x080070a0   Section        0  printfa.o(i._printf_post_padding)
    _printf_post_padding                     0x080070a1   Thumb Code    36  printfa.o(i._printf_post_padding)
    i._printf_pre_padding                    0x080070c4   Section        0  printfa.o(i._printf_pre_padding)
    _printf_pre_padding                      0x080070c5   Thumb Code    46  printfa.o(i._printf_pre_padding)
    i._readADCVoltage                        0x080070f4   Section        0  adc.o(i._readADCVoltage)
    i._sin                                   0x08007128   Section        0  foc_utils.o(i._sin)
    i._sqrtApprox                            0x08007264   Section        0  foc_utils.o(i._sqrtApprox)
    i.analogRead                             0x0800727c   Section        0  adc.o(i.analogRead)
    i.angleOpenloop                          0x080072a8   Section        0  bldcmotor.o(i.angleOpenloop)
    i.atan                                   0x0800739c   Section        0  atan.o(i.atan)
    i.electricalAngle                        0x080073ac   Section        0  focmotor.o(i.electricalAngle)
    i.fabs                                   0x080073d8   Section        0  fabs.o(i.fabs)
    i.fputc                                  0x080073f0   Section        0  usart.o(i.fputc)
    i.getAngle                               0x0800740c   Section        0  magneticsensor.o(i.getAngle)
    i.getDCCurrent                           0x080074ac   Section        0  currentsense.o(i.getDCCurrent)
    i.getFOCCurrents                         0x08007540   Section        0  currentsense.o(i.getFOCCurrents)
    i.getPhaseCurrents                       0x080075b0   Section        0  inlinecurrentsense.o(i.getPhaseCurrents)
    i.getVelocity                            0x080075f8   Section        0  magneticsensor.o(i.getVelocity)
    i.loopFOC                                0x0800767c   Section        0  bldcmotor.o(i.loopFOC)
    i.main                                   0x08007790   Section        0  main.o(i.main)
    i.move                                   0x08007870   Section        0  bldcmotor.o(i.move)
    i.setPhaseVoltage                        0x08007984   Section        0  bldcmotor.o(i.setPhaseVoltage)
    i.shaftAngle                             0x08007bc8   Section        0  focmotor.o(i.shaftAngle)
    i.shaftVelocity                          0x08007bf0   Section        0  focmotor.o(i.shaftVelocity)
    i.velocityOpenloop                       0x08007c10   Section        0  bldcmotor.o(i.velocityOpenloop)
    .constdata                               0x08007cbc   Section       24  stm32h7xx_hal_uart.o(.constdata)
    .constdata                               0x08007cd4   Section       16  system_stm32h7xx.o(.constdata)
    .constdata                               0x08007ce4   Section      800  foc_utils.o(.constdata)
    .constdata                               0x08008008   Section      152  atan.o(.constdata)
    atanhi                                   0x08008008   Data          32  atan.o(.constdata)
    atanlo                                   0x08008028   Data          32  atan.o(.constdata)
    aTodd                                    0x08008048   Data          40  atan.o(.constdata)
    aTeven                                   0x08008070   Data          48  atan.o(.constdata)
    .constdata                               0x080080a0   Section        8  qnan.o(.constdata)
    .data                                    0x20000000   Section        8  main.o(.data)
    .data                                    0x20000008   Section       12  stm32h7xx_hal.o(.data)
    .data                                    0x20000014   Section        4  system_stm32h7xx.o(.data)
    .data                                    0x20000018   Section        4  system_stm32h7xx.o(.data)
    .data                                    0x2000001c   Section       32  bldcmotor.o(.data)
    .data                                    0x2000003c   Section       12  focmotor.o(.data)
    .data                                    0x20000048   Section        4  focmotor.o(.data)
    .data                                    0x2000004c   Section        4  focmotor.o(.data)
    .data                                    0x20000050   Section        4  focmotor.o(.data)
    .data                                    0x20000054   Section        4  focmotor.o(.data)
    .data                                    0x20000058   Section        4  focmotor.o(.data)
    .data                                    0x2000005c   Section        8  focmotor.o(.data)
    .data                                    0x20000064   Section        8  focmotor.o(.data)
    .data                                    0x2000006c   Section        1  focmotor.o(.data)
    .data                                    0x2000006d   Section        1  focmotor.o(.data)
    .data                                    0x20000070   Section       12  lowpass_filter.o(.data)
    .data                                    0x2000007c   Section       88  pid.o(.data)
    .data                                    0x200000d4   Section       24  inlinecurrentsense.o(.data)
    .data                                    0x200000ec   Section       20  magneticsensor.o(.data)
    .data                                    0x20000100   Section        4  usart.o(.data)
    .data                                    0x20000104   Section        4  errno.o(.data)
    _errno                                   0x20000104   Data           4  errno.o(.data)
    .bss                                     0x20000108   Section     1600  main.o(.bss)
    .bss                                     0x20000748   Section      140  usart.o(.bss)
    STACK                                    0x200007d8   Section     1024  startup_stm32h743xx.o(STACK)
    .ARM.__AT_0x30040000                     0x30040000   Section       96  main.o(.ARM.__AT_0x30040000)
    .ARM.__AT_0x30040060                     0x30040060   Section       96  main.o(.ARM.__AT_0x30040060)
    .ARM.__AT_0x30040200                     0x30040200   Section     6112  main.o(.ARM.__AT_0x30040200)

    Global Symbols

    Symbol Name                              Value     Ov Type        Size  Object(Section)

    BuildAttributes$$THM_ISAv4$E$P$D$K$B$S$7EM$VFPv5_D16$PE$PLD8$A:L22UL41UL21$X:L11$S22US41US21$IEEE1$IW$USESV6$~STKCKD$USESV7$~SHL$OTIME$ROPI$IEEEX$EBA8$MICROLIB$REQ8$PRES8$EABIv2 0x00000000   Number         0  anon$$obj.o ABSOLUTE
    __ARM_use_no_argv                        0x00000000   Number         0  main.o ABSOLUTE
    __use_no_errno                           0x00000000   Number         0  useno.o ABSOLUTE
    __use_no_exception_handling              0x00000000   Number         0  useno.o ABSOLUTE
    __use_no_fp                              0x00000000   Number         0  useno.o ABSOLUTE
    __use_no_heap                            0x00000000   Number         0  useno.o ABSOLUTE
    __use_no_heap_region                     0x00000000   Number         0  useno.o ABSOLUTE
    __use_no_semihosting                     0x00000000   Number         0  useno.o ABSOLUTE
    __use_no_semihosting_swi                 0x00000000   Number         0  useno.o ABSOLUTE
    __use_no_signal_handling                 0x00000000   Number         0  useno.o ABSOLUTE
    _printf_a                                0x00000000   Number         0  stubs.o ABSOLUTE
    _printf_c                                0x00000000   Number         0  stubs.o ABSOLUTE
    _printf_charcount                        0x00000000   Number         0  stubs.o ABSOLUTE
    _printf_d                                0x00000000   Number         0  stubs.o ABSOLUTE
    _printf_e                                0x00000000   Number         0  stubs.o ABSOLUTE
    _printf_f                                0x00000000   Number         0  stubs.o ABSOLUTE
    _printf_flags                            0x00000000   Number         0  stubs.o ABSOLUTE
    _printf_fp_dec                           0x00000000   Number         0  stubs.o ABSOLUTE
    _printf_fp_hex                           0x00000000   Number         0  stubs.o ABSOLUTE
    _printf_g                                0x00000000   Number         0  stubs.o ABSOLUTE
    _printf_i                                0x00000000   Number         0  stubs.o ABSOLUTE
    _printf_int_dec                          0x00000000   Number         0  stubs.o ABSOLUTE
    _printf_l                                0x00000000   Number         0  stubs.o ABSOLUTE
    _printf_lc                               0x00000000   Number         0  stubs.o ABSOLUTE
    _printf_ll                               0x00000000   Number         0  stubs.o ABSOLUTE
    _printf_lld                              0x00000000   Number         0  stubs.o ABSOLUTE
    _printf_lli                              0x00000000   Number         0  stubs.o ABSOLUTE
    _printf_llo                              0x00000000   Number         0  stubs.o ABSOLUTE
    _printf_llu                              0x00000000   Number         0  stubs.o ABSOLUTE
    _printf_llx                              0x00000000   Number         0  stubs.o ABSOLUTE
    _printf_longlong_dec                     0x00000000   Number         0  stubs.o ABSOLUTE
    _printf_longlong_hex                     0x00000000   Number         0  stubs.o ABSOLUTE
    _printf_longlong_oct                     0x00000000   Number         0  stubs.o ABSOLUTE
    _printf_ls                               0x00000000   Number         0  stubs.o ABSOLUTE
    _printf_mbtowc                           0x00000000   Number         0  stubs.o ABSOLUTE
    _printf_n                                0x00000000   Number         0  stubs.o ABSOLUTE
    _printf_o                                0x00000000   Number         0  stubs.o ABSOLUTE
    _printf_p                                0x00000000   Number         0  stubs.o ABSOLUTE
    _printf_percent                          0x00000000   Number         0  stubs.o ABSOLUTE
    _printf_pre_padding                      0x00000000   Number         0  stubs.o ABSOLUTE
    _printf_return_value                     0x00000000   Number         0  stubs.o ABSOLUTE
    _printf_s                                0x00000000   Number         0  stubs.o ABSOLUTE
    _printf_sizespec                         0x00000000   Number         0  stubs.o ABSOLUTE
    _printf_str                              0x00000000   Number         0  stubs.o ABSOLUTE
    _printf_truncate_signed                  0x00000000   Number         0  stubs.o ABSOLUTE
    _printf_truncate_unsigned                0x00000000   Number         0  stubs.o ABSOLUTE
    _printf_u                                0x00000000   Number         0  stubs.o ABSOLUTE
    _printf_wc                               0x00000000   Number         0  stubs.o ABSOLUTE
    _printf_wctomb                           0x00000000   Number         0  stubs.o ABSOLUTE
    _printf_widthprec                        0x00000000   Number         0  stubs.o ABSOLUTE
    _printf_x                                0x00000000   Number         0  stubs.o ABSOLUTE
    __arm_fini_                               - Undefined Weak Reference
    __cpp_initialize__aeabi_                  - Undefined Weak Reference
    __cxa_finalize                            - Undefined Weak Reference
    __decompress                              - Undefined Weak Reference
    _clock_init                               - Undefined Weak Reference
    _microlib_exit                            - Undefined Weak Reference
    __Vectors_Size                           0x00000298   Number         0  startup_stm32h743xx.o ABSOLUTE
    __Vectors                                0x08000000   Data           4  startup_stm32h743xx.o(RESET)
    __Vectors_End                            0x08000298   Data           0  startup_stm32h743xx.o(RESET)
    __main                                   0x08000299   Thumb Code     0  entry.o(.ARM.Collect$$$$00000000)
    _main_stk                                0x08000299   Thumb Code     0  entry2.o(.ARM.Collect$$$$00000001)
    _main_scatterload                        0x0800029d   Thumb Code     0  entry5.o(.ARM.Collect$$$$00000004)
    __main_after_scatterload                 0x080002a1   Thumb Code     0  entry5.o(.ARM.Collect$$$$00000004)
    _main_clock                              0x080002a1   Thumb Code     0  entry7b.o(.ARM.Collect$$$$00000008)
    _main_cpp_init                           0x080002a1   Thumb Code     0  entry8b.o(.ARM.Collect$$$$0000000A)
    _main_init                               0x080002a1   Thumb Code     0  entry9a.o(.ARM.Collect$$$$0000000B)
    __rt_lib_shutdown_fini                   0x080002a9   Thumb Code     0  entry12b.o(.ARM.Collect$$$$0000000E)
    __rt_final_cpp                           0x080002ad   Thumb Code     0  entry10a.o(.ARM.Collect$$$$0000000F)
    __rt_final_exit                          0x080002ad   Thumb Code     0  entry11a.o(.ARM.Collect$$$$00000011)
    Reset_Handler                            0x080002b1   Thumb Code     8  startup_stm32h743xx.o(.text)
    ADC3_IRQHandler                          0x080002cb   Thumb Code     0  startup_stm32h743xx.o(.text)
    ADC_IRQHandler                           0x080002cb   Thumb Code     0  startup_stm32h743xx.o(.text)
    BDMA_Channel0_IRQHandler                 0x080002cb   Thumb Code     0  startup_stm32h743xx.o(.text)
    BDMA_Channel1_IRQHandler                 0x080002cb   Thumb Code     0  startup_stm32h743xx.o(.text)
    BDMA_Channel2_IRQHandler                 0x080002cb   Thumb Code     0  startup_stm32h743xx.o(.text)
    BDMA_Channel3_IRQHandler                 0x080002cb   Thumb Code     0  startup_stm32h743xx.o(.text)
    BDMA_Channel4_IRQHandler                 0x080002cb   Thumb Code     0  startup_stm32h743xx.o(.text)
    BDMA_Channel5_IRQHandler                 0x080002cb   Thumb Code     0  startup_stm32h743xx.o(.text)
    BDMA_Channel6_IRQHandler                 0x080002cb   Thumb Code     0  startup_stm32h743xx.o(.text)
    BDMA_Channel7_IRQHandler                 0x080002cb   Thumb Code     0  startup_stm32h743xx.o(.text)
    CEC_IRQHandler                           0x080002cb   Thumb Code     0  startup_stm32h743xx.o(.text)
    COMP1_IRQHandler                         0x080002cb   Thumb Code     0  startup_stm32h743xx.o(.text)
    CRS_IRQHandler                           0x080002cb   Thumb Code     0  startup_stm32h743xx.o(.text)
    DCMI_IRQHandler                          0x080002cb   Thumb Code     0  startup_stm32h743xx.o(.text)
    DFSDM1_FLT0_IRQHandler                   0x080002cb   Thumb Code     0  startup_stm32h743xx.o(.text)
    DFSDM1_FLT1_IRQHandler                   0x080002cb   Thumb Code     0  startup_stm32h743xx.o(.text)
    DFSDM1_FLT2_IRQHandler                   0x080002cb   Thumb Code     0  startup_stm32h743xx.o(.text)
    DFSDM1_FLT3_IRQHandler                   0x080002cb   Thumb Code     0  startup_stm32h743xx.o(.text)
    DMA1_Stream0_IRQHandler                  0x080002cb   Thumb Code     0  startup_stm32h743xx.o(.text)
    DMA1_Stream1_IRQHandler                  0x080002cb   Thumb Code     0  startup_stm32h743xx.o(.text)
    DMA1_Stream2_IRQHandler                  0x080002cb   Thumb Code     0  startup_stm32h743xx.o(.text)
    DMA1_Stream3_IRQHandler                  0x080002cb   Thumb Code     0  startup_stm32h743xx.o(.text)
    DMA1_Stream4_IRQHandler                  0x080002cb   Thumb Code     0  startup_stm32h743xx.o(.text)
    DMA1_Stream5_IRQHandler                  0x080002cb   Thumb Code     0  startup_stm32h743xx.o(.text)
    DMA1_Stream6_IRQHandler                  0x080002cb   Thumb Code     0  startup_stm32h743xx.o(.text)
    DMA1_Stream7_IRQHandler                  0x080002cb   Thumb Code     0  startup_stm32h743xx.o(.text)
    DMA2D_IRQHandler                         0x080002cb   Thumb Code     0  startup_stm32h743xx.o(.text)
    DMA2_Stream0_IRQHandler                  0x080002cb   Thumb Code     0  startup_stm32h743xx.o(.text)
    DMA2_Stream1_IRQHandler                  0x080002cb   Thumb Code     0  startup_stm32h743xx.o(.text)
    DMA2_Stream2_IRQHandler                  0x080002cb   Thumb Code     0  startup_stm32h743xx.o(.text)
    DMA2_Stream3_IRQHandler                  0x080002cb   Thumb Code     0  startup_stm32h743xx.o(.text)
    DMA2_Stream4_IRQHandler                  0x080002cb   Thumb Code     0  startup_stm32h743xx.o(.text)
    DMA2_Stream5_IRQHandler                  0x080002cb   Thumb Code     0  startup_stm32h743xx.o(.text)
    DMA2_Stream6_IRQHandler                  0x080002cb   Thumb Code     0  startup_stm32h743xx.o(.text)
    DMA2_Stream7_IRQHandler                  0x080002cb   Thumb Code     0  startup_stm32h743xx.o(.text)
    DMAMUX1_OVR_IRQHandler                   0x080002cb   Thumb Code     0  startup_stm32h743xx.o(.text)
    DMAMUX2_OVR_IRQHandler                   0x080002cb   Thumb Code     0  startup_stm32h743xx.o(.text)
    ECC_IRQHandler                           0x080002cb   Thumb Code     0  startup_stm32h743xx.o(.text)
    ETH_IRQHandler                           0x080002cb   Thumb Code     0  startup_stm32h743xx.o(.text)
    ETH_WKUP_IRQHandler                      0x080002cb   Thumb Code     0  startup_stm32h743xx.o(.text)
    EXTI0_IRQHandler                         0x080002cb   Thumb Code     0  startup_stm32h743xx.o(.text)
    EXTI15_10_IRQHandler                     0x080002cb   Thumb Code     0  startup_stm32h743xx.o(.text)
    EXTI1_IRQHandler                         0x080002cb   Thumb Code     0  startup_stm32h743xx.o(.text)
    EXTI2_IRQHandler                         0x080002cb   Thumb Code     0  startup_stm32h743xx.o(.text)
    EXTI3_IRQHandler                         0x080002cb   Thumb Code     0  startup_stm32h743xx.o(.text)
    EXTI4_IRQHandler                         0x080002cb   Thumb Code     0  startup_stm32h743xx.o(.text)
    EXTI9_5_IRQHandler                       0x080002cb   Thumb Code     0  startup_stm32h743xx.o(.text)
    FDCAN1_IT0_IRQHandler                    0x080002cb   Thumb Code     0  startup_stm32h743xx.o(.text)
    FDCAN1_IT1_IRQHandler                    0x080002cb   Thumb Code     0  startup_stm32h743xx.o(.text)
    FDCAN2_IT0_IRQHandler                    0x080002cb   Thumb Code     0  startup_stm32h743xx.o(.text)
    FDCAN2_IT1_IRQHandler                    0x080002cb   Thumb Code     0  startup_stm32h743xx.o(.text)
    FDCAN_CAL_IRQHandler                     0x080002cb   Thumb Code     0  startup_stm32h743xx.o(.text)
    FLASH_IRQHandler                         0x080002cb   Thumb Code     0  startup_stm32h743xx.o(.text)
    FMC_IRQHandler                           0x080002cb   Thumb Code     0  startup_stm32h743xx.o(.text)
    FPU_IRQHandler                           0x080002cb   Thumb Code     0  startup_stm32h743xx.o(.text)
    HRTIM1_FLT_IRQHandler                    0x080002cb   Thumb Code     0  startup_stm32h743xx.o(.text)
    HRTIM1_Master_IRQHandler                 0x080002cb   Thumb Code     0  startup_stm32h743xx.o(.text)
    HRTIM1_TIMA_IRQHandler                   0x080002cb   Thumb Code     0  startup_stm32h743xx.o(.text)
    HRTIM1_TIMB_IRQHandler                   0x080002cb   Thumb Code     0  startup_stm32h743xx.o(.text)
    HRTIM1_TIMC_IRQHandler                   0x080002cb   Thumb Code     0  startup_stm32h743xx.o(.text)
    HRTIM1_TIMD_IRQHandler                   0x080002cb   Thumb Code     0  startup_stm32h743xx.o(.text)
    HRTIM1_TIME_IRQHandler                   0x080002cb   Thumb Code     0  startup_stm32h743xx.o(.text)
    HSEM1_IRQHandler                         0x080002cb   Thumb Code     0  startup_stm32h743xx.o(.text)
    I2C1_ER_IRQHandler                       0x080002cb   Thumb Code     0  startup_stm32h743xx.o(.text)
    I2C1_EV_IRQHandler                       0x080002cb   Thumb Code     0  startup_stm32h743xx.o(.text)
    I2C2_ER_IRQHandler                       0x080002cb   Thumb Code     0  startup_stm32h743xx.o(.text)
    I2C2_EV_IRQHandler                       0x080002cb   Thumb Code     0  startup_stm32h743xx.o(.text)
    I2C3_ER_IRQHandler                       0x080002cb   Thumb Code     0  startup_stm32h743xx.o(.text)
    I2C3_EV_IRQHandler                       0x080002cb   Thumb Code     0  startup_stm32h743xx.o(.text)
    I2C4_ER_IRQHandler                       0x080002cb   Thumb Code     0  startup_stm32h743xx.o(.text)
    I2C4_EV_IRQHandler                       0x080002cb   Thumb Code     0  startup_stm32h743xx.o(.text)
    JPEG_IRQHandler                          0x080002cb   Thumb Code     0  startup_stm32h743xx.o(.text)
    LPTIM1_IRQHandler                        0x080002cb   Thumb Code     0  startup_stm32h743xx.o(.text)
    LPTIM2_IRQHandler                        0x080002cb   Thumb Code     0  startup_stm32h743xx.o(.text)
    LPTIM3_IRQHandler                        0x080002cb   Thumb Code     0  startup_stm32h743xx.o(.text)
    LPTIM4_IRQHandler                        0x080002cb   Thumb Code     0  startup_stm32h743xx.o(.text)
    LPTIM5_IRQHandler                        0x080002cb   Thumb Code     0  startup_stm32h743xx.o(.text)
    LPUART1_IRQHandler                       0x080002cb   Thumb Code     0  startup_stm32h743xx.o(.text)
    LTDC_ER_IRQHandler                       0x080002cb   Thumb Code     0  startup_stm32h743xx.o(.text)
    LTDC_IRQHandler                          0x080002cb   Thumb Code     0  startup_stm32h743xx.o(.text)
    MDIOS_IRQHandler                         0x080002cb   Thumb Code     0  startup_stm32h743xx.o(.text)
    MDIOS_WKUP_IRQHandler                    0x080002cb   Thumb Code     0  startup_stm32h743xx.o(.text)
    MDMA_IRQHandler                          0x080002cb   Thumb Code     0  startup_stm32h743xx.o(.text)
    OTG_FS_EP1_IN_IRQHandler                 0x080002cb   Thumb Code     0  startup_stm32h743xx.o(.text)
    OTG_FS_EP1_OUT_IRQHandler                0x080002cb   Thumb Code     0  startup_stm32h743xx.o(.text)
    OTG_FS_IRQHandler                        0x080002cb   Thumb Code     0  startup_stm32h743xx.o(.text)
    OTG_FS_WKUP_IRQHandler                   0x080002cb   Thumb Code     0  startup_stm32h743xx.o(.text)
    OTG_HS_EP1_IN_IRQHandler                 0x080002cb   Thumb Code     0  startup_stm32h743xx.o(.text)
    OTG_HS_EP1_OUT_IRQHandler                0x080002cb   Thumb Code     0  startup_stm32h743xx.o(.text)
    OTG_HS_IRQHandler                        0x080002cb   Thumb Code     0  startup_stm32h743xx.o(.text)
    OTG_HS_WKUP_IRQHandler                   0x080002cb   Thumb Code     0  startup_stm32h743xx.o(.text)
    PVD_AVD_IRQHandler                       0x080002cb   Thumb Code     0  startup_stm32h743xx.o(.text)
    QUADSPI_IRQHandler                       0x080002cb   Thumb Code     0  startup_stm32h743xx.o(.text)
    RCC_IRQHandler                           0x080002cb   Thumb Code     0  startup_stm32h743xx.o(.text)
    RNG_IRQHandler                           0x080002cb   Thumb Code     0  startup_stm32h743xx.o(.text)
    RTC_Alarm_IRQHandler                     0x080002cb   Thumb Code     0  startup_stm32h743xx.o(.text)
    RTC_WKUP_IRQHandler                      0x080002cb   Thumb Code     0  startup_stm32h743xx.o(.text)
    SAI1_IRQHandler                          0x080002cb   Thumb Code     0  startup_stm32h743xx.o(.text)
    SAI2_IRQHandler                          0x080002cb   Thumb Code     0  startup_stm32h743xx.o(.text)
    SAI3_IRQHandler                          0x080002cb   Thumb Code     0  startup_stm32h743xx.o(.text)
    SAI4_IRQHandler                          0x080002cb   Thumb Code     0  startup_stm32h743xx.o(.text)
    SDMMC1_IRQHandler                        0x080002cb   Thumb Code     0  startup_stm32h743xx.o(.text)
    SDMMC2_IRQHandler                        0x080002cb   Thumb Code     0  startup_stm32h743xx.o(.text)
    SPDIF_RX_IRQHandler                      0x080002cb   Thumb Code     0  startup_stm32h743xx.o(.text)
    SPI1_IRQHandler                          0x080002cb   Thumb Code     0  startup_stm32h743xx.o(.text)
    SPI2_IRQHandler                          0x080002cb   Thumb Code     0  startup_stm32h743xx.o(.text)
    SPI3_IRQHandler                          0x080002cb   Thumb Code     0  startup_stm32h743xx.o(.text)
    SPI4_IRQHandler                          0x080002cb   Thumb Code     0  startup_stm32h743xx.o(.text)
    SPI5_IRQHandler                          0x080002cb   Thumb Code     0  startup_stm32h743xx.o(.text)
    SPI6_IRQHandler                          0x080002cb   Thumb Code     0  startup_stm32h743xx.o(.text)
    SWPMI1_IRQHandler                        0x080002cb   Thumb Code     0  startup_stm32h743xx.o(.text)
    TAMP_STAMP_IRQHandler                    0x080002cb   Thumb Code     0  startup_stm32h743xx.o(.text)
    TIM15_IRQHandler                         0x080002cb   Thumb Code     0  startup_stm32h743xx.o(.text)
    TIM16_IRQHandler                         0x080002cb   Thumb Code     0  startup_stm32h743xx.o(.text)
    TIM17_IRQHandler                         0x080002cb   Thumb Code     0  startup_stm32h743xx.o(.text)
    TIM1_BRK_IRQHandler                      0x080002cb   Thumb Code     0  startup_stm32h743xx.o(.text)
    TIM1_CC_IRQHandler                       0x080002cb   Thumb Code     0  startup_stm32h743xx.o(.text)
    TIM1_TRG_COM_IRQHandler                  0x080002cb   Thumb Code     0  startup_stm32h743xx.o(.text)
    TIM1_UP_IRQHandler                       0x080002cb   Thumb Code     0  startup_stm32h743xx.o(.text)
    TIM2_IRQHandler                          0x080002cb   Thumb Code     0  startup_stm32h743xx.o(.text)
    TIM3_IRQHandler                          0x080002cb   Thumb Code     0  startup_stm32h743xx.o(.text)
    TIM4_IRQHandler                          0x080002cb   Thumb Code     0  startup_stm32h743xx.o(.text)
    TIM5_IRQHandler                          0x080002cb   Thumb Code     0  startup_stm32h743xx.o(.text)
    TIM6_DAC_IRQHandler                      0x080002cb   Thumb Code     0  startup_stm32h743xx.o(.text)
    TIM7_IRQHandler                          0x080002cb   Thumb Code     0  startup_stm32h743xx.o(.text)
    TIM8_BRK_TIM12_IRQHandler                0x080002cb   Thumb Code     0  startup_stm32h743xx.o(.text)
    TIM8_CC_IRQHandler                       0x080002cb   Thumb Code     0  startup_stm32h743xx.o(.text)
    TIM8_TRG_COM_TIM14_IRQHandler            0x080002cb   Thumb Code     0  startup_stm32h743xx.o(.text)
    TIM8_UP_TIM13_IRQHandler                 0x080002cb   Thumb Code     0  startup_stm32h743xx.o(.text)
    UART4_IRQHandler                         0x080002cb   Thumb Code     0  startup_stm32h743xx.o(.text)
    UART5_IRQHandler                         0x080002cb   Thumb Code     0  startup_stm32h743xx.o(.text)
    UART7_IRQHandler                         0x080002cb   Thumb Code     0  startup_stm32h743xx.o(.text)
    UART8_IRQHandler                         0x080002cb   Thumb Code     0  startup_stm32h743xx.o(.text)
    USART1_IRQHandler                        0x080002cb   Thumb Code     0  startup_stm32h743xx.o(.text)
    USART2_IRQHandler                        0x080002cb   Thumb Code     0  startup_stm32h743xx.o(.text)
    USART3_IRQHandler                        0x080002cb   Thumb Code     0  startup_stm32h743xx.o(.text)
    USART6_IRQHandler                        0x080002cb   Thumb Code     0  startup_stm32h743xx.o(.text)
    WAKEUP_PIN_IRQHandler                    0x080002cb   Thumb Code     0  startup_stm32h743xx.o(.text)
    WWDG_IRQHandler                          0x080002cb   Thumb Code     0  startup_stm32h743xx.o(.text)
    __aeabi_uldivmod                         0x080002d5   Thumb Code    98  uldiv.o(.text)
    __aeabi_memcpy                           0x08000337   Thumb Code    36  memcpya.o(.text)
    __aeabi_memcpy4                          0x08000337   Thumb Code     0  memcpya.o(.text)
    __aeabi_memcpy8                          0x08000337   Thumb Code     0  memcpya.o(.text)
    __aeabi_memset                           0x0800035b   Thumb Code    14  memseta.o(.text)
    __aeabi_memset4                          0x0800035b   Thumb Code     0  memseta.o(.text)
    __aeabi_memset8                          0x0800035b   Thumb Code     0  memseta.o(.text)
    __aeabi_memclr                           0x08000369   Thumb Code     4  memseta.o(.text)
    __aeabi_memclr4                          0x08000369   Thumb Code     0  memseta.o(.text)
    __aeabi_memclr8                          0x08000369   Thumb Code     0  memseta.o(.text)
    _memset$wrapper                          0x0800036d   Thumb Code    18  memseta.o(.text)
    __aeabi_uidiv                            0x0800037f   Thumb Code     0  uidiv.o(.text)
    __aeabi_uidivmod                         0x0800037f   Thumb Code    44  uidiv.o(.text)
    __aeabi_llsl                             0x080003ab   Thumb Code    30  llshl.o(.text)
    _ll_shift_l                              0x080003ab   Thumb Code     0  llshl.o(.text)
    __aeabi_llsr                             0x080003c9   Thumb Code    32  llushr.o(.text)
    _ll_ushift_r                             0x080003c9   Thumb Code     0  llushr.o(.text)
    __I$use$fp                               0x080003e9   Thumb Code     0  iusefp.o(.text)
    __aeabi_dadd                             0x080003e9   Thumb Code   322  dadd.o(.text)
    __aeabi_dsub                             0x0800052b   Thumb Code     6  dadd.o(.text)
    __aeabi_drsub                            0x08000531   Thumb Code     6  dadd.o(.text)
    __aeabi_dmul                             0x08000537   Thumb Code   228  dmul.o(.text)
    __aeabi_ddiv                             0x0800061b   Thumb Code   222  ddiv.o(.text)
    _drem                                    0x080006f9   Thumb Code   134  drem.o(.text)
    __aeabi_d2ulz                            0x0800077f   Thumb Code    48  dfixul.o(.text)
    __aeabi_cdrcmple                         0x080007b1   Thumb Code    48  cdrcmple.o(.text)
    __scatterload                            0x080007e1   Thumb Code    28  init.o(.text)
    __scatterload_rt2                        0x080007e1   Thumb Code     0  init.o(.text)
    __aeabi_lasr                             0x08000805   Thumb Code    36  llsshr.o(.text)
    _ll_sshift_r                             0x08000805   Thumb Code     0  llsshr.o(.text)
    _double_round                            0x08000829   Thumb Code    30  depilogue.o(.text)
    _double_epilogue                         0x08000847   Thumb Code   156  depilogue.o(.text)
    ADC_ConfigureBoostMode                   0x080008e5   Thumb Code   234  stm32h7xx_hal_adc.o(i.ADC_ConfigureBoostMode)
    ADC_Enable                               0x080009ed   Thumb Code   142  stm32h7xx_hal_adc.o(i.ADC_Enable)
    BusFault_Handler                         0x08000a91   Thumb Code     2  stm32h7xx_it.o(i.BusFault_Handler)
    DebugMon_Handler                         0x08000a93   Thumb Code     2  stm32h7xx_it.o(i.DebugMon_Handler)
    HAL_ADCEx_MultiModeConfigChannel         0x08000dc9   Thumb Code   270  stm32h7xx_hal_adc_ex.o(i.HAL_ADCEx_MultiModeConfigChannel)
    HAL_ADC_ConfigChannel                    0x08000eed   Thumb Code   930  stm32h7xx_hal_adc.o(i.HAL_ADC_ConfigChannel)
    HAL_ADC_GetState                         0x080012c9   Thumb Code     4  stm32h7xx_hal_adc.o(i.HAL_ADC_GetState)
    HAL_ADC_GetValue                         0x080012cd   Thumb Code     6  stm32h7xx_hal_adc.o(i.HAL_ADC_GetValue)
    HAL_ADC_Init                             0x080012d5   Thumb Code   496  stm32h7xx_hal_adc.o(i.HAL_ADC_Init)
    HAL_ADC_MspInit                          0x080014f9   Thumb Code     2  stm32h7xx_hal_adc.o(i.HAL_ADC_MspInit)
    HAL_ADC_PollForConversion                0x080014fd   Thumb Code   268  stm32h7xx_hal_adc.o(i.HAL_ADC_PollForConversion)
    HAL_ADC_Start                            0x08001619   Thumb Code   242  stm32h7xx_hal_adc.o(i.HAL_ADC_Start)
    HAL_Delay                                0x08001721   Thumb Code    32  stm32h7xx_hal.o(i.HAL_Delay)
    HAL_ETH_Init                             0x08001745   Thumb Code   484  stm32h7xx_hal_eth.o(i.HAL_ETH_Init)
    HAL_ETH_MspInit                          0x08001951   Thumb Code   232  stm32h7xx_hal_msp.o(i.HAL_ETH_MspInit)
    HAL_GPIO_Init                            0x08001a51   Thumb Code   510  stm32h7xx_hal_gpio.o(i.HAL_GPIO_Init)
    HAL_GPIO_WritePin                        0x08001c81   Thumb Code    10  stm32h7xx_hal_gpio.o(i.HAL_GPIO_WritePin)
    HAL_GetREVID                             0x08001c8d   Thumb Code     8  stm32h7xx_hal.o(i.HAL_GetREVID)
    HAL_GetTick                              0x08001c99   Thumb Code     6  stm32h7xx_hal.o(i.HAL_GetTick)
    HAL_I2CEx_ConfigAnalogFilter             0x08001ca5   Thumb Code    88  stm32h7xx_hal_i2c_ex.o(i.HAL_I2CEx_ConfigAnalogFilter)
    HAL_I2CEx_ConfigDigitalFilter            0x08001cfd   Thumb Code    84  stm32h7xx_hal_i2c_ex.o(i.HAL_I2CEx_ConfigDigitalFilter)
    HAL_I2C_Init                             0x08001d51   Thumb Code   180  stm32h7xx_hal_i2c.o(i.HAL_I2C_Init)
    HAL_I2C_Mem_Read                         0x08001e09   Thumb Code   346  stm32h7xx_hal_i2c.o(i.HAL_I2C_Mem_Read)
    HAL_I2C_MspInit                          0x08001f6d   Thumb Code     2  stm32h7xx_hal_i2c.o(i.HAL_I2C_MspInit)
    HAL_IncTick                              0x08001f71   Thumb Code    12  stm32h7xx_hal.o(i.HAL_IncTick)
    HAL_Init                                 0x08001f81   Thumb Code    74  stm32h7xx_hal.o(i.HAL_Init)
    HAL_InitTick                             0x08001fdd   Thumb Code    56  stm32h7xx_hal.o(i.HAL_InitTick)
    HAL_MspInit                              0x0800201d   Thumb Code    22  stm32h7xx_hal_msp.o(i.HAL_MspInit)
    HAL_NVIC_SetPriority                     0x08002039   Thumb Code    60  stm32h7xx_hal_cortex.o(i.HAL_NVIC_SetPriority)
    HAL_NVIC_SetPriorityGrouping             0x08002079   Thumb Code    28  stm32h7xx_hal_cortex.o(i.HAL_NVIC_SetPriorityGrouping)
    HAL_PCDEx_ActivateLPM                    0x0800209d   Thumb Code    34  stm32h7xx_hal_pcd_ex.o(i.HAL_PCDEx_ActivateLPM)
    HAL_PCD_Init                             0x080020c5   Thumb Code   242  stm32h7xx_hal_pcd.o(i.HAL_PCD_Init)
    HAL_PCD_MspInit                          0x080021b9   Thumb Code   110  stm32h7xx_hal_msp.o(i.HAL_PCD_MspInit)
    HAL_PWREx_ConfigSupply                   0x08002235   Thumb Code    78  stm32h7xx_hal_pwr_ex.o(i.HAL_PWREx_ConfigSupply)
    HAL_PWREx_EnableUSBVoltageDetector       0x08002289   Thumb Code    12  stm32h7xx_hal_pwr_ex.o(i.HAL_PWREx_EnableUSBVoltageDetector)
    HAL_RCCEx_GetD3PCLK1Freq                 0x08002299   Thumb Code    26  stm32h7xx_hal_rcc_ex.o(i.HAL_RCCEx_GetD3PCLK1Freq)
    HAL_RCCEx_GetPLL1ClockFreq               0x080022bd   Thumb Code   296  stm32h7xx_hal_rcc_ex.o(i.HAL_RCCEx_GetPLL1ClockFreq)
    HAL_RCCEx_GetPLL2ClockFreq               0x08002401   Thumb Code   296  stm32h7xx_hal_rcc_ex.o(i.HAL_RCCEx_GetPLL2ClockFreq)
    HAL_RCCEx_GetPLL3ClockFreq               0x08002545   Thumb Code   296  stm32h7xx_hal_rcc_ex.o(i.HAL_RCCEx_GetPLL3ClockFreq)
    HAL_RCCEx_GetPeriphCLKFreq               0x08002689   Thumb Code   456  stm32h7xx_hal_rcc_ex.o(i.HAL_RCCEx_GetPeriphCLKFreq)
    HAL_RCCEx_PeriphCLKConfig                0x08002861   Thumb Code  2234  stm32h7xx_hal_rcc_ex.o(i.HAL_RCCEx_PeriphCLKConfig)
    HAL_RCC_ClockConfig                      0x0800311d   Thumb Code   580  stm32h7xx_hal_rcc.o(i.HAL_RCC_ClockConfig)
    HAL_RCC_GetHCLKFreq                      0x08003379   Thumb Code    52  stm32h7xx_hal_rcc.o(i.HAL_RCC_GetHCLKFreq)
    HAL_RCC_GetPCLK1Freq                     0x080033bd   Thumb Code    26  stm32h7xx_hal_rcc.o(i.HAL_RCC_GetPCLK1Freq)
    HAL_RCC_GetPCLK2Freq                     0x080033e1   Thumb Code    26  stm32h7xx_hal_rcc.o(i.HAL_RCC_GetPCLK2Freq)
    HAL_RCC_GetSysClockFreq                  0x08003405   Thumb Code   278  stm32h7xx_hal_rcc.o(i.HAL_RCC_GetSysClockFreq)
    HAL_RCC_OscConfig                        0x0800353d   Thumb Code  1282  stm32h7xx_hal_rcc.o(i.HAL_RCC_OscConfig)
    HAL_SYSCFG_ETHInterfaceSelect            0x08003a45   Thumb Code    14  stm32h7xx_hal.o(i.HAL_SYSCFG_ETHInterfaceSelect)
    HAL_SYSTICK_Config                       0x08003a59   Thumb Code    38  stm32h7xx_hal_cortex.o(i.HAL_SYSTICK_Config)
    HAL_TIMEx_ConfigBreakDeadTime            0x08003a81   Thumb Code   150  stm32h7xx_hal_tim_ex.o(i.HAL_TIMEx_ConfigBreakDeadTime)
    HAL_TIMEx_MasterConfigSynchronization    0x08003b21   Thumb Code   128  stm32h7xx_hal_tim_ex.o(i.HAL_TIMEx_MasterConfigSynchronization)
    HAL_TIM_Base_Init                        0x08003bb9   Thumb Code    98  stm32h7xx_hal_tim.o(i.HAL_TIM_Base_Init)
    HAL_TIM_Base_MspInit                     0x08003c1d   Thumb Code    30  stm32h7xx_hal_msp.o(i.HAL_TIM_Base_MspInit)
    HAL_TIM_ConfigClockSource                0x08003c45   Thumb Code   242  stm32h7xx_hal_tim.o(i.HAL_TIM_ConfigClockSource)
    HAL_TIM_Encoder_Init                     0x08003d3d   Thumb Code   182  stm32h7xx_hal_tim.o(i.HAL_TIM_Encoder_Init)
    HAL_TIM_Encoder_MspInit                  0x08003df9   Thumb Code     2  stm32h7xx_hal_tim.o(i.HAL_TIM_Encoder_MspInit)
    HAL_TIM_MspPostInit                      0x08003dfd   Thumb Code    72  stm32h7xx_hal_msp.o(i.HAL_TIM_MspPostInit)
    HAL_TIM_OC_ConfigChannel                 0x08003e51   Thumb Code   104  stm32h7xx_hal_tim.o(i.HAL_TIM_OC_ConfigChannel)
    HAL_TIM_OC_Init                          0x08003eb9   Thumb Code    98  stm32h7xx_hal_tim.o(i.HAL_TIM_OC_Init)
    HAL_TIM_OC_MspInit                       0x08003f1b   Thumb Code     2  stm32h7xx_hal_tim.o(i.HAL_TIM_OC_MspInit)
    HAL_TIM_PWM_ConfigChannel                0x08003f1d   Thumb Code   286  stm32h7xx_hal_tim.o(i.HAL_TIM_PWM_ConfigChannel)
    HAL_TIM_PWM_Init                         0x0800403b   Thumb Code    98  stm32h7xx_hal_tim.o(i.HAL_TIM_PWM_Init)
    HAL_TIM_PWM_MspInit                      0x0800409d   Thumb Code     2  stm32h7xx_hal_tim.o(i.HAL_TIM_PWM_MspInit)
    HAL_TIM_PWM_Start                        0x080040a1   Thumb Code   190  stm32h7xx_hal_tim.o(i.HAL_TIM_PWM_Start)
    HAL_UARTEx_DisableFifoMode               0x08004179   Thumb Code    64  stm32h7xx_hal_uart_ex.o(i.HAL_UARTEx_DisableFifoMode)
    HAL_UARTEx_SetRxFifoThreshold            0x080041b9   Thumb Code    76  stm32h7xx_hal_uart_ex.o(i.HAL_UARTEx_SetRxFifoThreshold)
    HAL_UARTEx_SetTxFifoThreshold            0x08004205   Thumb Code    76  stm32h7xx_hal_uart_ex.o(i.HAL_UARTEx_SetTxFifoThreshold)
    HAL_UART_Init                            0x08004251   Thumb Code   106  stm32h7xx_hal_uart.o(i.HAL_UART_Init)
    HAL_UART_MspInit                         0x080042bd   Thumb Code    92  stm32h7xx_hal_msp.o(i.HAL_UART_MspInit)
    HAL_UART_Transmit                        0x08004325   Thumb Code   190  stm32h7xx_hal_uart.o(i.HAL_UART_Transmit)
    HardFault_Handler                        0x080043e3   Thumb Code     2  stm32h7xx_it.o(i.HardFault_Handler)
    I2C_getRawCount                          0x0800461d   Thumb Code    52  magneticsensor.o(i.I2C_getRawCount)
    LPF_current_d                            0x080046a5   Thumb Code    40  lowpass_filter.o(i.LPF_current_d)
    LPF_current_q                            0x080046e1   Thumb Code    40  lowpass_filter.o(i.LPF_current_q)
    LPF_velocity                             0x0800471d   Thumb Code    40  lowpass_filter.o(i.LPF_velocity)
    MemManage_Handler                        0x08004bc9   Thumb Code     2  stm32h7xx_it.o(i.MemManage_Handler)
    Motor_init                               0x08004bcd   Thumb Code    60  bldcmotor.o(i.Motor_init)
    NMI_Handler                              0x08004c35   Thumb Code     2  stm32h7xx_it.o(i.NMI_Handler)
    PID_angle                                0x08004c39   Thumb Code   158  pid.o(i.PID_angle)
    PID_current_d                            0x08004ce9   Thumb Code   292  pid.o(i.PID_current_d)
    PID_current_q                            0x08004e21   Thumb Code   292  pid.o(i.PID_current_q)
    PID_init                                 0x08004f59   Thumb Code   124  pid.o(i.PID_init)
    PID_velocity                             0x08004fe5   Thumb Code   286  pid.o(i.PID_velocity)
    PendSV_Handler                           0x08005115   Thumb Code     2  stm32h7xx_it.o(i.PendSV_Handler)
    SVC_Handler                              0x08005359   Thumb Code     2  stm32h7xx_it.o(i.SVC_Handler)
    SysTick_Handler                          0x0800535b   Thumb Code     4  stm32h7xx_it.o(i.SysTick_Handler)
    SystemClock_Config                       0x08005361   Thumb Code   168  main.o(i.SystemClock_Config)
    SystemInit                               0x08005415   Thumb Code   146  system_stm32h7xx.o(i.SystemInit)
    TIM_Base_SetConfig                       0x080054b9   Thumb Code   162  stm32h7xx_hal_tim.o(i.TIM_Base_SetConfig)
    TIM_CCxChannelCmd                        0x0800557d   Thumb Code    26  stm32h7xx_hal_tim.o(i.TIM_CCxChannelCmd)
    TIM_ETR_SetConfig                        0x08005597   Thumb Code    18  stm32h7xx_hal_tim.o(i.TIM_ETR_SetConfig)
    TIM_OC2_SetConfig                        0x08005665   Thumb Code   126  stm32h7xx_hal_tim.o(i.TIM_OC2_SetConfig)
    UART_AdvFeatureConfig                    0x08005979   Thumb Code   200  stm32h7xx_hal_uart.o(i.UART_AdvFeatureConfig)
    UART_CheckIdleState                      0x08005a41   Thumb Code    94  stm32h7xx_hal_uart.o(i.UART_CheckIdleState)
    UART_SetConfig                           0x08005aa1   Thumb Code   878  stm32h7xx_hal_uart.o(i.UART_SetConfig)
    UART_WaitOnFlagUntilTimeout              0x08005e51   Thumb Code   164  stm32h7xx_hal_uart.o(i.UART_WaitOnFlagUntilTimeout)
    USB_CoreInit                             0x08005ef5   Thumb Code   114  stm32h7xx_ll_usb.o(i.USB_CoreInit)
    USB_DevDisconnect                        0x08005fa5   Thumb Code    24  stm32h7xx_ll_usb.o(i.USB_DevDisconnect)
    USB_DevInit                              0x08005fbd   Thumb Code   368  stm32h7xx_ll_usb.o(i.USB_DevInit)
    USB_DisableGlobalInt                     0x08006135   Thumb Code    12  stm32h7xx_ll_usb.o(i.USB_DisableGlobalInt)
    USB_FlushRxFifo                          0x08006141   Thumb Code    28  stm32h7xx_ll_usb.o(i.USB_FlushRxFifo)
    USB_FlushTxFifo                          0x08006161   Thumb Code    32  stm32h7xx_ll_usb.o(i.USB_FlushTxFifo)
    USB_SetCurrentMode                       0x08006185   Thumb Code    46  stm32h7xx_ll_usb.o(i.USB_SetCurrentMode)
    UsageFault_Handler                       0x080061b3   Thumb Code     2  stm32h7xx_it.o(i.UsageFault_Handler)
    __0printf                                0x080061b5   Thumb Code    22  printfa.o(i.__0printf)
    __1printf                                0x080061b5   Thumb Code     0  printfa.o(i.__0printf)
    __2printf                                0x080061b5   Thumb Code     0  printfa.o(i.__0printf)
    __c89printf                              0x080061b5   Thumb Code     0  printfa.o(i.__0printf)
    printf                                   0x080061b5   Thumb Code     0  printfa.o(i.__0printf)
    __ARM_fpclassify                         0x080061d5   Thumb Code    48  fpclassify.o(i.__ARM_fpclassify)
    __hardfp_atan                            0x08006229   Thumb Code   402  atan.o(i.__hardfp_atan)
    __hardfp_atan2                           0x08006429   Thumb Code   392  atan2.o(i.__hardfp_atan2)
    __hardfp_fmod                            0x080065f1   Thumb Code   246  fmod.o(i.__hardfp_fmod)
    __kernel_poly                            0x080066ed   Thumb Code   112  poly.o(i.__kernel_poly)
    __mathlib_dbl_infnan                     0x0800675d   Thumb Code     6  dunder.o(i.__mathlib_dbl_infnan)
    __mathlib_dbl_infnan2                    0x08006763   Thumb Code     6  dunder.o(i.__mathlib_dbl_infnan2)
    __mathlib_dbl_invalid                    0x08006769   Thumb Code    10  dunder.o(i.__mathlib_dbl_invalid)
    __mathlib_dbl_underflow                  0x08006781   Thumb Code    10  dunder.o(i.__mathlib_dbl_underflow)
    __scatterload_copy                       0x08006799   Thumb Code    14  handlers.o(i.__scatterload_copy)
    __scatterload_null                       0x080067a7   Thumb Code     2  handlers.o(i.__scatterload_null)
    __scatterload_zeroinit                   0x080067a9   Thumb Code    14  handlers.o(i.__scatterload_zeroinit)
    __set_errno                              0x080067b9   Thumb Code     6  errno.o(i.__set_errno)
    _cos                                     0x080067c5   Thumb Code    62  foc_utils.o(i._cos)
    _electricalAngle                         0x08006819   Thumb Code    14  foc_utils.o(i._electricalAngle)
    _normalizeAngle                          0x080069ad   Thumb Code    54  foc_utils.o(i._normalizeAngle)
    _readADCVoltage                          0x080070f5   Thumb Code    36  adc.o(i._readADCVoltage)
    _sin                                     0x08007129   Thumb Code   268  foc_utils.o(i._sin)
    _sqrtApprox                              0x08007265   Thumb Code    20  foc_utils.o(i._sqrtApprox)
    analogRead                               0x0800727d   Thumb Code    40  adc.o(i.analogRead)
    angleOpenloop                            0x080072a9   Thumb Code   220  bldcmotor.o(i.angleOpenloop)
    atan                                     0x0800739d   Thumb Code    16  atan.o(i.atan)
    electricalAngle                          0x080073ad   Thumb Code    36  focmotor.o(i.electricalAngle)
    fabs                                     0x080073d9   Thumb Code    24  fabs.o(i.fabs)
    fputc                                    0x080073f1   Thumb Code    24  usart.o(i.fputc)
    getAngle                                 0x0800740d   Thumb Code   132  magneticsensor.o(i.getAngle)
    getDCCurrent                             0x080074ad   Thumb Code   132  currentsense.o(i.getDCCurrent)
    getFOCCurrents                           0x08007541   Thumb Code    96  currentsense.o(i.getFOCCurrents)
    getPhaseCurrents                         0x080075b1   Thumb Code    62  inlinecurrentsense.o(i.getPhaseCurrents)
    getVelocity                              0x080075f9   Thumb Code   116  magneticsensor.o(i.getVelocity)
    loopFOC                                  0x0800767d   Thumb Code   206  bldcmotor.o(i.loopFOC)
    main                                     0x08007791   Thumb Code   166  main.o(i.main)
    move                                     0x08007871   Thumb Code   234  bldcmotor.o(i.move)
    setPhaseVoltage                          0x08007985   Thumb Code   520  bldcmotor.o(i.setPhaseVoltage)
    shaftAngle                               0x08007bc9   Thumb Code    32  focmotor.o(i.shaftAngle)
    shaftVelocity                            0x08007bf1   Thumb Code    26  focmotor.o(i.shaftVelocity)
    velocityOpenloop                         0x08007c11   Thumb Code   148  bldcmotor.o(i.velocityOpenloop)
    UARTPrescTable                           0x08007cbc   Data          24  stm32h7xx_hal_uart.o(.constdata)
    D1CorePrescTable                         0x08007cd4   Data          16  system_stm32h7xx.o(.constdata)
    sine_array                               0x08007ce4   Data         800  foc_utils.o(.constdata)
    __mathlib_zero                           0x080080a0   Data           8  qnan.o(.constdata)
    Region$$Table$$Base                      0x080080a8   Number         0  anon$$obj.o(Region$$Table)
    Region$$Table$$Limit                     0x080080c8   Number         0  anon$$obj.o(Region$$Table)
    ch                                       0x20000000   Data           1  main.o(.data)
    v                                        0x20000001   Data           3  main.o(.data)
    target                                   0x20000004   Data           4  main.o(.data)
    uwTickFreq                               0x20000008   Data           1  stm32h7xx_hal.o(.data)
    uwTickPrio                               0x2000000c   Data           4  stm32h7xx_hal.o(.data)
    uwTick                                   0x20000010   Data           4  stm32h7xx_hal.o(.data)
    SystemCoreClock                          0x20000014   Data           4  system_stm32h7xx.o(.data)
    SystemD2Clock                            0x20000018   Data           4  system_stm32h7xx.o(.data)
    sensor_direction                         0x2000001c   Data           4  bldcmotor.o(.data)
    voltage_power_supply                     0x20000020   Data           4  bldcmotor.o(.data)
    voltage_limit                            0x20000024   Data           4  bldcmotor.o(.data)
    voltage_sensor_align                     0x20000028   Data           4  bldcmotor.o(.data)
    pole_pairs                               0x2000002c   Data           4  bldcmotor.o(.data)
    open_loop_timestamp                      0x20000030   Data           4  bldcmotor.o(.data)
    velocity_limit                           0x20000034   Data           4  bldcmotor.o(.data)
    current_limit                            0x20000038   Data           4  bldcmotor.o(.data)
    sensor_offset                            0x2000003c   Data           4  focmotor.o(.data)
    shaft_angle                              0x20000040   Data           4  focmotor.o(.data)
    zero_electric_angle                      0x20000044   Data           4  focmotor.o(.data)
    electrical_angle                         0x20000048   Data           4  focmotor.o(.data)
    shaft_velocity                           0x2000004c   Data           4  focmotor.o(.data)
    current_sp                               0x20000050   Data           4  focmotor.o(.data)
    shaft_velocity_sp                        0x20000054   Data           4  focmotor.o(.data)
    shaft_angle_sp                           0x20000058   Data           4  focmotor.o(.data)
    voltage                                  0x2000005c   Data           8  focmotor.o(.data)
    current                                  0x20000064   Data           8  focmotor.o(.data)
    torque_controller                        0x2000006c   Data           1  focmotor.o(.data)
    controller                               0x2000006d   Data           1  focmotor.o(.data)
    y_vel_prev                               0x20000070   Data           4  lowpass_filter.o(.data)
    y_current_q_prev                         0x20000074   Data           4  lowpass_filter.o(.data)
    y_current_d_prev                         0x20000078   Data           4  lowpass_filter.o(.data)
    pid_vel_P                                0x2000007c   Data           4  pid.o(.data)
    pid_ang_P                                0x20000080   Data           4  pid.o(.data)
    pid_cur_P                                0x20000084   Data           4  pid.o(.data)
    pid_vel_I                                0x20000088   Data           4  pid.o(.data)
    pid_ang_D                                0x2000008c   Data           4  pid.o(.data)
    pid_cur_I                                0x20000090   Data           4  pid.o(.data)
    integral_vel_prev                        0x20000094   Data           4  pid.o(.data)
    integral_cur_q_prev                      0x20000098   Data           4  pid.o(.data)
    integral_cur_d_prev                      0x2000009c   Data           4  pid.o(.data)
    error_vel_prev                           0x200000a0   Data           4  pid.o(.data)
    error_ang_prev                           0x200000a4   Data           4  pid.o(.data)
    error_cur_q_prev                         0x200000a8   Data           4  pid.o(.data)
    error_cur_d_prev                         0x200000ac   Data           4  pid.o(.data)
    output_vel_ramp                          0x200000b0   Data           4  pid.o(.data)
    output_cur_ramp                          0x200000b4   Data           4  pid.o(.data)
    output_vel_prev                          0x200000b8   Data           4  pid.o(.data)
    output_cur_q_prev                        0x200000bc   Data           4  pid.o(.data)
    output_cur_d_prev                        0x200000c0   Data           4  pid.o(.data)
    pid_vel_timestamp                        0x200000c4   Data           4  pid.o(.data)
    pid_ang_timestamp                        0x200000c8   Data           4  pid.o(.data)
    pid_cur_q_timestamp                      0x200000cc   Data           4  pid.o(.data)
    pid_cur_d_timestamp                      0x200000d0   Data           4  pid.o(.data)
    pinA                                     0x200000d4   Data           4  inlinecurrentsense.o(.data)
    pinB                                     0x200000d8   Data           4  inlinecurrentsense.o(.data)
    gain_a                                   0x200000dc   Data           4  inlinecurrentsense.o(.data)
    gain_b                                   0x200000e0   Data           4  inlinecurrentsense.o(.data)
    offset_ia                                0x200000e4   Data           4  inlinecurrentsense.o(.data)
    offset_ib                                0x200000e8   Data           4  inlinecurrentsense.o(.data)
    cpr                                      0x200000ec   Data           4  magneticsensor.o(.data)
    full_rotation_offset                     0x200000f0   Data           4  magneticsensor.o(.data)
    angle_data_prev                          0x200000f4   Data           4  magneticsensor.o(.data)
    velocity_calc_timestamp                  0x200000f8   Data           4  magneticsensor.o(.data)
    angle_prev                               0x200000fc   Data           4  magneticsensor.o(.data)
    __stdout                                 0x20000100   Data           4  usart.o(.data)
    TxConfig                                 0x20000108   Data          52  main.o(.bss)
    hadc1                                    0x2000013c   Data         100  main.o(.bss)
    heth                                     0x200001a0   Data         112  main.o(.bss)
    htim1                                    0x20000210   Data          76  main.o(.bss)
    htim4                                    0x2000025c   Data          76  main.o(.bss)
    htim5                                    0x200002a8   Data          76  main.o(.bss)
    hi2c4                                    0x200002f4   Data          76  main.o(.bss)
    hpcd_USB_OTG_FS                          0x20000340   Data        1032  main.o(.bss)
    huart3                                   0x20000748   Data         140  usart.o(.bss)
    __initial_sp                             0x20000bd8   Data           0  startup_stm32h743xx.o(STACK)
    DMARxDscrTab                             0x30040000   Data          96  main.o(.ARM.__AT_0x30040000)
    DMATxDscrTab                             0x30040060   Data          96  main.o(.ARM.__AT_0x30040060)
    Rx_Buff                                  0x30040200   Data        6112  main.o(.ARM.__AT_0x30040200)



==============================================================================

Memory Map of the image

  Image Entry point : 0x08000299

  Load Region LR_IROM1 (Base: 0x08000000, Size: 0x000081d0, Max: 0x00200000, ABSOLUTE)

    Execution Region ER_IROM1 (Exec base: 0x08000000, Load base: 0x08000000, Size: 0x000080c8, Max: 0x00200000, ABSOLUTE)

    Exec Addr    Load Addr    Size         Type   Attr      Idx    E Section Name        Object

    0x08000000   0x08000000   0x00000298   Data   RO            3    RESET               startup_stm32h743xx.o
    0x08000298   0x08000298   0x00000000   Code   RO         6404  * .ARM.Collect$$$$00000000  mc_w.l(entry.o)
    0x08000298   0x08000298   0x00000004   Code   RO         6716    .ARM.Collect$$$$00000001  mc_w.l(entry2.o)
    0x0800029c   0x0800029c   0x00000004   Code   RO         6719    .ARM.Collect$$$$00000004  mc_w.l(entry5.o)
    0x080002a0   0x080002a0   0x00000000   Code   RO         6721    .ARM.Collect$$$$00000008  mc_w.l(entry7b.o)
    0x080002a0   0x080002a0   0x00000000   Code   RO         6723    .ARM.Collect$$$$0000000A  mc_w.l(entry8b.o)
    0x080002a0   0x080002a0   0x00000008   Code   RO         6724    .ARM.Collect$$$$0000000B  mc_w.l(entry9a.o)
    0x080002a8   0x080002a8   0x00000004   Code   RO         6731    .ARM.Collect$$$$0000000E  mc_w.l(entry12b.o)
    0x080002ac   0x080002ac   0x00000000   Code   RO         6726    .ARM.Collect$$$$0000000F  mc_w.l(entry10a.o)
    0x080002ac   0x080002ac   0x00000000   Code   RO         6728    .ARM.Collect$$$$00000011  mc_w.l(entry11a.o)
    0x080002ac   0x080002ac   0x00000004   Code   RO         6717    .ARM.Collect$$$$00002712  mc_w.l(entry2.o)
    0x080002b0   0x080002b0   0x00000024   Code   RO            4    .text               startup_stm32h743xx.o
    0x080002d4   0x080002d4   0x00000062   Code   RO         6412    .text               mc_w.l(uldiv.o)
    0x08000336   0x08000336   0x00000024   Code   RO         6414    .text               mc_w.l(memcpya.o)
    0x0800035a   0x0800035a   0x00000024   Code   RO         6416    .text               mc_w.l(memseta.o)
    0x0800037e   0x0800037e   0x0000002c   Code   RO         6732    .text               mc_w.l(uidiv.o)
    0x080003aa   0x080003aa   0x0000001e   Code   RO         6734    .text               mc_w.l(llshl.o)
    0x080003c8   0x080003c8   0x00000020   Code   RO         6736    .text               mc_w.l(llushr.o)
    0x080003e8   0x080003e8   0x00000000   Code   RO         6747    .text               mc_w.l(iusefp.o)
    0x080003e8   0x080003e8   0x0000014e   Code   RO         6748    .text               mf_w.l(dadd.o)
    0x08000536   0x08000536   0x000000e4   Code   RO         6750    .text               mf_w.l(dmul.o)
    0x0800061a   0x0800061a   0x000000de   Code   RO         6752    .text               mf_w.l(ddiv.o)
    0x080006f8   0x080006f8   0x00000086   Code   RO         6754    .text               mf_w.l(drem.o)
    0x0800077e   0x0800077e   0x00000030   Code   RO         6756    .text               mf_w.l(dfixul.o)
    0x080007ae   0x080007ae   0x00000002   PAD
    0x080007b0   0x080007b0   0x00000030   Code   RO         6758    .text               mf_w.l(cdrcmple.o)
    0x080007e0   0x080007e0   0x00000024   Code   RO         6764    .text               mc_w.l(init.o)
    0x08000804   0x08000804   0x00000024   Code   RO         6766    .text               mc_w.l(llsshr.o)
    0x08000828   0x08000828   0x000000ba   Code   RO         6776    .text               mf_w.l(depilogue.o)
    0x080008e2   0x080008e2   0x00000002   PAD
    0x080008e4   0x080008e4   0x00000108   Code   RO         5407    i.ADC_ConfigureBoostMode  stm32h7xx_hal_adc.o
    0x080009ec   0x080009ec   0x000000a4   Code   RO         5413    i.ADC_Enable        stm32h7xx_hal_adc.o
    0x08000a90   0x08000a90   0x00000002   Code   RO          304    i.BusFault_Handler  stm32h7xx_it.o
    0x08000a92   0x08000a92   0x00000002   Code   RO          305    i.DebugMon_Handler  stm32h7xx_it.o
    0x08000a94   0x08000a94   0x000000d8   Code   RO          600    i.ETH_MACDMAConfig  stm32h7xx_hal_eth.o
    0x08000b6c   0x08000b6c   0x000000b4   Code   RO          602    i.ETH_SetDMAConfig  stm32h7xx_hal_eth.o
    0x08000c20   0x08000c20   0x000001a8   Code   RO          603    i.ETH_SetMACConfig  stm32h7xx_hal_eth.o
    0x08000dc8   0x08000dc8   0x00000124   Code   RO         5649    i.HAL_ADCEx_MultiModeConfigChannel  stm32h7xx_hal_adc_ex.o
    0x08000eec   0x08000eec   0x000003dc   Code   RO         5415    i.HAL_ADC_ConfigChannel  stm32h7xx_hal_adc.o
    0x080012c8   0x080012c8   0x00000004   Code   RO         5421    i.HAL_ADC_GetState  stm32h7xx_hal_adc.o
    0x080012cc   0x080012cc   0x00000006   Code   RO         5422    i.HAL_ADC_GetValue  stm32h7xx_hal_adc.o
    0x080012d2   0x080012d2   0x00000002   PAD
    0x080012d4   0x080012d4   0x00000224   Code   RO         5424    i.HAL_ADC_Init      stm32h7xx_hal_adc.o
    0x080014f8   0x080014f8   0x00000002   Code   RO         5427    i.HAL_ADC_MspInit   stm32h7xx_hal_adc.o
    0x080014fa   0x080014fa   0x00000002   PAD
    0x080014fc   0x080014fc   0x0000011c   Code   RO         5428    i.HAL_ADC_PollForConversion  stm32h7xx_hal_adc.o
    0x08001618   0x08001618   0x00000108   Code   RO         5430    i.HAL_ADC_Start     stm32h7xx_hal_adc.o
    0x08001720   0x08001720   0x00000024   Code   RO         4490    i.HAL_Delay         stm32h7xx_hal.o
    0x08001744   0x08001744   0x0000020c   Code   RO          623    i.HAL_ETH_Init      stm32h7xx_hal_eth.o
    0x08001950   0x08001950   0x00000100   Code   RO          382    i.HAL_ETH_MspInit   stm32h7xx_hal_msp.o
    0x08001a50   0x08001a50   0x00000230   Code   RO         3629    i.HAL_GPIO_Init     stm32h7xx_hal_gpio.o
    0x08001c80   0x08001c80   0x0000000a   Code   RO         3633    i.HAL_GPIO_WritePin  stm32h7xx_hal_gpio.o
    0x08001c8a   0x08001c8a   0x00000002   PAD
    0x08001c8c   0x08001c8c   0x0000000c   Code   RO         4505    i.HAL_GetREVID      stm32h7xx_hal.o
    0x08001c98   0x08001c98   0x0000000c   Code   RO         4506    i.HAL_GetTick       stm32h7xx_hal.o
    0x08001ca4   0x08001ca4   0x00000058   Code   RO         5281    i.HAL_I2CEx_ConfigAnalogFilter  stm32h7xx_hal_i2c_ex.o
    0x08001cfc   0x08001cfc   0x00000054   Code   RO         5282    i.HAL_I2CEx_ConfigDigitalFilter  stm32h7xx_hal_i2c_ex.o
    0x08001d50   0x08001d50   0x000000b8   Code   RO         4830    i.HAL_I2C_Init      stm32h7xx_hal_i2c.o
    0x08001e08   0x08001e08   0x00000164   Code   RO         4848    i.HAL_I2C_Mem_Read  stm32h7xx_hal_i2c.o
    0x08001f6c   0x08001f6c   0x00000002   Code   RO         4855    i.HAL_I2C_MspInit   stm32h7xx_hal_i2c.o
    0x08001f6e   0x08001f6e   0x00000002   PAD
    0x08001f70   0x08001f70   0x00000010   Code   RO         4512    i.HAL_IncTick       stm32h7xx_hal.o
    0x08001f80   0x08001f80   0x0000005c   Code   RO         4513    i.HAL_Init          stm32h7xx_hal.o
    0x08001fdc   0x08001fdc   0x00000040   Code   RO         4514    i.HAL_InitTick      stm32h7xx_hal.o
    0x0800201c   0x0800201c   0x0000001c   Code   RO          383    i.HAL_MspInit       stm32h7xx_hal_msp.o
    0x08002038   0x08002038   0x00000040   Code   RO          471    i.HAL_NVIC_SetPriority  stm32h7xx_hal_cortex.o
    0x08002078   0x08002078   0x00000024   Code   RO          472    i.HAL_NVIC_SetPriorityGrouping  stm32h7xx_hal_cortex.o
    0x0800209c   0x0800209c   0x00000028   Code   RO         2763    i.HAL_PCDEx_ActivateLPM  stm32h7xx_hal_pcd_ex.o
    0x080020c4   0x080020c4   0x000000f2   Code   RO         2563    i.HAL_PCD_Init      stm32h7xx_hal_pcd.o
    0x080021b6   0x080021b6   0x00000002   PAD
    0x080021b8   0x080021b8   0x0000007c   Code   RO          385    i.HAL_PCD_MspInit   stm32h7xx_hal_msp.o
    0x08002234   0x08002234   0x00000054   Code   RO         4230    i.HAL_PWREx_ConfigSupply  stm32h7xx_hal_pwr_ex.o
    0x08002288   0x08002288   0x00000010   Code   RO         4247    i.HAL_PWREx_EnableUSBVoltageDetector  stm32h7xx_hal_pwr_ex.o
    0x08002298   0x08002298   0x00000024   Code   RO         3250    i.HAL_RCCEx_GetD3PCLK1Freq  stm32h7xx_hal_rcc_ex.o
    0x080022bc   0x080022bc   0x00000144   Code   RO         3251    i.HAL_RCCEx_GetPLL1ClockFreq  stm32h7xx_hal_rcc_ex.o
    0x08002400   0x08002400   0x00000144   Code   RO         3252    i.HAL_RCCEx_GetPLL2ClockFreq  stm32h7xx_hal_rcc_ex.o
    0x08002544   0x08002544   0x00000144   Code   RO         3253    i.HAL_RCCEx_GetPLL3ClockFreq  stm32h7xx_hal_rcc_ex.o
    0x08002688   0x08002688   0x000001d8   Code   RO         3255    i.HAL_RCCEx_GetPeriphCLKFreq  stm32h7xx_hal_rcc_ex.o
    0x08002860   0x08002860   0x000008ba   Code   RO         3259    i.HAL_RCCEx_PeriphCLKConfig  stm32h7xx_hal_rcc_ex.o
    0x0800311a   0x0800311a   0x00000002   PAD
    0x0800311c   0x0800311c   0x0000025c   Code   RO         3135    i.HAL_RCC_ClockConfig  stm32h7xx_hal_rcc.o
    0x08003378   0x08003378   0x00000044   Code   RO         3140    i.HAL_RCC_GetHCLKFreq  stm32h7xx_hal_rcc.o
    0x080033bc   0x080033bc   0x00000024   Code   RO         3142    i.HAL_RCC_GetPCLK1Freq  stm32h7xx_hal_rcc.o
    0x080033e0   0x080033e0   0x00000024   Code   RO         3143    i.HAL_RCC_GetPCLK2Freq  stm32h7xx_hal_rcc.o
    0x08003404   0x08003404   0x00000138   Code   RO         3144    i.HAL_RCC_GetSysClockFreq  stm32h7xx_hal_rcc.o
    0x0800353c   0x0800353c   0x00000508   Code   RO         3147    i.HAL_RCC_OscConfig  stm32h7xx_hal_rcc.o
    0x08003a44   0x08003a44   0x00000014   Code   RO         4525    i.HAL_SYSCFG_ETHInterfaceSelect  stm32h7xx_hal.o
    0x08003a58   0x08003a58   0x00000026   Code   RO          476    i.HAL_SYSTICK_Config  stm32h7xx_hal_cortex.o
    0x08003a7e   0x08003a7e   0x00000002   PAD
    0x08003a80   0x08003a80   0x000000a0   Code   RO         1760    i.HAL_TIMEx_ConfigBreakDeadTime  stm32h7xx_hal_tim_ex.o
    0x08003b20   0x08003b20   0x00000098   Code   RO         1778    i.HAL_TIMEx_MasterConfigSynchronization  stm32h7xx_hal_tim_ex.o
    0x08003bb8   0x08003bb8   0x00000062   Code   RO         1042    i.HAL_TIM_Base_Init  stm32h7xx_hal_tim.o
    0x08003c1a   0x08003c1a   0x00000002   PAD
    0x08003c1c   0x08003c1c   0x00000028   Code   RO          387    i.HAL_TIM_Base_MspInit  stm32h7xx_hal_msp.o
    0x08003c44   0x08003c44   0x000000f8   Code   RO         1051    i.HAL_TIM_ConfigClockSource  stm32h7xx_hal_tim.o
    0x08003d3c   0x08003d3c   0x000000bc   Code   RO         1063    i.HAL_TIM_Encoder_Init  stm32h7xx_hal_tim.o
    0x08003df8   0x08003df8   0x00000002   Code   RO         1065    i.HAL_TIM_Encoder_MspInit  stm32h7xx_hal_tim.o
    0x08003dfa   0x08003dfa   0x00000002   PAD
    0x08003dfc   0x08003dfc   0x00000054   Code   RO          388    i.HAL_TIM_MspPostInit  stm32h7xx_hal_msp.o
    0x08003e50   0x08003e50   0x00000068   Code   RO         1091    i.HAL_TIM_OC_ConfigChannel  stm32h7xx_hal_tim.o
    0x08003eb8   0x08003eb8   0x00000062   Code   RO         1095    i.HAL_TIM_OC_Init   stm32h7xx_hal_tim.o
    0x08003f1a   0x08003f1a   0x00000002   Code   RO         1097    i.HAL_TIM_OC_MspInit  stm32h7xx_hal_tim.o
    0x08003f1c   0x08003f1c   0x0000011e   Code   RO         1114    i.HAL_TIM_PWM_ConfigChannel  stm32h7xx_hal_tim.o
    0x0800403a   0x0800403a   0x00000062   Code   RO         1117    i.HAL_TIM_PWM_Init  stm32h7xx_hal_tim.o
    0x0800409c   0x0800409c   0x00000002   Code   RO         1119    i.HAL_TIM_PWM_MspInit  stm32h7xx_hal_tim.o
    0x0800409e   0x0800409e   0x00000002   PAD
    0x080040a0   0x080040a0   0x000000d8   Code   RO         1122    i.HAL_TIM_PWM_Start  stm32h7xx_hal_tim.o
    0x08004178   0x08004178   0x00000040   Code   RO         2449    i.HAL_UARTEx_DisableFifoMode  stm32h7xx_hal_uart_ex.o
    0x080041b8   0x080041b8   0x0000004c   Code   RO         2454    i.HAL_UARTEx_SetRxFifoThreshold  stm32h7xx_hal_uart_ex.o
    0x08004204   0x08004204   0x0000004c   Code   RO         2455    i.HAL_UARTEx_SetTxFifoThreshold  stm32h7xx_hal_uart_ex.o
    0x08004250   0x08004250   0x0000006a   Code   RO         2075    i.HAL_UART_Init     stm32h7xx_hal_uart.o
    0x080042ba   0x080042ba   0x00000002   PAD
    0x080042bc   0x080042bc   0x00000068   Code   RO          390    i.HAL_UART_MspInit  stm32h7xx_hal_msp.o
    0x08004324   0x08004324   0x000000be   Code   RO         2084    i.HAL_UART_Transmit  stm32h7xx_hal_uart.o
    0x080043e2   0x080043e2   0x00000002   Code   RO          306    i.HardFault_Handler  stm32h7xx_it.o
    0x080043e4   0x080043e4   0x00000022   Code   RO         4877    i.I2C_Flush_TXDR    stm32h7xx_hal_i2c.o
    0x08004406   0x08004406   0x00000002   PAD
    0x08004408   0x08004408   0x00000088   Code   RO         4885    i.I2C_IsAcknowledgeFailed  stm32h7xx_hal_i2c.o
    0x08004490   0x08004490   0x00000064   Code   RO         4888    i.I2C_RequestMemoryRead  stm32h7xx_hal_i2c.o
    0x080044f4   0x080044f4   0x0000002c   Code   RO         4892    i.I2C_TransferConfig  stm32h7xx_hal_i2c.o
    0x08004520   0x08004520   0x0000005a   Code   RO         4894    i.I2C_WaitOnFlagUntilTimeout  stm32h7xx_hal_i2c.o
    0x0800457a   0x0800457a   0x0000004e   Code   RO         4896    i.I2C_WaitOnSTOPFlagUntilTimeout  stm32h7xx_hal_i2c.o
    0x080045c8   0x080045c8   0x00000052   Code   RO         4897    i.I2C_WaitOnTXISFlagUntilTimeout  stm32h7xx_hal_i2c.o
    0x0800461a   0x0800461a   0x00000002   PAD
    0x0800461c   0x0800461c   0x00000040   Code   RO         6248    i.I2C_getRawCount   magneticsensor.o
    0x0800465c   0x0800465c   0x00000008   Code   RO         5436    i.LL_ADC_INJ_IsConversionOngoing  stm32h7xx_hal_adc.o
    0x08004664   0x08004664   0x00000008   Code   RO         5437    i.LL_ADC_REG_IsConversionOngoing  stm32h7xx_hal_adc.o
    0x0800466c   0x0800466c   0x00000008   Code   RO         5659    i.LL_ADC_REG_IsConversionOngoing  stm32h7xx_hal_adc_ex.o
    0x08004674   0x08004674   0x00000010   Code   RO         5438    i.LL_ADC_REG_IsTriggerSourceSWStart  stm32h7xx_hal_adc.o
    0x08004684   0x08004684   0x0000001e   Code   RO         5440    i.LL_ADC_SetChannelSamplingTime  stm32h7xx_hal_adc.o
    0x080046a2   0x080046a2   0x00000002   PAD
    0x080046a4   0x080046a4   0x0000003c   Code   RO         6083    i.LPF_current_d     lowpass_filter.o
    0x080046e0   0x080046e0   0x0000003c   Code   RO         6084    i.LPF_current_q     lowpass_filter.o
    0x0800471c   0x0800471c   0x0000003c   Code   RO         6085    i.LPF_velocity      lowpass_filter.o
    0x08004758   0x08004758   0x00000078   Code   RO           14    i.MX_ADC1_Init      main.o
    0x080047d0   0x080047d0   0x0000006c   Code   RO           15    i.MX_ETH_Init       main.o
    0x0800483c   0x0800483c   0x00000124   Code   RO           16    i.MX_GPIO_Init      main.o
    0x08004960   0x08004960   0x00000044   Code   RO           17    i.MX_I2C4_Init      main.o
    0x080049a4   0x080049a4   0x000000c4   Code   RO           18    i.MX_TIM1_Init      main.o
    0x08004a68   0x08004a68   0x00000088   Code   RO           19    i.MX_TIM4_Init      main.o
    0x08004af0   0x08004af0   0x00000058   Code   RO           20    i.MX_TIM5_Init      main.o
    0x08004b48   0x08004b48   0x0000004c   Code   RO           21    i.MX_USART3_UART_Init  main.o
    0x08004b94   0x08004b94   0x00000034   Code   RO           22    i.MX_USB_OTG_FS_PCD_Init  main.o
    0x08004bc8   0x08004bc8   0x00000002   Code   RO          307    i.MemManage_Handler  stm32h7xx_it.o
    0x08004bca   0x08004bca   0x00000002   PAD
    0x08004bcc   0x08004bcc   0x00000068   Code   RO         5896    i.Motor_init        bldcmotor.o
    0x08004c34   0x08004c34   0x00000002   Code   RO          308    i.NMI_Handler       stm32h7xx_it.o
    0x08004c36   0x08004c36   0x00000002   PAD
    0x08004c38   0x08004c38   0x000000b0   Code   RO         6122    i.PID_angle         pid.o
    0x08004ce8   0x08004ce8   0x00000138   Code   RO         6123    i.PID_current_d     pid.o
    0x08004e20   0x08004e20   0x00000138   Code   RO         6124    i.PID_current_q     pid.o
    0x08004f58   0x08004f58   0x0000008c   Code   RO         6125    i.PID_init          pid.o
    0x08004fe4   0x08004fe4   0x00000130   Code   RO         6126    i.PID_velocity      pid.o
    0x08005114   0x08005114   0x00000002   Code   RO          309    i.PendSV_Handler    stm32h7xx_it.o
    0x08005116   0x08005116   0x00000002   PAD
    0x08005118   0x08005118   0x00000120   Code   RO         3262    i.RCCEx_PLL2_Config  stm32h7xx_hal_rcc_ex.o
    0x08005238   0x08005238   0x00000120   Code   RO         3263    i.RCCEx_PLL3_Config  stm32h7xx_hal_rcc_ex.o
    0x08005358   0x08005358   0x00000002   Code   RO          310    i.SVC_Handler       stm32h7xx_it.o
    0x0800535a   0x0800535a   0x00000004   Code   RO          311    i.SysTick_Handler   stm32h7xx_it.o
    0x0800535e   0x0800535e   0x00000002   PAD
    0x08005360   0x08005360   0x000000b4   Code   RO           23    i.SystemClock_Config  main.o
    0x08005414   0x08005414   0x000000a4   Code   RO         5859    i.SystemInit        system_stm32h7xx.o
    0x080054b8   0x080054b8   0x000000c4   Code   RO         1135    i.TIM_Base_SetConfig  stm32h7xx_hal_tim.o
    0x0800557c   0x0800557c   0x0000001a   Code   RO         1136    i.TIM_CCxChannelCmd  stm32h7xx_hal_tim.o
    0x08005596   0x08005596   0x00000012   Code   RO         1146    i.TIM_ETR_SetConfig  stm32h7xx_hal_tim.o
    0x080055a8   0x080055a8   0x00000014   Code   RO         1147    i.TIM_ITRx_SetConfig  stm32h7xx_hal_tim.o
    0x080055bc   0x080055bc   0x000000a8   Code   RO         1148    i.TIM_OC1_SetConfig  stm32h7xx_hal_tim.o
    0x08005664   0x08005664   0x00000098   Code   RO         1149    i.TIM_OC2_SetConfig  stm32h7xx_hal_tim.o
    0x080056fc   0x080056fc   0x0000008c   Code   RO         1150    i.TIM_OC3_SetConfig  stm32h7xx_hal_tim.o
    0x08005788   0x08005788   0x0000006c   Code   RO         1151    i.TIM_OC4_SetConfig  stm32h7xx_hal_tim.o
    0x080057f4   0x080057f4   0x0000006c   Code   RO         1152    i.TIM_OC5_SetConfig  stm32h7xx_hal_tim.o
    0x08005860   0x08005860   0x0000006c   Code   RO         1153    i.TIM_OC6_SetConfig  stm32h7xx_hal_tim.o
    0x080058cc   0x080058cc   0x00000022   Code   RO         1155    i.TIM_TI1_ConfigInputStage  stm32h7xx_hal_tim.o
    0x080058ee   0x080058ee   0x00000024   Code   RO         1157    i.TIM_TI2_ConfigInputStage  stm32h7xx_hal_tim.o
    0x08005912   0x08005912   0x00000002   PAD
    0x08005914   0x08005914   0x00000064   Code   RO         2459    i.UARTEx_SetNbDataToProcess  stm32h7xx_hal_uart_ex.o
    0x08005978   0x08005978   0x000000c8   Code   RO         2089    i.UART_AdvFeatureConfig  stm32h7xx_hal_uart.o
    0x08005a40   0x08005a40   0x0000005e   Code   RO         2090    i.UART_CheckIdleState  stm32h7xx_hal_uart.o
    0x08005a9e   0x08005a9e   0x00000002   PAD
    0x08005aa0   0x08005aa0   0x000003b0   Code   RO         2107    i.UART_SetConfig    stm32h7xx_hal_uart.o
    0x08005e50   0x08005e50   0x000000a4   Code   RO         2112    i.UART_WaitOnFlagUntilTimeout  stm32h7xx_hal_uart.o
    0x08005ef4   0x08005ef4   0x00000078   Code   RO         2839    i.USB_CoreInit      stm32h7xx_ll_usb.o
    0x08005f6c   0x08005f6c   0x00000038   Code   RO         2840    i.USB_CoreReset     stm32h7xx_ll_usb.o
    0x08005fa4   0x08005fa4   0x00000018   Code   RO         2845    i.USB_DevDisconnect  stm32h7xx_ll_usb.o
    0x08005fbc   0x08005fbc   0x00000178   Code   RO         2846    i.USB_DevInit       stm32h7xx_ll_usb.o
    0x08006134   0x08006134   0x0000000c   Code   RO         2847    i.USB_DisableGlobalInt  stm32h7xx_ll_usb.o
    0x08006140   0x08006140   0x00000020   Code   RO         2856    i.USB_FlushRxFifo   stm32h7xx_ll_usb.o
    0x08006160   0x08006160   0x00000024   Code   RO         2857    i.USB_FlushTxFifo   stm32h7xx_ll_usb.o
    0x08006184   0x08006184   0x0000002e   Code   RO         2875    i.USB_SetCurrentMode  stm32h7xx_ll_usb.o
    0x080061b2   0x080061b2   0x00000002   Code   RO          312    i.UsageFault_Handler  stm32h7xx_it.o
    0x080061b4   0x080061b4   0x00000020   Code   RO         6653    i.__0printf         mc_w.l(printfa.o)
    0x080061d4   0x080061d4   0x00000030   Code   RO         6760    i.__ARM_fpclassify  m_wv.l(fpclassify.o)
    0x08006204   0x08006204   0x00000022   Code   RO          478    i.__NVIC_SetPriority  stm32h7xx_hal_cortex.o
    0x08006226   0x08006226   0x00000002   PAD
    0x08006228   0x08006228   0x00000200   Code   RO         6681    i.__hardfp_atan     m_wv.l(atan.o)
    0x08006428   0x08006428   0x000001c8   Code   RO         6374    i.__hardfp_atan2    m_wv.l(atan2.o)
    0x080065f0   0x080065f0   0x000000fc   Code   RO         6392    i.__hardfp_fmod     m_wv.l(fmod.o)
    0x080066ec   0x080066ec   0x00000070   Code   RO         6762    i.__kernel_poly     m_wv.l(poly.o)
    0x0800675c   0x0800675c   0x00000006   Code   RO         6696    i.__mathlib_dbl_infnan  m_wv.l(dunder.o)
    0x08006762   0x08006762   0x00000006   Code   RO         6697    i.__mathlib_dbl_infnan2  m_wv.l(dunder.o)
    0x08006768   0x08006768   0x00000018   Code   RO         6698    i.__mathlib_dbl_invalid  m_wv.l(dunder.o)
    0x08006780   0x08006780   0x00000018   Code   RO         6701    i.__mathlib_dbl_underflow  m_wv.l(dunder.o)
    0x08006798   0x08006798   0x0000000e   Code   RO         6789    i.__scatterload_copy  mc_w.l(handlers.o)
    0x080067a6   0x080067a6   0x00000002   Code   RO         6790    i.__scatterload_null  mc_w.l(handlers.o)
    0x080067a8   0x080067a8   0x0000000e   Code   RO         6791    i.__scatterload_zeroinit  mc_w.l(handlers.o)
    0x080067b6   0x080067b6   0x00000002   PAD
    0x080067b8   0x080067b8   0x0000000c   Code   RO         6740    i.__set_errno       mc_w.l(errno.o)
    0x080067c4   0x080067c4   0x00000054   Code   RO         5981    i._cos              foc_utils.o
    0x08006818   0x08006818   0x0000000e   Code   RO         5982    i._electricalAngle  foc_utils.o
    0x08006826   0x08006826   0x00000002   PAD
    0x08006828   0x08006828   0x00000184   Code   RO         6660    i._fp_digits        mc_w.l(printfa.o)
    0x080069ac   0x080069ac   0x00000040   Code   RO         5983    i._normalizeAngle   foc_utils.o
    0x080069ec   0x080069ec   0x000006b4   Code   RO         6661    i._printf_core      mc_w.l(printfa.o)
    0x080070a0   0x080070a0   0x00000024   Code   RO         6662    i._printf_post_padding  mc_w.l(printfa.o)
    0x080070c4   0x080070c4   0x0000002e   Code   RO         6663    i._printf_pre_padding  mc_w.l(printfa.o)
    0x080070f2   0x080070f2   0x00000002   PAD
    0x080070f4   0x080070f4   0x00000034   Code   RO         6302    i._readADCVoltage   adc.o
    0x08007128   0x08007128   0x0000013c   Code   RO         5984    i._sin              foc_utils.o
    0x08007264   0x08007264   0x00000018   Code   RO         5985    i._sqrtApprox       foc_utils.o
    0x0800727c   0x0800727c   0x0000002c   Code   RO         6303    i.analogRead        adc.o
    0x080072a8   0x080072a8   0x000000f4   Code   RO         5899    i.angleOpenloop     bldcmotor.o
    0x0800739c   0x0800739c   0x00000010   Code   RO         6683    i.atan              m_wv.l(atan.o)
    0x080073ac   0x080073ac   0x0000002c   Code   RO         6032    i.electricalAngle   focmotor.o
    0x080073d8   0x080073d8   0x00000018   Code   RO         6711    i.fabs              m_wv.l(fabs.o)
    0x080073f0   0x080073f0   0x0000001c   Code   RO         6336    i.fputc             usart.o
    0x0800740c   0x0800740c   0x000000a0   Code   RO         6251    i.getAngle          magneticsensor.o
    0x080074ac   0x080074ac   0x00000094   Code   RO         6173    i.getDCCurrent      currentsense.o
    0x08007540   0x08007540   0x00000070   Code   RO         6174    i.getFOCCurrents    currentsense.o
    0x080075b0   0x080075b0   0x00000048   Code   RO         6206    i.getPhaseCurrents  inlinecurrentsense.o
    0x080075f8   0x080075f8   0x00000084   Code   RO         6252    i.getVelocity       magneticsensor.o
    0x0800767c   0x0800767c   0x00000114   Code   RO         5900    i.loopFOC           bldcmotor.o
    0x08007790   0x08007790   0x000000e0   Code   RO           25    i.main              main.o
    0x08007870   0x08007870   0x00000114   Code   RO         5901    i.move              bldcmotor.o
    0x08007984   0x08007984   0x00000244   Code   RO         5902    i.setPhaseVoltage   bldcmotor.o
    0x08007bc8   0x08007bc8   0x00000028   Code   RO         6033    i.shaftAngle        focmotor.o
    0x08007bf0   0x08007bf0   0x00000020   Code   RO         6034    i.shaftVelocity     focmotor.o
    0x08007c10   0x08007c10   0x000000ac   Code   RO         5903    i.velocityOpenloop  bldcmotor.o
    0x08007cbc   0x08007cbc   0x00000018   Data   RO         2113    .constdata          stm32h7xx_hal_uart.o
    0x08007cd4   0x08007cd4   0x00000010   Data   RO         5860    .constdata          system_stm32h7xx.o
    0x08007ce4   0x08007ce4   0x00000320   Data   RO         5986    .constdata          foc_utils.o
    0x08008004   0x08008004   0x00000004   PAD
    0x08008008   0x08008008   0x00000098   Data   RO         6684    .constdata          m_wv.l(atan.o)
    0x080080a0   0x080080a0   0x00000008   Data   RO         6715    .constdata          m_wv.l(qnan.o)
    0x080080a8   0x080080a8   0x00000020   Data   RO         6787    Region$$Table       anon$$obj.o


    Execution Region RW_IRAM1 (Exec base: 0x20000000, Load base: 0x080080c8, Size: 0x00000bd8, Max: 0x00020000, ABSOLUTE)

    Exec Addr    Load Addr    Size         Type   Attr      Idx    E Section Name        Object

    0x20000000   0x080080c8   0x00000008   Data   RW           31    .data               main.o
    0x20000008   0x080080d0   0x0000000c   Data   RW         4535    .data               stm32h7xx_hal.o
    0x20000014   0x080080dc   0x00000004   Data   RW         5861    .data               system_stm32h7xx.o
    0x20000018   0x080080e0   0x00000004   Data   RW         5862    .data               system_stm32h7xx.o
    0x2000001c   0x080080e4   0x00000020   Data   RW         5904    .data               bldcmotor.o
    0x2000003c   0x08008104   0x0000000c   Data   RW         6035    .data               focmotor.o
    0x20000048   0x08008110   0x00000004   Data   RW         6036    .data               focmotor.o
    0x2000004c   0x08008114   0x00000004   Data   RW         6037    .data               focmotor.o
    0x20000050   0x08008118   0x00000004   Data   RW         6038    .data               focmotor.o
    0x20000054   0x0800811c   0x00000004   Data   RW         6039    .data               focmotor.o
    0x20000058   0x08008120   0x00000004   Data   RW         6040    .data               focmotor.o
    0x2000005c   0x08008124   0x00000008   Data   RW         6041    .data               focmotor.o
    0x20000064   0x0800812c   0x00000008   Data   RW         6042    .data               focmotor.o
    0x2000006c   0x08008134   0x00000001   Data   RW         6043    .data               focmotor.o
    0x2000006d   0x08008135   0x00000001   Data   RW         6044    .data               focmotor.o
    0x2000006e   0x08008136   0x00000002   PAD
    0x20000070   0x08008138   0x0000000c   Data   RW         6086    .data               lowpass_filter.o
    0x2000007c   0x08008144   0x00000058   Data   RW         6127    .data               pid.o
    0x200000d4   0x0800819c   0x00000018   Data   RW         6207    .data               inlinecurrentsense.o
    0x200000ec   0x080081b4   0x00000014   Data   RW         6253    .data               magneticsensor.o
    0x20000100   0x080081c8   0x00000004   Data   RW         6338    .data               usart.o
    0x20000104   0x080081cc   0x00000004   Data   RW         6741    .data               mc_w.l(errno.o)
    0x20000108        -       0x00000640   Zero   RW           29    .bss                main.o
    0x20000748        -       0x0000008c   Zero   RW         6337    .bss                usart.o
    0x200007d4   0x080081d0   0x00000004   PAD
    0x200007d8        -       0x00000400   Zero   RW            1    STACK               startup_stm32h743xx.o



  Load Region LR$$.ARM.__AT_0x30040000 (Base: 0x30040000, Size: 0x00000000, Max: 0x00000060, ABSOLUTE)

    Execution Region ER$$.ARM.__AT_0x30040000 (Exec base: 0x30040000, Load base: 0x30040000, Size: 0x00000060, Max: 0x00000060, ABSOLUTE, UNINIT)

    Exec Addr    Load Addr    Size         Type   Attr      Idx    E Section Name        Object

    0x30040000        -       0x00000060   Zero   RW           26    .ARM.__AT_0x30040000  main.o



  Load Region LR$$.ARM.__AT_0x30040060 (Base: 0x30040060, Size: 0x00000000, Max: 0x00000060, ABSOLUTE)

    Execution Region ER$$.ARM.__AT_0x30040060 (Exec base: 0x30040060, Load base: 0x30040060, Size: 0x00000060, Max: 0x00000060, ABSOLUTE, UNINIT)

    Exec Addr    Load Addr    Size         Type   Attr      Idx    E Section Name        Object

    0x30040060        -       0x00000060   Zero   RW           27    .ARM.__AT_0x30040060  main.o



  Load Region LR$$.ARM.__AT_0x30040200 (Base: 0x30040200, Size: 0x00000000, Max: 0x000017e0, ABSOLUTE)

    Execution Region ER$$.ARM.__AT_0x30040200 (Exec base: 0x30040200, Load base: 0x30040200, Size: 0x000017e0, Max: 0x000017e0, ABSOLUTE, UNINIT)

    Exec Addr    Load Addr    Size         Type   Attr      Idx    E Section Name        Object

    0x30040200        -       0x000017e0   Zero   RW           28    .ARM.__AT_0x30040200  main.o


==============================================================================

Image component sizes


      Code (inc. data)   RO Data    RW Data    ZI Data      Debug   Object Name

        96         20          0          0          0       1131   adc.o
      1652        278          0         32          0       5862   bldcmotor.o
       260         32          0          0          0       1620   currentsense.o
       502         84        800          0          0       3734   foc_utils.o
       116         22          0         50          0       2764   focmotor.o
        72         10          0         24          0       1033   inlinecurrentsense.o
       180         60          0         12          0       2058   lowpass_filter.o
       356         56          0         20          0       2457   magneticsensor.o
      1540        182          0          8       7904    1353224   main.o
      1244         92          0         88          0       5550   pid.o
        36          8        664          0       1024        860   startup_stm32h743xx.o
       252         50          0         12          0      24136   stm32h7xx_hal.o
      2586        212          0          0          0      74341   stm32h7xx_hal_adc.o
       300         22          0          0          0      62675   stm32h7xx_hal_adc_ex.o
       172         12          0          0          0      38406   stm32h7xx_hal_cortex.o
      1344         60          0          0          0       5863   stm32h7xx_hal_eth.o
       570         50          0          0          0       2656   stm32h7xx_hal_gpio.o
      1106         28          0          0          0      10400   stm32h7xx_hal_i2c.o
       172          0          0          0          0       2039   stm32h7xx_hal_i2c_ex.o
       636         78          0          0          0       4566   stm32h7xx_hal_msp.o
       242          0          0          0          0       1819   stm32h7xx_hal_pcd.o
        40          6          0          0          0       1174   stm32h7xx_hal_pcd_ex.o
       100         10          0          0          0       1406   stm32h7xx_hal_pwr_ex.o
      2344        108          0          0          0       7164   stm32h7xx_hal_rcc.o
      4290        164          0          0          0      10511   stm32h7xx_hal_rcc_ex.o
      2456        218          0          0          0      18691   stm32h7xx_hal_tim.o
       312         34          0          0          0       2404   stm32h7xx_hal_tim_ex.o
      1698        108         24          0          0      25874   stm32h7xx_hal_uart.o
       316         18          0          0          0       3801   stm32h7xx_hal_uart_ex.o
        20          0          0          0          0       4298   stm32h7xx_it.o
       702         28          0          0          0       7292   stm32h7xx_ll_usb.o
       164         18         16          8          0       1410   system_stm32h7xx.o
        28          4          0          4        140       2405   usart.o

    ----------------------------------------------------------------------
     25948       2072       1540        260       9072    1693624   Object Totals
         0          0         32          0          0          0   (incl. Generated)
        44          0          4          2          4          0   (incl. Padding)

    ----------------------------------------------------------------------

      Code (inc. data)   RO Data    RW Data    ZI Data      Debug   Library Member Name

       528        110        152          0          0        348   atan.o
       456         64          0          0          0        188   atan2.o
        60         28          0          0          0        464   dunder.o
        24          0          0          0          0        124   fabs.o
       252          6          0          0          0        144   fmod.o
        48          0          0          0          0        124   fpclassify.o
       112          0          0          0          0        116   poly.o
         0          0          8          0          0          0   qnan.o
         0          0          0          0          0          0   entry.o
         0          0          0          0          0          0   entry10a.o
         0          0          0          0          0          0   entry11a.o
         4          0          0          0          0          0   entry12b.o
         8          4          0          0          0          0   entry2.o
         4          0          0          0          0          0   entry5.o
         0          0          0          0          0          0   entry7b.o
         0          0          0          0          0          0   entry8b.o
         8          4          0          0          0          0   entry9a.o
        12          6          0          4          0         68   errno.o
        30          0          0          0          0          0   handlers.o
        36          8          0          0          0         68   init.o
         0          0          0          0          0          0   iusefp.o
        30          0          0          0          0         68   llshl.o
        36          0          0          0          0         68   llsshr.o
        32          0          0          0          0         68   llushr.o
        36          0          0          0          0         68   memcpya.o
        36          0          0          0          0        108   memseta.o
      2218         90          0          0          0        464   printfa.o
        44          0          0          0          0         80   uidiv.o
        98          0          0          0          0         92   uldiv.o
        48          0          0          0          0         68   cdrcmple.o
       334          0          0          0          0        148   dadd.o
       222          0          0          0          0        100   ddiv.o
       186          0          0          0          0        176   depilogue.o
        48          0          0          0          0         68   dfixul.o
       228          0          0          0          0         96   dmul.o
       134          0          0          0          0         96   drem.o

    ----------------------------------------------------------------------
      5320        320        160          4          0       3412   Library Totals
         8          0          0          0          0          0   (incl. Padding)

    ----------------------------------------------------------------------

      Code (inc. data)   RO Data    RW Data    ZI Data      Debug   Library Name

      1480        208        160          0          0       1508   m_wv.l
      2632        112          0          4          0       1152   mc_w.l
      1200          0          0          0          0        752   mf_w.l

    ----------------------------------------------------------------------
      5320        320        160          4          0       3412   Library Totals

    ----------------------------------------------------------------------

==============================================================================


      Code (inc. data)   RO Data    RW Data    ZI Data      Debug   

     31268       2392       1700        264       9072    1680804   Grand Totals
     31268       2392       1700        264       9072    1680804   ELF Image Totals
     31268       2392       1700        264          0          0   ROM Totals

==============================================================================

    Total RO  Size (Code + RO Data)                32968 (  32.20kB)
    Total RW  Size (RW Data + ZI Data)              9336 (   9.12kB)
    Total ROM Size (Code + RO Data + RW Data)      33232 (  32.45kB)

==============================================================================

