Component: ARM Compiler 5.06 update 7 (build 960) Tool: armlink [4d3601]

==============================================================================

Section Cross References

    startup_stm32h743xx.o(RESET) refers to startup_stm32h743xx.o(STACK) for __initial_sp
    startup_stm32h743xx.o(RESET) refers to startup_stm32h743xx.o(.text) for Reset_Handler
    startup_stm32h743xx.o(RESET) refers to stm32h7xx_it.o(i.NMI_Handler) for NMI_Handler
    startup_stm32h743xx.o(RESET) refers to stm32h7xx_it.o(i.HardFault_Handler) for HardFault_Handler
    startup_stm32h743xx.o(RESET) refers to stm32h7xx_it.o(i.MemManage_Handler) for MemManage_Handler
    startup_stm32h743xx.o(RESET) refers to stm32h7xx_it.o(i.BusFault_Handler) for BusFault_Handler
    startup_stm32h743xx.o(RESET) refers to stm32h7xx_it.o(i.UsageFault_Handler) for UsageFault_Handler
    startup_stm32h743xx.o(RESET) refers to stm32h7xx_it.o(i.SVC_Handler) for SVC_Handler
    startup_stm32h743xx.o(RESET) refers to stm32h7xx_it.o(i.DebugMon_Handler) for DebugMon_Handler
    startup_stm32h743xx.o(RESET) refers to stm32h7xx_it.o(i.PendSV_Handler) for PendSV_Handler
    startup_stm32h743xx.o(RESET) refers to stm32h7xx_it.o(i.SysTick_Handler) for SysTick_Handler
    startup_stm32h743xx.o(.text) refers to system_stm32h7xx.o(i.SystemInit) for SystemInit
    startup_stm32h743xx.o(.text) refers to entry.o(.ARM.Collect$$$$00000000) for __main
    main.o(i.MX_ADC1_Init) refers to memseta.o(.text) for __aeabi_memclr4
    main.o(i.MX_ADC1_Init) refers to stm32h7xx_hal_adc.o(i.HAL_ADC_Init) for HAL_ADC_Init
    main.o(i.MX_ADC1_Init) refers to stm32h7xx_hal_adc_ex.o(i.HAL_ADCEx_MultiModeConfigChannel) for HAL_ADCEx_MultiModeConfigChannel
    main.o(i.MX_ADC1_Init) refers to stm32h7xx_hal_adc.o(i.HAL_ADC_ConfigChannel) for HAL_ADC_ConfigChannel
    main.o(i.MX_ADC1_Init) refers to main.o(.bss) for .bss
    main.o(i.MX_ETH_Init) refers to stm32h7xx_hal_eth.o(i.HAL_ETH_Init) for HAL_ETH_Init
    main.o(i.MX_ETH_Init) refers to memseta.o(.text) for __aeabi_memclr4
    main.o(i.MX_ETH_Init) refers to main.o(.bss) for .bss
    main.o(i.MX_ETH_Init) refers to main.o(.ARM.__AT_0x30040060) for .ARM.__AT_0x30040060
    main.o(i.MX_ETH_Init) refers to main.o(.ARM.__AT_0x30040000) for .ARM.__AT_0x30040000
    main.o(i.MX_GPIO_Init) refers to memseta.o(.text) for __aeabi_memclr4
    main.o(i.MX_GPIO_Init) refers to stm32h7xx_hal_gpio.o(i.HAL_GPIO_WritePin) for HAL_GPIO_WritePin
    main.o(i.MX_GPIO_Init) refers to stm32h7xx_hal_gpio.o(i.HAL_GPIO_Init) for HAL_GPIO_Init
    main.o(i.MX_TIM1_Init) refers to memseta.o(.text) for __aeabi_memclr4
    main.o(i.MX_TIM1_Init) refers to stm32h7xx_hal_tim.o(i.HAL_TIM_Base_Init) for HAL_TIM_Base_Init
    main.o(i.MX_TIM1_Init) refers to stm32h7xx_hal_tim.o(i.HAL_TIM_ConfigClockSource) for HAL_TIM_ConfigClockSource
    main.o(i.MX_TIM1_Init) refers to stm32h7xx_hal_tim.o(i.HAL_TIM_PWM_Init) for HAL_TIM_PWM_Init
    main.o(i.MX_TIM1_Init) refers to stm32h7xx_hal_tim_ex.o(i.HAL_TIMEx_MasterConfigSynchronization) for HAL_TIMEx_MasterConfigSynchronization
    main.o(i.MX_TIM1_Init) refers to stm32h7xx_hal_tim.o(i.HAL_TIM_PWM_ConfigChannel) for HAL_TIM_PWM_ConfigChannel
    main.o(i.MX_TIM1_Init) refers to stm32h7xx_hal_tim_ex.o(i.HAL_TIMEx_ConfigBreakDeadTime) for HAL_TIMEx_ConfigBreakDeadTime
    main.o(i.MX_TIM1_Init) refers to stm32h7xx_hal_msp.o(i.HAL_TIM_MspPostInit) for HAL_TIM_MspPostInit
    main.o(i.MX_TIM1_Init) refers to main.o(.bss) for .bss
    main.o(i.MX_TIM4_Init) refers to memseta.o(.text) for __aeabi_memclr4
    main.o(i.MX_TIM4_Init) refers to stm32h7xx_hal_tim.o(i.HAL_TIM_Encoder_Init) for HAL_TIM_Encoder_Init
    main.o(i.MX_TIM4_Init) refers to stm32h7xx_hal_tim_ex.o(i.HAL_TIMEx_MasterConfigSynchronization) for HAL_TIMEx_MasterConfigSynchronization
    main.o(i.MX_TIM4_Init) refers to main.o(.bss) for .bss
    main.o(i.MX_TIM5_Init) refers to memseta.o(.text) for __aeabi_memclr4
    main.o(i.MX_TIM5_Init) refers to stm32h7xx_hal_tim.o(i.HAL_TIM_OC_Init) for HAL_TIM_OC_Init
    main.o(i.MX_TIM5_Init) refers to stm32h7xx_hal_tim_ex.o(i.HAL_TIMEx_MasterConfigSynchronization) for HAL_TIMEx_MasterConfigSynchronization
    main.o(i.MX_TIM5_Init) refers to stm32h7xx_hal_tim.o(i.HAL_TIM_OC_ConfigChannel) for HAL_TIM_OC_ConfigChannel
    main.o(i.MX_TIM5_Init) refers to main.o(.bss) for .bss
    main.o(i.MX_USART3_UART_Init) refers to stm32h7xx_hal_uart.o(i.HAL_UART_Init) for HAL_UART_Init
    main.o(i.MX_USART3_UART_Init) refers to stm32h7xx_hal_uart_ex.o(i.HAL_UARTEx_SetTxFifoThreshold) for HAL_UARTEx_SetTxFifoThreshold
    main.o(i.MX_USART3_UART_Init) refers to stm32h7xx_hal_uart_ex.o(i.HAL_UARTEx_SetRxFifoThreshold) for HAL_UARTEx_SetRxFifoThreshold
    main.o(i.MX_USART3_UART_Init) refers to stm32h7xx_hal_uart_ex.o(i.HAL_UARTEx_DisableFifoMode) for HAL_UARTEx_DisableFifoMode
    main.o(i.MX_USART3_UART_Init) refers to usart.o(.bss) for huart3
[...]
    i.getAngle                               0x080079e8   Section        0  us_digital_1000.o(i.getAngle)
    i.getDCCurrent                           0x080079f4   Section        0  currentsense.o(i.getDCCurrent)
    i.getFOCCurrents                         0x08007a88   Section        0  currentsense.o(i.getFOCCurrents)
    i.getPhaseCurrents                       0x08007af8   Section        0  inlinecurrentsense.o(i.getPhaseCurrents)
    i.getVelocity                            0x08007b40   Section        0  us_digital_1000.o(i.getVelocity)
    i.getc                                   0x08007b4c   Section        0  getc.o(i.getc)
    i.gets                                   0x08007b50   Section        0  gets.o(i.gets)
    i.loopFOC                                0x08007b80   Section        0  bldcmotor.o(i.loopFOC)
    i.main                                   0x08007c94   Section        0  main.o(i.main)
    i.move                                   0x08007da0   Section        0  bldcmotor.o(i.move)
    i.setPhaseVoltage                        0x08007eb4   Section        0  bldcmotor.o(i.setPhaseVoltage)
    i.shaftAngle                             0x080080f4   Section        0  focmotor.o(i.shaftAngle)
    i.shaftVelocity                          0x0800811c   Section        0  focmotor.o(i.shaftVelocity)
    i.velocityOpenloop                       0x0800813c   Section        0  bldcmotor.o(i.velocityOpenloop)
    .constdata                               0x080081e8   Section       24  stm32h7xx_hal_uart.o(.constdata)
    .constdata                               0x08008200   Section       16  system_stm32h7xx.o(.constdata)
    .constdata                               0x08008210   Section      800  foc_utils.o(.constdata)
    .constdata                               0x08008530   Section      152  atan.o(.constdata)
    atanhi                                   0x08008530   Data          32  atan.o(.constdata)
    atanlo                                   0x08008550   Data          32  atan.o(.constdata)
    aTodd                                    0x08008570   Data          40  atan.o(.constdata)
    aTeven                                   0x08008598   Data          48  atan.o(.constdata)
    .constdata                               0x080085c8   Section        8  qnan.o(.constdata)
    .constdata                               0x080085d0   Section       64  ctype_c.o(.constdata)
    .data                                    0x20000000   Section        8  main.o(.data)
    .data                                    0x20000008   Section       12  stm32h7xx_hal.o(.data)
    .data                                    0x20000014   Section        4  system_stm32h7xx.o(.data)
    .data                                    0x20000018   Section        4  system_stm32h7xx.o(.data)
    .data                                    0x2000001c   Section       32  bldcmotor.o(.data)
    .data                                    0x2000003c   Section       12  focmotor.o(.data)
    .data                                    0x20000048   Section        4  focmotor.o(.data)
    .data                                    0x2000004c   Section        4  focmotor.o(.data)
    .data                                    0x20000050   Section        4  focmotor.o(.data)
    .data                                    0x20000054   Section        4  focmotor.o(.data)
    .data                                    0x20000058   Section        4  focmotor.o(.data)
    .data                                    0x2000005c   Section        8  focmotor.o(.data)
    .data                                    0x20000064   Section        8  focmotor.o(.data)
    .data                                    0x2000006c   Section        1  focmotor.o(.data)
    .data                                    0x2000006d   Section        1  focmotor.o(.data)
    .data                                    0x20000070   Section       12  lowpass_filter.o(.data)
    .data                                    0x2000007c   Section       88  pid.o(.data)
    .data                                    0x200000d4   Section       24  inlinecurrentsense.o(.data)
    .data                                    0x200000ec   Section        8  us_digital_1000.o(.data)
    .data                                    0x200000f4   Section        4  usart.o(.data)
    .data                                    0x200000f8   Section        4  stdin.o(.data)
    .data                                    0x200000fc   Section        4  errno.o(.data)
    _errno                                   0x200000fc   Data           4  errno.o(.data)
    .bss                                     0x20000100   Section     1524  main.o(.bss)
    .bss                                     0x200006f4   Section      140  usart.o(.bss)
    STACK                                    0x20000780   Section     1024  startup_stm32h743xx.o(STACK)
    .ARM.__AT_0x30040000                     0x30040000   Section       96  main.o(.ARM.__AT_0x30040000)
    .ARM.__AT_0x30040060                     0x30040060   Section       96  main.o(.ARM.__AT_0x30040060)
    .ARM.__AT_0x30040200                     0x30040200   Section     6112  main.o(.ARM.__AT_0x30040200)

    Global Symbols

    Symbol Name                              Value     Ov Type        Size  Object(Section)

    BuildAttributes$$THM_ISAv4$E$P$D$K$B$S$7EM$VFPv5_D16$PE$PLD8$A:L22UL41UL21$X:L11$S22US41US21$IEEE1$IW$USESV6$~STKCKD$USESV7$~SHL$OTIME$ROPI$IEEEX$EBA8$MICROLIB$REQ8$PRES8$EABIv2 0x00000000   Number         0  anon$$obj.o ABSOLUTE
    __ARM_use_no_argv                        0x00000000   Number         0  main.o ABSOLUTE
    __use_no_errno                           0x00000000   Number         0  useno.o ABSOLUTE
    __use_no_exception_handling              0x00000000   Number         0  useno.o ABSOLUTE
    __use_no_fp                              0x00000000   Number         0  useno.o ABSOLUTE
    __use_no_heap                            0x00000000   Number         0  useno.o ABSOLUTE
    __use_no_heap_region                     0x00000000   Number         0  useno.o ABSOLUTE
    __use_no_semihosting                     0x00000000   Number         0  useno.o ABSOLUTE
    __use_no_semihosting_swi                 0x00000000   Number         0  useno.o ABSOLUTE
    __use_no_signal_handling                 0x00000000   Number         0  useno.o ABSOLUTE
    _printf_a                                0x00000000   Number         0  stubs.o ABSOLUTE
    _printf_c                                0x00000000   Number         0  stubs.o ABSOLUTE
    _printf_charcount                        0x00000000   Number         0  stubs.o ABSOLUTE
    _printf_d                                0x00000000   Number         0  stubs.o ABSOLUTE
    _printf_e                                0x00000000   Number         0  stubs.o ABSOLUTE
    _printf_f                                0x00000000   Number         0  stubs.o ABSOLUTE
    _printf_flags                            0x00000000   Number         0  stubs.o ABSOLUTE
    _printf_fp_dec                           0x00000000   Number         0  stubs.o ABSOLUTE
    _printf_fp_hex                           0x00000000   Number         0  stubs.o ABSOLUTE
    _printf_g                                0x00000000   Number         0  stubs.o ABSOLUTE
    _printf_i                                0x00000000   Number         0  stubs.o ABSOLUTE
    _printf_int_dec                          0x00000000   Number         0  stubs.o ABSOLUTE
    _printf_l                                0x00000000   Number         0  stubs.o ABSOLUTE
    _printf_lc                               0x00000000   Number         0  stubs.o ABSOLUTE
    _printf_ll                               0x00000000   Number         0  stubs.o ABSOLUTE
    _printf_lld                              0x00000000   Number         0  stubs.o ABSOLUTE
    _printf_lli                              0x00000000   Number         0  stubs.o ABSOLUTE
    _printf_llo                              0x00000000   Number         0  stubs.o ABSOLUTE
    _printf_llu                              0x00000000   Number         0  stubs.o ABSOLUTE
    _printf_llx                              0x00000000   Number         0  stubs.o ABSOLUTE
    _printf_longlong_dec                     0x00000000   Number         0  stubs.o ABSOLUTE
    _printf_longlong_hex                     0x00000000   Number         0  stubs.o ABSOLUTE
    _printf_longlong_oct                     0x00000000   Number         0  stubs.o ABSOLUTE
    _printf_ls                               0x00000000   Number         0  stubs.o ABSOLUTE
    _printf_mbtowc                           0x00000000   Number         0  stubs.o ABSOLUTE
    _printf_n                                0x00000000   Number         0  stubs.o ABSOLUTE
    _printf_o                                0x00000000   Number         0  stubs.o ABSOLUTE
    _printf_p                                0x00000000   Number         0  stubs.o ABSOLUTE
    _printf_percent                          0x00000000   Number         0  stubs.o ABSOLUTE
    _printf_pre_padding                      0x00000000   Number         0  stubs.o ABSOLUTE
    _printf_return_value                     0x00000000   Number         0  stubs.o ABSOLUTE
    _printf_s                                0x00000000   Number         0  stubs.o ABSOLUTE
    _printf_sizespec                         0x00000000   Number         0  stubs.o ABSOLUTE
    _printf_str                              0x00000000   Number         0  stubs.o ABSOLUTE
    _printf_truncate_signed                  0x00000000   Number         0  stubs.o ABSOLUTE
    _printf_truncate_unsigned                0x00000000   Number         0  stubs.o ABSOLUTE
    _printf_u                                0x00000000   Number         0  stubs.o ABSOLUTE
    _printf_wc                               0x00000000   Number         0  stubs.o ABSOLUTE
    _printf_wctomb                           0x00000000   Number         0  stubs.o ABSOLUTE
    _printf_widthprec                        0x00000000   Number         0  stubs.o ABSOLUTE
    _printf_x                                0x00000000   Number         0  stubs.o ABSOLUTE
    __arm_fini_                               - Undefined Weak Reference
    __cpp_initialize__aeabi_                  - Undefined Weak Reference
    __cxa_finalize                            - Undefined Weak Reference
    __decompress                              - Undefined Weak Reference
    _clock_init                               - Undefined Weak Reference
    _microlib_exit                            - Undefined Weak Reference
    __Vectors_Size                           0x00000298   Number         0  startup_stm32h743xx.o ABSOLUTE
    __Vectors                                0x08000000   Data           4  startup_stm32h743xx.o(RESET)
    __Vectors_End                            0x08000298   Data           0  startup_stm32h743xx.o(RESET)
    __main                                   0x08000299   Thumb Code     0  entry.o(.ARM.Collect$$$$00000000)
    _main_stk                                0x08000299   Thumb Code     0  entry2.o(.ARM.Collect$$$$00000001)
    _main_scatterload                        0x0800029d   Thumb Code     0  entry5.o(.ARM.Collect$$$$00000004)
    __main_after_scatterload                 0x080002a1   Thumb Code     0  entry5.o(.ARM.Collect$$$$00000004)
    _main_clock                              0x080002a1   Thumb Code     0  entry7b.o(.ARM.Collect$$$$00000008)
    _main_cpp_init                           0x080002a1   Thumb Code     0  entry8b.o(.ARM.Collect$$$$0000000A)
    _main_init                               0x080002a1   Thumb Code     0  entry9a.o(.ARM.Collect$$$$0000000B)
    __rt_lib_shutdown_fini                   0x080002a9   Thumb Code     0  entry12b.o(.ARM.Collect$$$$0000000E)
    __rt_final_cpp                           0x080002ad   Thumb Code     0  entry10a.o(.ARM.Collect$$$$0000000F)
    __rt_final_exit                          0x080002ad   Thumb Code     0  entry11a.o(.ARM.Collect$$$$00000011)
    Reset_Handler                            0x080002b1   Thumb Code     8  startup_stm32h743xx.o(.text)
    ADC3_IRQHandler                          0x080002cb   Thumb Code     0  startup_stm32h743xx.o(.text)
    ADC_IRQHandler                           0x080002cb   Thumb Code     0  startup_stm32h743xx.o(.text)
    BDMA_Channel0_IRQHandler                 0x080002cb   Thumb Code     0  startup_stm32h743xx.o(.text)
    BDMA_Channel1_IRQHandler                 0x080002cb   Thumb Code     0  startup_stm32h743xx.o(.text)
    BDMA_Channel2_IRQHandler                 0x080002cb   Thumb Code     0  startup_stm32h743xx.o(.text)
    BDMA_Channel3_IRQHandler                 0x080002cb   Thumb Code     0  startup_stm32h743xx.o(.text)
    BDMA_Channel4_IRQHandler                 0x080002cb   Thumb Code     0  startup_stm32h743xx.o(.text)
    BDMA_Channel5_IRQHandler                 0x080002cb   Thumb Code     0  startup_stm32h743xx.o(.text)
    BDMA_Channel6_IRQHandler                 0x080002cb   Thumb Code     0  startup_stm32h743xx.o(.text)
    BDMA_Channel7_IRQHandler                 0x080002cb   Thumb Code     0  startup_stm32h743xx.o(.text)
    CEC_IRQHandler                           0x080002cb   Thumb Code     0  startup_stm32h743xx.o(.text)
    COMP1_IRQHandler                         0x080002cb   Thumb Code     0  startup_stm32h743xx.o(.text)
    CRS_IRQHandler                           0x080002cb   Thumb Code     0  startup_stm32h743xx.o(.text)
    DCMI_IRQHandler                          0x080002cb   Thumb Code     0  startup_stm32h743xx.o(.text)
    DFSDM1_FLT0_IRQHandler                   0x080002cb   Thumb Code     0  startup_stm32h743xx.o(.text)
    DFSDM1_FLT1_IRQHandler                   0x080002cb   Thumb Code     0  startup_stm32h743xx.o(.text)
    DFSDM1_FLT2_IRQHandler                   0x080002cb   Thumb Code     0  startup_stm32h743xx.o(.text)
    DFSDM1_FLT3_IRQHandler                   0x080002cb   Thumb Code     0  startup_stm32h743xx.o(.text)
    DMA1_Stream0_IRQHandler                  0x080002cb   Thumb Code     0  startup_stm32h743xx.o(.text)
    DMA1_Stream1_IRQHandler                  0x080002cb   Thumb Code     0  startup_stm32h743xx.o(.text)
    DMA1_Stream2_IRQHandler                  0x080002cb   Thumb Code     0  startup_stm32h743xx.o(.text)
    DMA1_Stream3_IRQHandler                  0x080002cb   Thumb Code     0  startup_stm32h743xx.o(.text)
    DMA1_Stream4_IRQHandler                  0x080002cb   Thumb Code     0  startup_stm32h743xx.o(.text)
    DMA1_Stream5_IRQHandler                  0x080002cb   Thumb Code     0  startup_stm32h743xx.o(.text)
    DMA1_Stream6_IRQHandler                  0x080002cb   Thumb Code     0  startup_stm32h743xx.o(.text)
    DMA1_Stream7_IRQHandler                  0x080002cb   Thumb Code     0  startup_stm32h743xx.o(.text)
    DMA2D_IRQHandler                         0x080002cb   Thumb Code     0  startup_stm32h743xx.o(.text)
    DMA2_Stream0_IRQHandler                  0x080002cb   Thumb Code     0  startup_stm32h743xx.o(.text)
    DMA2_Stream1_IRQHandler                  0x080002cb   Thumb Code     0  startup_stm32h743xx.o(.text)
    DMA2_Stream2_IRQHandler                  0x080002cb   Thumb Code     0  startup_stm32h743xx.o(.text)
    DMA2_Stream3_IRQHandler                  0x080002cb   Thumb Code     0  startup_stm32h743xx.o(.text)
    DMA2_Stream4_IRQHandler                  0x080002cb   Thumb Code     0  startup_stm32h743xx.o(.text)
    DMA2_Stream5_IRQHandler                  0x080002cb   Thumb Code     0  startup_stm32h743xx.o(.text)
    DMA2_Stream6_IRQHandler                  0x080002cb   Thumb Code     0  startup_stm32h743xx.o(.text)
    DMA2_Stream7_IRQHandler                  0x080002cb   Thumb Code     0  startup_stm32h743xx.o(.text)
    DMAMUX1_OVR_IRQHandler                   0x080002cb   Thumb Code     0  startup_stm32h743xx.o(.text)
    DMAMUX2_OVR_IRQHandler                   0x080002cb   Thumb Code     0  startup_stm32h743xx.o(.text)
    ECC_IRQHandler                           0x080002cb   Thumb Code     0  startup_stm32h743xx.o(.text)
    ETH_IRQHandler                           0x080002cb   Thumb Code     0  startup_stm32h743xx.o(.text)
    ETH_WKUP_IRQHandler                      0x080002cb   Thumb Code     0  startup_stm32h743xx.o(.text)
    EXTI0_IRQHandler                         0x080002cb   Thumb Code     0  startup_stm32h743xx.o(.text)
    EXTI15_10_IRQHandler                     0x080002cb   Thumb Code     0  startup_stm32h743xx.o(.text)
    EXTI1_IRQHandler                         0x080002cb   Thumb Code     0  startup_stm32h743xx.o(.text)
    EXTI2_IRQHandler                         0x080002cb   Thumb Code     0  startup_stm32h743xx.o(.text)
    EXTI3_IRQHandler                         0x080002cb   Thumb Code     0  startup_stm32h743xx.o(.text)
    EXTI4_IRQHandler                         0x080002cb   Thumb Code     0  startup_stm32h743xx.o(.text)
    EXTI9_5_IRQHandler                       0x080002cb   Thumb Code     0  startup_stm32h743xx.o(.text)
    FDCAN1_IT0_IRQHandler                    0x080002cb   Thumb Code     0  startup_stm32h743xx.o(.text)
    FDCAN1_IT1_IRQHandler                    0x080002cb   Thumb Code     0  startup_stm32h743xx.o(.text)
    FDCAN2_IT0_IRQHandler                    0x080002cb   Thumb Code     0  startup_stm32h743xx.o(.text)
    FDCAN2_IT1_IRQHandler                    0x080002cb   Thumb Code     0  startup_stm32h743xx.o(.text)
    FDCAN_CAL_IRQHandler                     0x080002cb   Thumb Code     0  startup_stm32h743xx.o(.text)
    FLASH_IRQHandler                         0x080002cb   Thumb Code     0  startup_stm32h743xx.o(.text)
    FMC_IRQHandler                           0x080002cb   Thumb Code     0  startup_stm32h743xx.o(.text)
    FPU_IRQHandler                           0x080002cb   Thumb Code     0  startup_stm32h743xx.o(.text)
    HRTIM1_FLT_IRQHandler                    0x080002cb   Thumb Code     0  startup_stm32h743xx.o(.text)
    HRTIM1_Master_IRQHandler                 0x080002cb   Thumb Code     0  startup_stm32h743xx.o(.text)
    HRTIM1_TIMA_IRQHandler                   0x080002cb   Thumb Code     0  startup_stm32h743xx.o(.text)
    HRTIM1_TIMB_IRQHandler                   0x080002cb   Thumb Code     0  startup_stm32h743xx.o(.text)
    HRTIM1_TIMC_IRQHandler                   0x080002cb   Thumb Code     0  startup_stm32h743xx.o(.text)
    HRTIM1_TIMD_IRQHandler                   0x080002cb   Thumb Code     0  startup_stm32h743xx.o(.text)
    HRTIM1_TIME_IRQHandler                   0x080002cb   Thumb Code     0  startup_stm32h743xx.o(.text)
    HSEM1_IRQHandler                         0x080002cb   Thumb Code     0  startup_stm32h743xx.o(.text)
    I2C1_ER_IRQHandler                       0x080002cb   Thumb Code     0  startup_stm32h743xx.o(.text)
    I2C1_EV_IRQHandler                       0x080002cb   Thumb Code     0  startup_stm32h743xx.o(.text)
    I2C2_ER_IRQHandler                       0x080002cb   Thumb Code     0  startup_stm32h743xx.o(.text)
    I2C2_EV_IRQHandler                       0x080002cb   Thumb Code     0  startup_stm32h743xx.o(.text)
    I2C3_ER_IRQHandler                       0x080002cb   Thumb Code     0  startup_stm32h743xx.o(.text)
    I2C3_EV_IRQHandler                       0x080002cb   Thumb Code     0  startup_stm32h743xx.o(.text)
    I2C4_ER_IRQHandler                       0x080002cb   Thumb Code     0  startup_stm32h743xx.o(.text)
    I2C4_EV_IRQHandler                       0x080002cb   Thumb Code     0  startup_stm32h743xx.o(.text)
    JPEG_IRQHandler                          0x080002cb   Thumb Code     0  startup_stm32h743xx.o(.text)
    LPTIM1_IRQHandler                        0x080002cb   Thumb Code     0  startup_stm32h743xx.o(.text)
    LPTIM2_IRQHandler                        0x080002cb   Thumb Code     0  startup_stm32h743xx.o(.text)
    LPTIM3_IRQHandler                        0x080002cb   Thumb Code     0  startup_stm32h743xx.o(.text)
    LPTIM4_IRQHandler                        0x080002cb   Thumb Code     0  startup_stm32h743xx.o(.text)
    LPTIM5_IRQHandler                        0x080002cb   Thumb Code     0  startup_stm32h743xx.o(.text)
    LPUART1_IRQHandler                       0x080002cb   Thumb Code     0  startup_stm32h743xx.o(.text)
    LTDC_ER_IRQHandler                       0x080002cb   Thumb Code     0  startup_stm32h743xx.o(.text)
    LTDC_IRQHandler                          0x080002cb   Thumb Code     0  startup_stm32h743xx.o(.text)
    MDIOS_IRQHandler                         0x080002cb   Thumb Code     0  startup_stm32h743xx.o(.text)
    MDIOS_WKUP_IRQHandler                    0x080002cb   Thumb Code     0  startup_stm32h743xx.o(.text)
    MDMA_IRQHandler                          0x080002cb   Thumb Code     0  startup_stm32h743xx.o(.text)
    OTG_FS_EP1_IN_IRQHandler                 0x080002cb   Thumb Code     0  startup_stm32h743xx.o(.text)
    OTG_FS_EP1_OUT_IRQHandler                0x080002cb   Thumb Code     0  startup_stm32h743xx.o(.text)
    OTG_FS_IRQHandler                        0x080002cb   Thumb Code     0  startup_stm32h743xx.o(.text)
    OTG_FS_WKUP_IRQHandler                   0x080002cb   Thumb Code     0  startup_stm32h743xx.o(.text)
    OTG_HS_EP1_IN_IRQHandler                 0x080002cb   Thumb Code     0  startup_stm32h743xx.o(.text)
    OTG_HS_EP1_OUT_IRQHandler                0x080002cb   Thumb Code     0  startup_stm32h743xx.o(.text)
    OTG_HS_IRQHandler                        0x080002cb   Thumb Code     0  startup_stm32h743xx.o(.text)
    OTG_HS_WKUP_IRQHandler                   0x080002cb   Thumb Code     0  startup_stm32h743xx.o(.text)
    PVD_AVD_IRQHandler                       0x080002cb   Thumb Code     0  startup_stm32h743xx.o(.text)
    QUADSPI_IRQHandler                       0x080002cb   Thumb Code     0  startup_stm32h743xx.o(.text)
    RCC_IRQHandler                           0x080002cb   Thumb Code     0  startup_stm32h743xx.o(.text)
    RNG_IRQHandler                           0x080002cb   Thumb Code     0  startup_stm32h743xx.o(.text)
    RTC_Alarm_IRQHandler                     0x080002cb   Thumb Code     0  startup_stm32h743xx.o(.text)
    RTC_WKUP_IRQHandler                      0x080002cb   Thumb Code     0  startup_stm32h743xx.o(.text)
    SAI1_IRQHandler                          0x080002cb   Thumb Code     0  startup_stm32h743xx.o(.text)
    SAI2_IRQHandler                          0x080002cb   Thumb Code     0  startup_stm32h743xx.o(.text)
    SAI3_IRQHandler                          0x080002cb   Thumb Code     0  startup_stm32h743xx.o(.text)
    SAI4_IRQHandler                          0x080002cb   Thumb Code     0  startup_stm32h743xx.o(.text)
    SDMMC1_IRQHandler                        0x080002cb   Thumb Code     0  startup_stm32h743xx.o(.text)
    SDMMC2_IRQHandler                        0x080002cb   Thumb Code     0  startup_stm32h743xx.o(.text)
    SPDIF_RX_IRQHandler                      0x080002cb   Thumb Code     0  startup_stm32h743xx.o(.text)
    SPI1_IRQHandler                          0x080002cb   Thumb Code     0  startup_stm32h743xx.o(.text)
    SPI2_IRQHandler                          0x080002cb   Thumb Code     0  startup_stm32h743xx.o(.text)
    SPI3_IRQHandler                          0x080002cb   Thumb Code     0  startup_stm32h743xx.o(.text)
    SPI4_IRQHandler                          0x080002cb   Thumb Code     0  startup_stm32h743xx.o(.text)
    SPI5_IRQHandler                          0x080002cb   Thumb Code     0  startup_stm32h743xx.o(.text)
    SPI6_IRQHandler                          0x080002cb   Thumb Code     0  startup_stm32h743xx.o(.text)
    SWPMI1_IRQHandler                        0x080002cb   Thumb Code     0  startup_stm32h743xx.o(.text)
    TAMP_STAMP_IRQHandler                    0x080002cb   Thumb Code     0  startup_stm32h743xx.o(.text)
    TIM15_IRQHandler                         0x080002cb   Thumb Code     0  startup_stm32h743xx.o(.text)
    TIM16_IRQHandler                         0x080002cb   Thumb Code     0  startup_stm32h743xx.o(.text)
    TIM17_IRQHandler                         0x080002cb   Thumb Code     0  startup_stm32h743xx.o(.text)
    TIM1_BRK_IRQHandler                      0x080002cb   Thumb Code     0  startup_stm32h743xx.o(.text)
    TIM1_CC_IRQHandler                       0x080002cb   Thumb Code     0  startup_stm32h743xx.o(.text)
    TIM1_TRG_COM_IRQHandler                  0x080002cb   Thumb Code     0  startup_stm32h743xx.o(.text)
    TIM1_UP_IRQHandler                       0x080002cb   Thumb Code     0  startup_stm32h743xx.o(.text)
    TIM2_IRQHandler                          0x080002cb   Thumb Code     0  startup_stm32h743xx.o(.text)
    TIM3_IRQHandler                          0x080002cb   Thumb Code     0  startup_stm32h743xx.o(.text)
    TIM4_IRQHandler                          0x080002cb   Thumb Code     0  startup_stm32h743xx.o(.text)
    TIM5_IRQHandler                          0x080002cb   Thumb Code     0  startup_stm32h743xx.o(.text)
    TIM6_DAC_IRQHandler                      0x080002cb   Thumb Code     0  startup_stm32h743xx.o(.text)
    TIM7_IRQHandler                          0x080002cb   Thumb Code     0  startup_stm32h743xx.o(.text)
    TIM8_BRK_TIM12_IRQHandler                0x080002cb   Thumb Code     0  startup_stm32h743xx.o(.text)
    TIM8_CC_IRQHandler                       0x080002cb   Thumb Code     0  startup_stm32h743xx.o(.text)
    TIM8_TRG_COM_TIM14_IRQHandler            0x080002cb   Thumb Code     0  startup_stm32h743xx.o(.text)
    TIM8_UP_TIM13_IRQHandler                 0x080002cb   Thumb Code     0  startup_stm32h743xx.o(.text)
    UART4_IRQHandler                         0x080002cb   Thumb Code     0  startup_stm32h743xx.o(.text)
    UART5_IRQHandler                         0x080002cb   Thumb Code     0  startup_stm32h743xx.o(.text)
    UART7_IRQHandler                         0x080002cb   Thumb Code     0  startup_stm32h743xx.o(.text)
    UART8_IRQHandler                         0x080002cb   Thumb Code     0  startup_stm32h743xx.o(.text)
    USART1_IRQHandler                        0x080002cb   Thumb Code     0  startup_stm32h743xx.o(.text)
    USART2_IRQHandler                        0x080002cb   Thumb Code     0  startup_stm32h743xx.o(.text)
    USART3_IRQHandler                        0x080002cb   Thumb Code     0  startup_stm32h743xx.o(.text)
    USART6_IRQHandler                        0x080002cb   Thumb Code     0  startup_stm32h743xx.o(.text)
    WAKEUP_PIN_IRQHandler                    0x080002cb   Thumb Code     0  startup_stm32h743xx.o(.text)
    WWDG_IRQHandler                          0x080002cb   Thumb Code     0  startup_stm32h743xx.o(.text)
    __aeabi_uldivmod                         0x080002d5   Thumb Code    98  uldiv.o(.text)
    __aeabi_memcpy                           0x08000337   Thumb Code    36  memcpya.o(.text)
    __aeabi_memcpy4                          0x08000337   Thumb Code     0  memcpya.o(.text)
    __aeabi_memcpy8                          0x08000337   Thumb Code     0  memcpya.o(.text)
    __aeabi_memset                           0x0800035b   Thumb Code    14  memseta.o(.text)
    __aeabi_memset4                          0x0800035b   Thumb Code     0  memseta.o(.text)
    __aeabi_memset8                          0x0800035b   Thumb Code     0  memseta.o(.text)
    __aeabi_memclr                           0x08000369   Thumb Code     4  memseta.o(.text)
    __aeabi_memclr4                          0x08000369   Thumb Code     0  memseta.o(.text)
    __aeabi_memclr8                          0x08000369   Thumb Code     0  memseta.o(.text)
    _memset$wrapper                          0x0800036d   Thumb Code    18  memseta.o(.text)
    __aeabi_uidiv                            0x0800037f   Thumb Code     0  uidiv.o(.text)
    __aeabi_uidivmod                         0x0800037f   Thumb Code    44  uidiv.o(.text)
    __aeabi_llsl                             0x080003ab   Thumb Code    30  llshl.o(.text)
    _ll_shift_l                              0x080003ab   Thumb Code     0  llshl.o(.text)
    __aeabi_llsr                             0x080003c9   Thumb Code    32  llushr.o(.text)
    _ll_ushift_r                             0x080003c9   Thumb Code     0  llushr.o(.text)
    __strtod_int                             0x0800041f   Thumb Code    90  strtod.o(.text)
    __I$use$fp                               0x08000485   Thumb Code     0  iusefp.o(.text)
    __aeabi_dadd                             0x08000485   Thumb Code   322  dadd.o(.text)
    __aeabi_dsub                             0x080005c7   Thumb Code     6  dadd.o(.text)
    __aeabi_drsub                            0x080005cd   Thumb Code     6  dadd.o(.text)
    __aeabi_dmul                             0x080005d3   Thumb Code   228  dmul.o(.text)
    __aeabi_ddiv                             0x080006b7   Thumb Code   222  ddiv.o(.text)
    _drem                                    0x08000795   Thumb Code   134  drem.o(.text)
    __aeabi_d2ulz                            0x0800081b   Thumb Code    48  dfixul.o(.text)
    __aeabi_cdrcmple                         0x0800084d   Thumb Code    48  cdrcmple.o(.text)
    __scatterload                            0x0800087d   Thumb Code    28  init.o(.text)
    __scatterload_rt2                        0x0800087d   Thumb Code     0  init.o(.text)
    __aeabi_lasr                             0x080008a1   Thumb Code    36  llsshr.o(.text)
    _ll_sshift_r                             0x080008a1   Thumb Code     0  llsshr.o(.text)
    isspace                                  0x080008c5   Thumb Code    10  isspace_c.o(.text)
    _scanf_real                              0x080009f9   Thumb Code     0  scanf_fp.o(.text)
    _scanf_really_real                       0x080009f9   Thumb Code   556  scanf_fp.o(.text)
    _sgetc                                   0x08000c31   Thumb Code    30  _sgetc.o(.text)
    _sbackspace                              0x08000c4f   Thumb Code    34  _sgetc.o(.text)
    _double_round                            0x08000c71   Thumb Code    30  depilogue.o(.text)
    _double_epilogue                         0x08000c8f   Thumb Code   156  depilogue.o(.text)
    __ctype_lookup                           0x08000d2d   Thumb Code    34  ctype_c.o(.text)
    __aeabi_ul2d                             0x08000d55   Thumb Code    24  dfltul.o(.text)
    __aeabi_d2f                              0x08000d6d   Thumb Code    56  d2f.o(.text)
    _float_round                             0x08000da5   Thumb Code    18  fepilogue.o(.text)
    _float_epilogue                          0x08000db7   Thumb Code    92  fepilogue.o(.text)
    ADC_ConfigureBoostMode                   0x08000e15   Thumb Code   234  stm32h7xx_hal_adc.o(i.ADC_ConfigureBoostMode)
    ADC_Enable                               0x08000f1d   Thumb Code   142  stm32h7xx_hal_adc.o(i.ADC_Enable)
    BusFault_Handler                         0x08000fc1   Thumb Code     2  stm32h7xx_it.o(i.BusFault_Handler)
    Current_calibrateOffsets                 0x08000fc5   Thumb Code    98  inlinecurrentsense.o(i.Current_calibrateOffsets)
    DebugMon_Handler                         0x08001035   Thumb Code     2  stm32h7xx_it.o(i.DebugMon_Handler)
    HAL_ADCEx_MultiModeConfigChannel         0x0800136d   Thumb Code   270  stm32h7xx_hal_adc_ex.o(i.HAL_ADCEx_MultiModeConfigChannel)
    HAL_ADC_ConfigChannel                    0x08001491   Thumb Code   930  stm32h7xx_hal_adc.o(i.HAL_ADC_ConfigChannel)
    HAL_ADC_GetState                         0x0800186d   Thumb Code     4  stm32h7xx_hal_adc.o(i.HAL_ADC_GetState)
    HAL_ADC_GetValue                         0x08001871   Thumb Code     6  stm32h7xx_hal_adc.o(i.HAL_ADC_GetValue)
    HAL_ADC_Init                             0x08001879   Thumb Code   496  stm32h7xx_hal_adc.o(i.HAL_ADC_Init)
    HAL_ADC_MspInit                          0x08001a9d   Thumb Code     2  stm32h7xx_hal_adc.o(i.HAL_ADC_MspInit)
    HAL_ADC_PollForConversion                0x08001aa1   Thumb Code   268  stm32h7xx_hal_adc.o(i.HAL_ADC_PollForConversion)
    HAL_ADC_Start                            0x08001bbd   Thumb Code   242  stm32h7xx_hal_adc.o(i.HAL_ADC_Start)
    HAL_Delay                                0x08001cc5   Thumb Code    32  stm32h7xx_hal.o(i.HAL_Delay)
    HAL_ETH_Init                             0x08001ce9   Thumb Code   484  stm32h7xx_hal_eth.o(i.HAL_ETH_Init)
    HAL_ETH_MspInit                          0x08001ef5   Thumb Code   232  stm32h7xx_hal_msp.o(i.HAL_ETH_MspInit)
    HAL_GPIO_Init                            0x08001ff5   Thumb Code   510  stm32h7xx_hal_gpio.o(i.HAL_GPIO_Init)
    HAL_GPIO_WritePin                        0x08002225   Thumb Code    10  stm32h7xx_hal_gpio.o(i.HAL_GPIO_WritePin)
    HAL_GetREVID                             0x08002231   Thumb Code     8  stm32h7xx_hal.o(i.HAL_GetREVID)
    HAL_GetTick                              0x0800223d   Thumb Code     6  stm32h7xx_hal.o(i.HAL_GetTick)
    HAL_IncTick                              0x08002249   Thumb Code    12  stm32h7xx_hal.o(i.HAL_IncTick)
    HAL_Init                                 0x08002259   Thumb Code    74  stm32h7xx_hal.o(i.HAL_Init)
    HAL_InitTick                             0x080022b5   Thumb Code    56  stm32h7xx_hal.o(i.HAL_InitTick)
    HAL_MspInit                              0x080022f5   Thumb Code    22  stm32h7xx_hal_msp.o(i.HAL_MspInit)
    HAL_NVIC_SetPriority                     0x08002311   Thumb Code    60  stm32h7xx_hal_cortex.o(i.HAL_NVIC_SetPriority)
    HAL_NVIC_SetPriorityGrouping             0x08002351   Thumb Code    28  stm32h7xx_hal_cortex.o(i.HAL_NVIC_SetPriorityGrouping)
    HAL_PCDEx_ActivateLPM                    0x08002375   Thumb Code    34  stm32h7xx_hal_pcd_ex.o(i.HAL_PCDEx_ActivateLPM)
    HAL_PCD_Init                             0x0800239d   Thumb Code   242  stm32h7xx_hal_pcd.o(i.HAL_PCD_Init)
    HAL_PCD_MspInit                          0x08002491   Thumb Code   110  stm32h7xx_hal_msp.o(i.HAL_PCD_MspInit)
    HAL_PWREx_ConfigSupply                   0x0800250d   Thumb Code    78  stm32h7xx_hal_pwr_ex.o(i.HAL_PWREx_ConfigSupply)
    HAL_PWREx_EnableUSBVoltageDetector       0x08002561   Thumb Code    12  stm32h7xx_hal_pwr_ex.o(i.HAL_PWREx_EnableUSBVoltageDetector)
    HAL_RCCEx_GetD3PCLK1Freq                 0x08002571   Thumb Code    26  stm32h7xx_hal_rcc_ex.o(i.HAL_RCCEx_GetD3PCLK1Freq)
    HAL_RCCEx_GetPLL1ClockFreq               0x08002595   Thumb Code   296  stm32h7xx_hal_rcc_ex.o(i.HAL_RCCEx_GetPLL1ClockFreq)
    HAL_RCCEx_GetPLL2ClockFreq               0x080026d9   Thumb Code   296  stm32h7xx_hal_rcc_ex.o(i.HAL_RCCEx_GetPLL2ClockFreq)
    HAL_RCCEx_GetPLL3ClockFreq               0x0800281d   Thumb Code   296  stm32h7xx_hal_rcc_ex.o(i.HAL_RCCEx_GetPLL3ClockFreq)
    HAL_RCCEx_GetPeriphCLKFreq               0x08002961   Thumb Code   456  stm32h7xx_hal_rcc_ex.o(i.HAL_RCCEx_GetPeriphCLKFreq)
    HAL_RCCEx_PeriphCLKConfig                0x08002b39   Thumb Code  2234  stm32h7xx_hal_rcc_ex.o(i.HAL_RCCEx_PeriphCLKConfig)
    HAL_RCC_ClockConfig                      0x080033f5   Thumb Code   580  stm32h7xx_hal_rcc.o(i.HAL_RCC_ClockConfig)
    HAL_RCC_GetHCLKFreq                      0x08003651   Thumb Code    52  stm32h7xx_hal_rcc.o(i.HAL_RCC_GetHCLKFreq)
    HAL_RCC_GetPCLK1Freq                     0x08003695   Thumb Code    26  stm32h7xx_hal_rcc.o(i.HAL_RCC_GetPCLK1Freq)
    HAL_RCC_GetPCLK2Freq                     0x080036b9   Thumb Code    26  stm32h7xx_hal_rcc.o(i.HAL_RCC_GetPCLK2Freq)
    HAL_RCC_GetSysClockFreq                  0x080036dd   Thumb Code   278  stm32h7xx_hal_rcc.o(i.HAL_RCC_GetSysClockFreq)
    HAL_RCC_OscConfig                        0x08003815   Thumb Code  1282  stm32h7xx_hal_rcc.o(i.HAL_RCC_OscConfig)
    HAL_SYSCFG_ETHInterfaceSelect            0x08003d1d   Thumb Code    14  stm32h7xx_hal.o(i.HAL_SYSCFG_ETHInterfaceSelect)
    HAL_SYSTICK_Config                       0x08003d31   Thumb Code    38  stm32h7xx_hal_cortex.o(i.HAL_SYSTICK_Config)
    HAL_TIMEx_ConfigBreakDeadTime            0x08003d59   Thumb Code   150  stm32h7xx_hal_tim_ex.o(i.HAL_TIMEx_ConfigBreakDeadTime)
    HAL_TIMEx_MasterConfigSynchronization    0x08003df9   Thumb Code   128  stm32h7xx_hal_tim_ex.o(i.HAL_TIMEx_MasterConfigSynchronization)
    HAL_TIM_Base_Init                        0x08003e91   Thumb Code    98  stm32h7xx_hal_tim.o(i.HAL_TIM_Base_Init)
    HAL_TIM_Base_MspInit                     0x08003ef5   Thumb Code    30  stm32h7xx_hal_msp.o(i.HAL_TIM_Base_MspInit)
    HAL_TIM_ConfigClockSource                0x08003f1d   Thumb Code   242  stm32h7xx_hal_tim.o(i.HAL_TIM_ConfigClockSource)
    HAL_TIM_Encoder_Init                     0x08004015   Thumb Code   182  stm32h7xx_hal_tim.o(i.HAL_TIM_Encoder_Init)
    HAL_TIM_Encoder_MspInit                  0x080040d1   Thumb Code     2  stm32h7xx_hal_tim.o(i.HAL_TIM_Encoder_MspInit)
    HAL_TIM_Encoder_Start                    0x080040d3   Thumb Code   142  stm32h7xx_hal_tim.o(i.HAL_TIM_Encoder_Start)
    HAL_TIM_MspPostInit                      0x08004161   Thumb Code    72  stm32h7xx_hal_msp.o(i.HAL_TIM_MspPostInit)
    HAL_TIM_OC_ConfigChannel                 0x080041b5   Thumb Code   104  stm32h7xx_hal_tim.o(i.HAL_TIM_OC_ConfigChannel)
    HAL_TIM_OC_Init                          0x0800421d   Thumb Code    98  stm32h7xx_hal_tim.o(i.HAL_TIM_OC_Init)
    HAL_TIM_OC_MspInit                       0x0800427f   Thumb Code     2  stm32h7xx_hal_tim.o(i.HAL_TIM_OC_MspInit)
    HAL_TIM_PWM_ConfigChannel                0x08004281   Thumb Code   286  stm32h7xx_hal_tim.o(i.HAL_TIM_PWM_ConfigChannel)
    HAL_TIM_PWM_Init                         0x0800439f   Thumb Code    98  stm32h7xx_hal_tim.o(i.HAL_TIM_PWM_Init)
    HAL_TIM_PWM_MspInit                      0x08004401   Thumb Code     2  stm32h7xx_hal_tim.o(i.HAL_TIM_PWM_MspInit)
    HAL_TIM_PWM_Start                        0x08004405   Thumb Code   190  stm32h7xx_hal_tim.o(i.HAL_TIM_PWM_Start)
    HAL_UARTEx_DisableFifoMode               0x080044dd   Thumb Code    64  stm32h7xx_hal_uart_ex.o(i.HAL_UARTEx_DisableFifoMode)
    HAL_UARTEx_SetRxFifoThreshold            0x0800451d   Thumb Code    76  stm32h7xx_hal_uart_ex.o(i.HAL_UARTEx_SetRxFifoThreshold)
    HAL_UARTEx_SetTxFifoThreshold            0x08004569   Thumb Code    76  stm32h7xx_hal_uart_ex.o(i.HAL_UARTEx_SetTxFifoThreshold)
    HAL_UART_Init                            0x080045b5   Thumb Code   106  stm32h7xx_hal_uart.o(i.HAL_UART_Init)
    HAL_UART_MspInit                         0x08004621   Thumb Code    92  stm32h7xx_hal_msp.o(i.HAL_UART_MspInit)
    HAL_UART_Receive                         0x08004689   Thumb Code   250  stm32h7xx_hal_uart.o(i.HAL_UART_Receive)
    HAL_UART_Transmit                        0x08004783   Thumb Code   190  stm32h7xx_hal_uart.o(i.HAL_UART_Transmit)
    HardFault_Handler                        0x08004841   Thumb Code     2  stm32h7xx_it.o(i.HardFault_Handler)
    InlineCurrentSense                       0x08004845   Thumb Code    32  inlinecurrentsense.o(i.InlineCurrentSense)
    InlineCurrentSense_Init                  0x08004869   Thumb Code     4  inlinecurrentsense.o(i.InlineCurrentSense_Init)
    LPF_current_d                            0x080048b5   Thumb Code    40  lowpass_filter.o(i.LPF_current_d)
    LPF_current_q                            0x080048f1   Thumb Code    40  lowpass_filter.o(i.LPF_current_q)
    LPF_velocity                             0x0800492d   Thumb Code    40  lowpass_filter.o(i.LPF_velocity)
    MemManage_Handler                        0x08004d49   Thumb Code     2  stm32h7xx_it.o(i.MemManage_Handler)
    Motor_init                               0x08004d4d   Thumb Code    60  bldcmotor.o(i.Motor_init)
    Motor_initFOC                            0x08004db5   Thumb Code    62  bldcmotor.o(i.Motor_initFOC)
    NMI_Handler                              0x08004e05   Thumb Code     2  stm32h7xx_it.o(i.NMI_Handler)
    PID_angle                                0x08004e09   Thumb Code   158  pid.o(i.PID_angle)
    PID_current_d                            0x08004eb9   Thumb Code   292  pid.o(i.PID_current_d)
    PID_current_q                            0x08004ff1   Thumb Code   292  pid.o(i.PID_current_q)
    PID_init                                 0x08005129   Thumb Code   124  pid.o(i.PID_init)
    PID_velocity                             0x080051b5   Thumb Code   286  pid.o(i.PID_velocity)
    PendSV_Handler                           0x080052e5   Thumb Code     2  stm32h7xx_it.o(i.PendSV_Handler)
    SVC_Handler                              0x08005529   Thumb Code     2  stm32h7xx_it.o(i.SVC_Handler)
    SysTick_Handler                          0x0800552b   Thumb Code     4  stm32h7xx_it.o(i.SysTick_Handler)
    SystemClock_Config                       0x08005531   Thumb Code   168  main.o(i.SystemClock_Config)
    SystemInit                               0x080055e5   Thumb Code   146  system_stm32h7xx.o(i.SystemInit)
    TIM_Base_SetConfig                       0x08005689   Thumb Code   162  stm32h7xx_hal_tim.o(i.TIM_Base_SetConfig)
    TIM_CCxChannelCmd                        0x0800574d   Thumb Code    26  stm32h7xx_hal_tim.o(i.TIM_CCxChannelCmd)
    TIM_ETR_SetConfig                        0x08005767   Thumb Code    18  stm32h7xx_hal_tim.o(i.TIM_ETR_SetConfig)
    TIM_OC2_SetConfig                        0x08005835   Thumb Code   126  stm32h7xx_hal_tim.o(i.TIM_OC2_SetConfig)
    UART_AdvFeatureConfig                    0x08005b49   Thumb Code   200  stm32h7xx_hal_uart.o(i.UART_AdvFeatureConfig)
    UART_CheckIdleState                      0x08005c11   Thumb Code    94  stm32h7xx_hal_uart.o(i.UART_CheckIdleState)
    UART_SetConfig                           0x08005c71   Thumb Code   878  stm32h7xx_hal_uart.o(i.UART_SetConfig)
    UART_WaitOnFlagUntilTimeout              0x08006021   Thumb Code   164  stm32h7xx_hal_uart.o(i.UART_WaitOnFlagUntilTimeout)
    USB_CoreInit                             0x080060c5   Thumb Code   114  stm32h7xx_ll_usb.o(i.USB_CoreInit)
    USB_DevDisconnect                        0x08006175   Thumb Code    24  stm32h7xx_ll_usb.o(i.USB_DevDisconnect)
    USB_DevInit                              0x0800618d   Thumb Code   368  stm32h7xx_ll_usb.o(i.USB_DevInit)
    USB_DisableGlobalInt                     0x08006305   Thumb Code    12  stm32h7xx_ll_usb.o(i.USB_DisableGlobalInt)
    USB_FlushRxFifo                          0x08006311   Thumb Code    28  stm32h7xx_ll_usb.o(i.USB_FlushRxFifo)
    USB_FlushTxFifo                          0x08006331   Thumb Code    32  stm32h7xx_ll_usb.o(i.USB_FlushTxFifo)
    USB_SetCurrentMode                       0x08006355   Thumb Code    46  stm32h7xx_ll_usb.o(i.USB_SetCurrentMode)
    UsageFault_Handler                       0x08006383   Thumb Code     2  stm32h7xx_it.o(i.UsageFault_Handler)
    __0printf                                0x08006385   Thumb Code    22  printfa.o(i.__0printf)
    __1printf                                0x08006385   Thumb Code     0  printfa.o(i.__0printf)
    __2printf                                0x08006385   Thumb Code     0  printfa.o(i.__0printf)
    __c89printf                              0x08006385   Thumb Code     0  printfa.o(i.__0printf)
    printf                                   0x08006385   Thumb Code     0  printfa.o(i.__0printf)
    __ARM_fpclassify                         0x080063a5   Thumb Code    48  fpclassify.o(i.__ARM_fpclassify)
    __hardfp_atan                            0x080063f9   Thumb Code   402  atan.o(i.__hardfp_atan)
    __hardfp_atan2                           0x080065f9   Thumb Code   392  atan2.o(i.__hardfp_atan2)
    __hardfp_atof                            0x080067c1   Thumb Code    44  atof.o(i.__hardfp_atof)
    __hardfp_fmod                            0x080067f9   Thumb Code   246  fmod.o(i.__hardfp_fmod)
    __kernel_poly                            0x080068f5   Thumb Code   112  poly.o(i.__kernel_poly)
    __mathlib_dbl_infnan                     0x08006965   Thumb Code     6  dunder.o(i.__mathlib_dbl_infnan)
    __mathlib_dbl_infnan2                    0x0800696b   Thumb Code     6  dunder.o(i.__mathlib_dbl_infnan2)
    __mathlib_dbl_invalid                    0x08006971   Thumb Code    10  dunder.o(i.__mathlib_dbl_invalid)
    __mathlib_dbl_underflow                  0x08006989   Thumb Code    10  dunder.o(i.__mathlib_dbl_underflow)
    __read_errno                             0x080069a1   Thumb Code     6  errno.o(i.__read_errno)
    __scatterload_copy                       0x080069ad   Thumb Code    14  handlers.o(i.__scatterload_copy)
    __scatterload_null                       0x080069bb   Thumb Code     2  handlers.o(i.__scatterload_null)
    __scatterload_zeroinit                   0x080069bd   Thumb Code    14  handlers.o(i.__scatterload_zeroinit)
    __set_errno                              0x080069cd   Thumb Code     6  errno.o(i.__set_errno)
    _cos                                     0x080069d9   Thumb Code    62  foc_utils.o(i._cos)
    _electricalAngle                         0x08006a2d   Thumb Code    14  foc_utils.o(i._electricalAngle)
    _is_digit                                0x08006bc1   Thumb Code    14  scanf_fp.o(i._is_digit)
    _normalizeAngle                          0x08006bd1   Thumb Code    54  foc_utils.o(i._normalizeAngle)
    _readADCVoltage                          0x08007319   Thumb Code    36  adc.o(i._readADCVoltage)
    _sin                                     0x0800734d   Thumb Code   268  foc_utils.o(i._sin)
    _sqrtApprox                              0x08007489   Thumb Code    20  foc_utils.o(i._sqrtApprox)
    alignSensor                              0x080074a1   Thumb Code   492  bldcmotor.o(i.alignSensor)
    analogRead                               0x080077bd   Thumb Code    40  adc.o(i.analogRead)
    angleOpenloop                            0x080077e9   Thumb Code   220  bldcmotor.o(i.angleOpenloop)
    atan                                     0x080078dd   Thumb Code    16  atan.o(i.atan)
    commander_run                            0x080078ed   Thumb Code    82  main.o(i.commander_run)
    electricalAngle                          0x08007969   Thumb Code    36  focmotor.o(i.electricalAngle)
    fabs                                     0x08007995   Thumb Code    24  fabs.o(i.fabs)
    fgetc                                    0x080079ad   Thumb Code    28  usart.o(i.fgetc)
    fputc                                    0x080079cd   Thumb Code    24  usart.o(i.fputc)
    getAngle                                 0x080079e9   Thumb Code     6  us_digital_1000.o(i.getAngle)
    getDCCurrent                             0x080079f5   Thumb Code   132  currentsense.o(i.getDCCurrent)
    getFOCCurrents                           0x08007a89   Thumb Code    96  currentsense.o(i.getFOCCurrents)
    getPhaseCurrents                         0x08007af9   Thumb Code    62  inlinecurrentsense.o(i.getPhaseCurrents)
    getVelocity                              0x08007b41   Thumb Code     8  us_digital_1000.o(i.getVelocity)
    getc                                     0x08007b4d   Thumb Code     4  getc.o(i.getc)
    gets                                     0x08007b51   Thumb Code    42  gets.o(i.gets)
    loopFOC                                  0x08007b81   Thumb Code   206  bldcmotor.o(i.loopFOC)
    main                                     0x08007c95   Thumb Code   198  main.o(i.main)
    move                                     0x08007da1   Thumb Code   234  bldcmotor.o(i.move)
    setPhaseVoltage                          0x08007eb5   Thumb Code   518  bldcmotor.o(i.setPhaseVoltage)
    shaftAngle                               0x080080f5   Thumb Code    32  focmotor.o(i.shaftAngle)
    shaftVelocity                            0x0800811d   Thumb Code    26  focmotor.o(i.shaftVelocity)
    velocityOpenloop                         0x0800813d   Thumb Code   148  bldcmotor.o(i.velocityOpenloop)
    UARTPrescTable                           0x080081e8   Data          24  stm32h7xx_hal_uart.o(.constdata)
    D1CorePrescTable                         0x08008200   Data          16  system_stm32h7xx.o(.constdata)
    sine_array                               0x08008210   Data         800  foc_utils.o(.constdata)
    __mathlib_zero                           0x080085c8   Data           8  qnan.o(.constdata)
    __ctype_categories                       0x080085d0   Data          64  ctype_c.o(.constdata)
    Region$$Table$$Base                      0x08008610   Number         0  anon$$obj.o(Region$$Table)
    Region$$Table$$Limit                     0x08008630   Number         0  anon$$obj.o(Region$$Table)
    ch                                       0x20000000   Data           1  main.o(.data)
    v                                        0x20000001   Data           3  main.o(.data)
    target                                   0x20000004   Data           4  main.o(.data)
    uwTickFreq                               0x20000008   Data           1  stm32h7xx_hal.o(.data)
    uwTickPrio                               0x2000000c   Data           4  stm32h7xx_hal.o(.data)
    uwTick                                   0x20000010   Data           4  stm32h7xx_hal.o(.data)
    SystemCoreClock                          0x20000014   Data           4  system_stm32h7xx.o(.data)
    SystemD2Clock                            0x20000018   Data           4  system_stm32h7xx.o(.data)
    sensor_direction                         0x2000001c   Data           4  bldcmotor.o(.data)
    voltage_power_supply                     0x20000020   Data           4  bldcmotor.o(.data)
    voltage_limit                            0x20000024   Data           4  bldcmotor.o(.data)
    voltage_sensor_align                     0x20000028   Data           4  bldcmotor.o(.data)
    pole_pairs                               0x2000002c   Data           4  bldcmotor.o(.data)
    open_loop_timestamp                      0x20000030   Data           4  bldcmotor.o(.data)
    velocity_limit                           0x20000034   Data           4  bldcmotor.o(.data)
    current_limit                            0x20000038   Data           4  bldcmotor.o(.data)
    sensor_offset                            0x2000003c   Data           4  focmotor.o(.data)
    shaft_angle                              0x20000040   Data           4  focmotor.o(.data)
    zero_electric_angle                      0x20000044   Data           4  focmotor.o(.data)
    electrical_angle                         0x20000048   Data           4  focmotor.o(.data)
    shaft_velocity                           0x2000004c   Data           4  focmotor.o(.data)
    current_sp                               0x20000050   Data           4  focmotor.o(.data)
    shaft_velocity_sp                        0x20000054   Data           4  focmotor.o(.data)
    shaft_angle_sp                           0x20000058   Data           4  focmotor.o(.data)
    voltage                                  0x2000005c   Data           8  focmotor.o(.data)
    current                                  0x20000064   Data           8  focmotor.o(.data)
    torque_controller                        0x2000006c   Data           1  focmotor.o(.data)
    controller                               0x2000006d   Data           1  focmotor.o(.data)
    y_vel_prev                               0x20000070   Data           4  lowpass_filter.o(.data)
    y_current_q_prev                         0x20000074   Data           4  lowpass_filter.o(.data)
    y_current_d_prev                         0x20000078   Data           4  lowpass_filter.o(.data)
    pid_vel_P                                0x2000007c   Data           4  pid.o(.data)
    pid_ang_P                                0x20000080   Data           4  pid.o(.data)
    pid_cur_P                                0x20000084   Data           4  pid.o(.data)
    pid_vel_I                                0x20000088   Data           4  pid.o(.data)
    pid_ang_D                                0x2000008c   Data           4  pid.o(.data)
    pid_cur_I                                0x20000090   Data           4  pid.o(.data)
    integral_vel_prev                        0x20000094   Data           4  pid.o(.data)
    integral_cur_q_prev                      0x20000098   Data           4  pid.o(.data)
    integral_cur_d_prev                      0x2000009c   Data           4  pid.o(.data)
    error_vel_prev                           0x200000a0   Data           4  pid.o(.data)
    error_ang_prev                           0x200000a4   Data           4  pid.o(.data)
    error_cur_q_prev                         0x200000a8   Data           4  pid.o(.data)
    error_cur_d_prev                         0x200000ac   Data           4  pid.o(.data)
    output_vel_ramp                          0x200000b0   Data           4  pid.o(.data)
    output_cur_ramp                          0x200000b4   Data           4  pid.o(.data)
    output_vel_prev                          0x200000b8   Data           4  pid.o(.data)
    output_cur_q_prev                        0x200000bc   Data           4  pid.o(.data)
    output_cur_d_prev                        0x200000c0   Data           4  pid.o(.data)
    pid_vel_timestamp                        0x200000c4   Data           4  pid.o(.data)
    pid_ang_timestamp                        0x200000c8   Data           4  pid.o(.data)
    pid_cur_q_timestamp                      0x200000cc   Data           4  pid.o(.data)
    pid_cur_d_timestamp                      0x200000d0   Data           4  pid.o(.data)
    pinA                                     0x200000d4   Data           4  inlinecurrentsense.o(.data)
    pinB                                     0x200000d8   Data           4  inlinecurrentsense.o(.data)
    gain_a                                   0x200000dc   Data           4  inlinecurrentsense.o(.data)
    gain_b                                   0x200000e0   Data           4  inlinecurrentsense.o(.data)
    offset_ia                                0x200000e4   Data           4  inlinecurrentsense.o(.data)
    offset_ib                                0x200000e8   Data           4  inlinecurrentsense.o(.data)
    Encoder_count_Motor1                     0x200000ec   Data           4  us_digital_1000.o(.data)
    Vel_Now_Motor1                           0x200000f0   Data           4  us_digital_1000.o(.data)
    __stdout                                 0x200000f4   Data           4  usart.o(.data)
    __stdin                                  0x200000f8   Data           4  stdin.o(.data)
    TxConfig                                 0x20000100   Data          52  main.o(.bss)
    hadc1                                    0x20000134   Data         100  main.o(.bss)
    heth                                     0x20000198   Data         112  main.o(.bss)
    htim1                                    0x20000208   Data          76  main.o(.bss)
    htim4                                    0x20000254   Data          76  main.o(.bss)
    htim5                                    0x200002a0   Data          76  main.o(.bss)
    hpcd_USB_OTG_FS                          0x200002ec   Data        1032  main.o(.bss)
    huart3                                   0x200006f4   Data         140  usart.o(.bss)
    __initial_sp                             0x20000b80   Data           0  startup_stm32h743xx.o(STACK)
    DMARxDscrTab                             0x30040000   Data          96  main.o(.ARM.__AT_0x30040000)
    DMATxDscrTab                             0x30040060   Data          96  main.o(.ARM.__AT_0x30040060)
    Rx_Buff                                  0x30040200   Data        6112  main.o(.ARM.__AT_0x30040200)



==============================================================================

Memory Map of the image

  Image Entry point : 0x08000299

  Load Region LR_IROM1 (Base: 0x08000000, Size: 0x00008730, Max: 0x00200000, ABSOLUTE)

    Execution Region ER_IROM1 (Exec base: 0x08000000, Load base: 0x08000000, Size: 0x00008630, Max: 0x00200000, ABSOLUTE)

    Exec Addr    Load Addr    Size         Type   Attr      Idx    E Section Name        Object

    0x08000000   0x08000000   0x00000298   Data   RO            3    RESET               startup_stm32h743xx.o
    0x08000298   0x08000298   0x00000000   Code   RO         6392  * .ARM.Collect$$$$00000000  mc_w.l(entry.o)
    0x08000298   0x08000298   0x00000004   Code   RO         6704    .ARM.Collect$$$$00000001  mc_w.l(entry2.o)
    0x0800029c   0x0800029c   0x00000004   Code   RO         6707    .ARM.Collect$$$$00000004  mc_w.l(entry5.o)
    0x080002a0   0x080002a0   0x00000000   Code   RO         6709    .ARM.Collect$$$$00000008  mc_w.l(entry7b.o)
    0x080002a0   0x080002a0   0x00000000   Code   RO         6711    .ARM.Collect$$$$0000000A  mc_w.l(entry8b.o)
    0x080002a0   0x080002a0   0x00000008   Code   RO         6712    .ARM.Collect$$$$0000000B  mc_w.l(entry9a.o)
    0x080002a8   0x080002a8   0x00000004   Code   RO         6719    .ARM.Collect$$$$0000000E  mc_w.l(entry12b.o)
    0x080002ac   0x080002ac   0x00000000   Code   RO         6714    .ARM.Collect$$$$0000000F  mc_w.l(entry10a.o)
    0x080002ac   0x080002ac   0x00000000   Code   RO         6716    .ARM.Collect$$$$00000011  mc_w.l(entry11a.o)
    0x080002ac   0x080002ac   0x00000004   Code   RO         6705    .ARM.Collect$$$$00002712  mc_w.l(entry2.o)
    0x080002b0   0x080002b0   0x00000024   Code   RO            4    .text               startup_stm32h743xx.o
    0x080002d4   0x080002d4   0x00000062   Code   RO         6400    .text               mc_w.l(uldiv.o)
    0x08000336   0x08000336   0x00000024   Code   RO         6402    .text               mc_w.l(memcpya.o)
    0x0800035a   0x0800035a   0x00000024   Code   RO         6404    .text               mc_w.l(memseta.o)
    0x0800037e   0x0800037e   0x0000002c   Code   RO         6720    .text               mc_w.l(uidiv.o)
    0x080003aa   0x080003aa   0x0000001e   Code   RO         6722    .text               mc_w.l(llshl.o)
    0x080003c8   0x080003c8   0x00000020   Code   RO         6724    .text               mc_w.l(llushr.o)
    0x080003e8   0x080003e8   0x0000009c   Code   RO         6733    .text               mc_w.l(strtod.o)
    0x08000484   0x08000484   0x00000000   Code   RO         6735    .text               mc_w.l(iusefp.o)
    0x08000484   0x08000484   0x0000014e   Code   RO         6736    .text               mf_w.l(dadd.o)
    0x080005d2   0x080005d2   0x000000e4   Code   RO         6738    .text               mf_w.l(dmul.o)
    0x080006b6   0x080006b6   0x000000de   Code   RO         6740    .text               mf_w.l(ddiv.o)
    0x08000794   0x08000794   0x00000086   Code   RO         6742    .text               mf_w.l(drem.o)
    0x0800081a   0x0800081a   0x00000030   Code   RO         6744    .text               mf_w.l(dfixul.o)
    0x0800084a   0x0800084a   0x00000002   PAD
    0x0800084c   0x0800084c   0x00000030   Code   RO         6746    .text               mf_w.l(cdrcmple.o)
    0x0800087c   0x0800087c   0x00000024   Code   RO         6752    .text               mc_w.l(init.o)
    0x080008a0   0x080008a0   0x00000024   Code   RO         6754    .text               mc_w.l(llsshr.o)
    0x080008c4   0x080008c4   0x0000000a   Code   RO         6756    .text               mc_w.l(isspace_c.o)
    0x080008ce   0x080008ce   0x00000002   PAD
    0x080008d0   0x080008d0   0x00000360   Code   RO         6758    .text               mc_w.l(scanf_fp.o)
    0x08000c30   0x08000c30   0x00000040   Code   RO         6762    .text               mc_w.l(_sgetc.o)
    0x08000c70   0x08000c70   0x000000ba   Code   RO         6764    .text               mf_w.l(depilogue.o)
    0x08000d2a   0x08000d2a   0x00000002   PAD
    0x08000d2c   0x08000d2c   0x00000028   Code   RO         6766    .text               mc_w.l(ctype_c.o)
    0x08000d54   0x08000d54   0x00000018   Code   RO         6769    .text               mf_w.l(dfltul.o)
    0x08000d6c   0x08000d6c   0x00000038   Code   RO         6771    .text               mf_w.l(d2f.o)
    0x08000da4   0x08000da4   0x0000006e   Code   RO         6773    .text               mf_w.l(fepilogue.o)
    0x08000e12   0x08000e12   0x00000002   PAD
    0x08000e14   0x08000e14   0x00000108   Code   RO         5402    i.ADC_ConfigureBoostMode  stm32h7xx_hal_adc.o
    0x08000f1c   0x08000f1c   0x000000a4   Code   RO         5408    i.ADC_Enable        stm32h7xx_hal_adc.o
    0x08000fc0   0x08000fc0   0x00000002   Code   RO          299    i.BusFault_Handler  stm32h7xx_it.o
    0x08000fc2   0x08000fc2   0x00000002   PAD
    0x08000fc4   0x08000fc4   0x00000070   Code   RO         6194    i.Current_calibrateOffsets  inlinecurrentsense.o
    0x08001034   0x08001034   0x00000002   Code   RO          300    i.DebugMon_Handler  stm32h7xx_it.o
    0x08001036   0x08001036   0x000000d8   Code   RO          595    i.ETH_MACDMAConfig  stm32h7xx_hal_eth.o
    0x0800110e   0x0800110e   0x00000002   PAD
    0x08001110   0x08001110   0x000000b4   Code   RO          597    i.ETH_SetDMAConfig  stm32h7xx_hal_eth.o
    0x080011c4   0x080011c4   0x000001a8   Code   RO          598    i.ETH_SetMACConfig  stm32h7xx_hal_eth.o
    0x0800136c   0x0800136c   0x00000124   Code   RO         5644    i.HAL_ADCEx_MultiModeConfigChannel  stm32h7xx_hal_adc_ex.o
    0x08001490   0x08001490   0x000003dc   Code   RO         5410    i.HAL_ADC_ConfigChannel  stm32h7xx_hal_adc.o
    0x0800186c   0x0800186c   0x00000004   Code   RO         5416    i.HAL_ADC_GetState  stm32h7xx_hal_adc.o
    0x08001870   0x08001870   0x00000006   Code   RO         5417    i.HAL_ADC_GetValue  stm32h7xx_hal_adc.o
    0x08001876   0x08001876   0x00000002   PAD
    0x08001878   0x08001878   0x00000224   Code   RO         5419    i.HAL_ADC_Init      stm32h7xx_hal_adc.o
    0x08001a9c   0x08001a9c   0x00000002   Code   RO         5422    i.HAL_ADC_MspInit   stm32h7xx_hal_adc.o
    0x08001a9e   0x08001a9e   0x00000002   PAD
    0x08001aa0   0x08001aa0   0x0000011c   Code   RO         5423    i.HAL_ADC_PollForConversion  stm32h7xx_hal_adc.o
    0x08001bbc   0x08001bbc   0x00000108   Code   RO         5425    i.HAL_ADC_Start     stm32h7xx_hal_adc.o
    0x08001cc4   0x08001cc4   0x00000024   Code   RO         4485    i.HAL_Delay         stm32h7xx_hal.o
    0x08001ce8   0x08001ce8   0x0000020c   Code   RO          618    i.HAL_ETH_Init      stm32h7xx_hal_eth.o
    0x08001ef4   0x08001ef4   0x00000100   Code   RO          377    i.HAL_ETH_MspInit   stm32h7xx_hal_msp.o
    0x08001ff4   0x08001ff4   0x00000230   Code   RO         3624    i.HAL_GPIO_Init     stm32h7xx_hal_gpio.o
    0x08002224   0x08002224   0x0000000a   Code   RO         3628    i.HAL_GPIO_WritePin  stm32h7xx_hal_gpio.o
    0x0800222e   0x0800222e   0x00000002   PAD
    0x08002230   0x08002230   0x0000000c   Code   RO         4500    i.HAL_GetREVID      stm32h7xx_hal.o
    0x0800223c   0x0800223c   0x0000000c   Code   RO         4501    i.HAL_GetTick       stm32h7xx_hal.o
    0x08002248   0x08002248   0x00000010   Code   RO         4507    i.HAL_IncTick       stm32h7xx_hal.o
    0x08002258   0x08002258   0x0000005c   Code   RO         4508    i.HAL_Init          stm32h7xx_hal.o
    0x080022b4   0x080022b4   0x00000040   Code   RO         4509    i.HAL_InitTick      stm32h7xx_hal.o
    0x080022f4   0x080022f4   0x0000001c   Code   RO          378    i.HAL_MspInit       stm32h7xx_hal_msp.o
    0x08002310   0x08002310   0x00000040   Code   RO          466    i.HAL_NVIC_SetPriority  stm32h7xx_hal_cortex.o
    0x08002350   0x08002350   0x00000024   Code   RO          467    i.HAL_NVIC_SetPriorityGrouping  stm32h7xx_hal_cortex.o
    0x08002374   0x08002374   0x00000028   Code   RO         2758    i.HAL_PCDEx_ActivateLPM  stm32h7xx_hal_pcd_ex.o
    0x0800239c   0x0800239c   0x000000f2   Code   RO         2558    i.HAL_PCD_Init      stm32h7xx_hal_pcd.o
    0x0800248e   0x0800248e   0x00000002   PAD
    0x08002490   0x08002490   0x0000007c   Code   RO          380    i.HAL_PCD_MspInit   stm32h7xx_hal_msp.o
    0x0800250c   0x0800250c   0x00000054   Code   RO         4225    i.HAL_PWREx_ConfigSupply  stm32h7xx_hal_pwr_ex.o
    0x08002560   0x08002560   0x00000010   Code   RO         4242    i.HAL_PWREx_EnableUSBVoltageDetector  stm32h7xx_hal_pwr_ex.o
    0x08002570   0x08002570   0x00000024   Code   RO         3245    i.HAL_RCCEx_GetD3PCLK1Freq  stm32h7xx_hal_rcc_ex.o
    0x08002594   0x08002594   0x00000144   Code   RO         3246    i.HAL_RCCEx_GetPLL1ClockFreq  stm32h7xx_hal_rcc_ex.o
    0x080026d8   0x080026d8   0x00000144   Code   RO         3247    i.HAL_RCCEx_GetPLL2ClockFreq  stm32h7xx_hal_rcc_ex.o
    0x0800281c   0x0800281c   0x00000144   Code   RO         3248    i.HAL_RCCEx_GetPLL3ClockFreq  stm32h7xx_hal_rcc_ex.o
    0x08002960   0x08002960   0x000001d8   Code   RO         3250    i.HAL_RCCEx_GetPeriphCLKFreq  stm32h7xx_hal_rcc_ex.o
    0x08002b38   0x08002b38   0x000008ba   Code   RO         3254    i.HAL_RCCEx_PeriphCLKConfig  stm32h7xx_hal_rcc_ex.o
    0x080033f2   0x080033f2   0x00000002   PAD
    0x080033f4   0x080033f4   0x0000025c   Code   RO         3130    i.HAL_RCC_ClockConfig  stm32h7xx_hal_rcc.o
    0x08003650   0x08003650   0x00000044   Code   RO         3135    i.HAL_RCC_GetHCLKFreq  stm32h7xx_hal_rcc.o
    0x08003694   0x08003694   0x00000024   Code   RO         3137    i.HAL_RCC_GetPCLK1Freq  stm32h7xx_hal_rcc.o
    0x080036b8   0x080036b8   0x00000024   Code   RO         3138    i.HAL_RCC_GetPCLK2Freq  stm32h7xx_hal_rcc.o
    0x080036dc   0x080036dc   0x00000138   Code   RO         3139    i.HAL_RCC_GetSysClockFreq  stm32h7xx_hal_rcc.o
    0x08003814   0x08003814   0x00000508   Code   RO         3142    i.HAL_RCC_OscConfig  stm32h7xx_hal_rcc.o
    0x08003d1c   0x08003d1c   0x00000014   Code   RO         4520    i.HAL_SYSCFG_ETHInterfaceSelect  stm32h7xx_hal.o
    0x08003d30   0x08003d30   0x00000026   Code   RO          471    i.HAL_SYSTICK_Config  stm32h7xx_hal_cortex.o
    0x08003d56   0x08003d56   0x00000002   PAD
    0x08003d58   0x08003d58   0x000000a0   Code   RO         1755    i.HAL_TIMEx_ConfigBreakDeadTime  stm32h7xx_hal_tim_ex.o
    0x08003df8   0x08003df8   0x00000098   Code   RO         1773    i.HAL_TIMEx_MasterConfigSynchronization  stm32h7xx_hal_tim_ex.o
    0x08003e90   0x08003e90   0x00000062   Code   RO         1037    i.HAL_TIM_Base_Init  stm32h7xx_hal_tim.o
    0x08003ef2   0x08003ef2   0x00000002   PAD
    0x08003ef4   0x08003ef4   0x00000028   Code   RO          382    i.HAL_TIM_Base_MspInit  stm32h7xx_hal_msp.o
    0x08003f1c   0x08003f1c   0x000000f8   Code   RO         1046    i.HAL_TIM_ConfigClockSource  stm32h7xx_hal_tim.o
    0x08004014   0x08004014   0x000000bc   Code   RO         1058    i.HAL_TIM_Encoder_Init  stm32h7xx_hal_tim.o
    0x080040d0   0x080040d0   0x00000002   Code   RO         1060    i.HAL_TIM_Encoder_MspInit  stm32h7xx_hal_tim.o
    0x080040d2   0x080040d2   0x0000008e   Code   RO         1061    i.HAL_TIM_Encoder_Start  stm32h7xx_hal_tim.o
    0x08004160   0x08004160   0x00000054   Code   RO          383    i.HAL_TIM_MspPostInit  stm32h7xx_hal_msp.o
    0x080041b4   0x080041b4   0x00000068   Code   RO         1086    i.HAL_TIM_OC_ConfigChannel  stm32h7xx_hal_tim.o
    0x0800421c   0x0800421c   0x00000062   Code   RO         1090    i.HAL_TIM_OC_Init   stm32h7xx_hal_tim.o
    0x0800427e   0x0800427e   0x00000002   Code   RO         1092    i.HAL_TIM_OC_MspInit  stm32h7xx_hal_tim.o
    0x08004280   0x08004280   0x0000011e   Code   RO         1109    i.HAL_TIM_PWM_ConfigChannel  stm32h7xx_hal_tim.o
    0x0800439e   0x0800439e   0x00000062   Code   RO         1112    i.HAL_TIM_PWM_Init  stm32h7xx_hal_tim.o
    0x08004400   0x08004400   0x00000002   Code   RO         1114    i.HAL_TIM_PWM_MspInit  stm32h7xx_hal_tim.o
    0x08004402   0x08004402   0x00000002   PAD
    0x08004404   0x08004404   0x000000d8   Code   RO         1117    i.HAL_TIM_PWM_Start  stm32h7xx_hal_tim.o
    0x080044dc   0x080044dc   0x00000040   Code   RO         2444    i.HAL_UARTEx_DisableFifoMode  stm32h7xx_hal_uart_ex.o
    0x0800451c   0x0800451c   0x0000004c   Code   RO         2449    i.HAL_UARTEx_SetRxFifoThreshold  stm32h7xx_hal_uart_ex.o
    0x08004568   0x08004568   0x0000004c   Code   RO         2450    i.HAL_UARTEx_SetTxFifoThreshold  stm32h7xx_hal_uart_ex.o
    0x080045b4   0x080045b4   0x0000006a   Code   RO         2070    i.HAL_UART_Init     stm32h7xx_hal_uart.o
    0x0800461e   0x0800461e   0x00000002   PAD
    0x08004620   0x08004620   0x00000068   Code   RO          385    i.HAL_UART_MspInit  stm32h7xx_hal_msp.o
    0x08004688   0x08004688   0x000000fa   Code   RO         2073    i.HAL_UART_Receive  stm32h7xx_hal_uart.o
    0x08004782   0x08004782   0x000000be   Code   RO         2079    i.HAL_UART_Transmit  stm32h7xx_hal_uart.o
    0x08004840   0x08004840   0x00000002   Code   RO          301    i.HardFault_Handler  stm32h7xx_it.o
    0x08004842   0x08004842   0x00000002   PAD
    0x08004844   0x08004844   0x00000024   Code   RO         6195    i.InlineCurrentSense  inlinecurrentsense.o
    0x08004868   0x08004868   0x00000004   Code   RO         6196    i.InlineCurrentSense_Init  inlinecurrentsense.o
    0x0800486c   0x0800486c   0x00000008   Code   RO         5431    i.LL_ADC_INJ_IsConversionOngoing  stm32h7xx_hal_adc.o
    0x08004874   0x08004874   0x00000008   Code   RO         5432    i.LL_ADC_REG_IsConversionOngoing  stm32h7xx_hal_adc.o
    0x0800487c   0x0800487c   0x00000008   Code   RO         5654    i.LL_ADC_REG_IsConversionOngoing  stm32h7xx_hal_adc_ex.o
    0x08004884   0x08004884   0x00000010   Code   RO         5433    i.LL_ADC_REG_IsTriggerSourceSWStart  stm32h7xx_hal_adc.o
    0x08004894   0x08004894   0x0000001e   Code   RO         5435    i.LL_ADC_SetChannelSamplingTime  stm32h7xx_hal_adc.o
    0x080048b2   0x080048b2   0x00000002   PAD
    0x080048b4   0x080048b4   0x0000003c   Code   RO         6074    i.LPF_current_d     lowpass_filter.o
    0x080048f0   0x080048f0   0x0000003c   Code   RO         6075    i.LPF_current_q     lowpass_filter.o
    0x0800492c   0x0800492c   0x0000003c   Code   RO         6076    i.LPF_velocity      lowpass_filter.o
    0x08004968   0x08004968   0x00000078   Code   RO           14    i.MX_ADC1_Init      main.o
    0x080049e0   0x080049e0   0x0000006c   Code   RO           15    i.MX_ETH_Init       main.o
    0x08004a4c   0x08004a4c   0x00000100   Code   RO           16    i.MX_GPIO_Init      main.o
    0x08004b4c   0x08004b4c   0x000000c4   Code   RO           17    i.MX_TIM1_Init      main.o
    0x08004c10   0x08004c10   0x00000060   Code   RO           18    i.MX_TIM4_Init      main.o
    0x08004c70   0x08004c70   0x00000058   Code   RO           19    i.MX_TIM5_Init      main.o
    0x08004cc8   0x08004cc8   0x0000004c   Code   RO           20    i.MX_USART3_UART_Init  main.o
    0x08004d14   0x08004d14   0x00000034   Code   RO           21    i.MX_USB_OTG_FS_PCD_Init  main.o
    0x08004d48   0x08004d48   0x00000002   Code   RO          302    i.MemManage_Handler  stm32h7xx_it.o
    0x08004d4a   0x08004d4a   0x00000002   PAD
    0x08004d4c   0x08004d4c   0x00000068   Code   RO         5891    i.Motor_init        bldcmotor.o
    0x08004db4   0x08004db4   0x00000050   Code   RO         5892    i.Motor_initFOC     bldcmotor.o
    0x08004e04   0x08004e04   0x00000002   Code   RO          303    i.NMI_Handler       stm32h7xx_it.o
    0x08004e06   0x08004e06   0x00000002   PAD
    0x08004e08   0x08004e08   0x000000b0   Code   RO         6113    i.PID_angle         pid.o
    0x08004eb8   0x08004eb8   0x00000138   Code   RO         6114    i.PID_current_d     pid.o
    0x08004ff0   0x08004ff0   0x00000138   Code   RO         6115    i.PID_current_q     pid.o
    0x08005128   0x08005128   0x0000008c   Code   RO         6116    i.PID_init          pid.o
    0x080051b4   0x080051b4   0x00000130   Code   RO         6117    i.PID_velocity      pid.o
    0x080052e4   0x080052e4   0x00000002   Code   RO          304    i.PendSV_Handler    stm32h7xx_it.o
    0x080052e6   0x080052e6   0x00000002   PAD
    0x080052e8   0x080052e8   0x00000120   Code   RO         3257    i.RCCEx_PLL2_Config  stm32h7xx_hal_rcc_ex.o
    0x08005408   0x08005408   0x00000120   Code   RO         3258    i.RCCEx_PLL3_Config  stm32h7xx_hal_rcc_ex.o
    0x08005528   0x08005528   0x00000002   Code   RO          305    i.SVC_Handler       stm32h7xx_it.o
    0x0800552a   0x0800552a   0x00000004   Code   RO          306    i.SysTick_Handler   stm32h7xx_it.o
    0x0800552e   0x0800552e   0x00000002   PAD
    0x08005530   0x08005530   0x000000b4   Code   RO           22    i.SystemClock_Config  main.o
    0x080055e4   0x080055e4   0x000000a4   Code   RO         5854    i.SystemInit        system_stm32h7xx.o
    0x08005688   0x08005688   0x000000c4   Code   RO         1130    i.TIM_Base_SetConfig  stm32h7xx_hal_tim.o
    0x0800574c   0x0800574c   0x0000001a   Code   RO         1131    i.TIM_CCxChannelCmd  stm32h7xx_hal_tim.o
    0x08005766   0x08005766   0x00000012   Code   RO         1141    i.TIM_ETR_SetConfig  stm32h7xx_hal_tim.o
    0x08005778   0x08005778   0x00000014   Code   RO         1142    i.TIM_ITRx_SetConfig  stm32h7xx_hal_tim.o
    0x0800578c   0x0800578c   0x000000a8   Code   RO         1143    i.TIM_OC1_SetConfig  stm32h7xx_hal_tim.o
    0x08005834   0x08005834   0x00000098   Code   RO         1144    i.TIM_OC2_SetConfig  stm32h7xx_hal_tim.o
    0x080058cc   0x080058cc   0x0000008c   Code   RO         1145    i.TIM_OC3_SetConfig  stm32h7xx_hal_tim.o
    0x08005958   0x08005958   0x0000006c   Code   RO         1146    i.TIM_OC4_SetConfig  stm32h7xx_hal_tim.o
    0x080059c4   0x080059c4   0x0000006c   Code   RO         1147    i.TIM_OC5_SetConfig  stm32h7xx_hal_tim.o
    0x08005a30   0x08005a30   0x0000006c   Code   RO         1148    i.TIM_OC6_SetConfig  stm32h7xx_hal_tim.o
    0x08005a9c   0x08005a9c   0x00000022   Code   RO         1150    i.TIM_TI1_ConfigInputStage  stm32h7xx_hal_tim.o
    0x08005abe   0x08005abe   0x00000024   Code   RO         1152    i.TIM_TI2_ConfigInputStage  stm32h7xx_hal_tim.o
    0x08005ae2   0x08005ae2   0x00000002   PAD
    0x08005ae4   0x08005ae4   0x00000064   Code   RO         2454    i.UARTEx_SetNbDataToProcess  stm32h7xx_hal_uart_ex.o
    0x08005b48   0x08005b48   0x000000c8   Code   RO         2084    i.UART_AdvFeatureConfig  stm32h7xx_hal_uart.o
    0x08005c10   0x08005c10   0x0000005e   Code   RO         2085    i.UART_CheckIdleState  stm32h7xx_hal_uart.o
    0x08005c6e   0x08005c6e   0x00000002   PAD
    0x08005c70   0x08005c70   0x000003b0   Code   RO         2102    i.UART_SetConfig    stm32h7xx_hal_uart.o
    0x08006020   0x08006020   0x000000a4   Code   RO         2107    i.UART_WaitOnFlagUntilTimeout  stm32h7xx_hal_uart.o
    0x080060c4   0x080060c4   0x00000078   Code   RO         2834    i.USB_CoreInit      stm32h7xx_ll_usb.o
    0x0800613c   0x0800613c   0x00000038   Code   RO         2835    i.USB_CoreReset     stm32h7xx_ll_usb.o
    0x08006174   0x08006174   0x00000018   Code   RO         2840    i.USB_DevDisconnect  stm32h7xx_ll_usb.o
    0x0800618c   0x0800618c   0x00000178   Code   RO         2841    i.USB_DevInit       stm32h7xx_ll_usb.o
    0x08006304   0x08006304   0x0000000c   Code   RO         2842    i.USB_DisableGlobalInt  stm32h7xx_ll_usb.o
    0x08006310   0x08006310   0x00000020   Code   RO         2851    i.USB_FlushRxFifo   stm32h7xx_ll_usb.o
    0x08006330   0x08006330   0x00000024   Code   RO         2852    i.USB_FlushTxFifo   stm32h7xx_ll_usb.o
    0x08006354   0x08006354   0x0000002e   Code   RO         2870    i.USB_SetCurrentMode  stm32h7xx_ll_usb.o
    0x08006382   0x08006382   0x00000002   Code   RO          307    i.UsageFault_Handler  stm32h7xx_it.o
    0x08006384   0x08006384   0x00000020   Code   RO         6641    i.__0printf         mc_w.l(printfa.o)
    0x080063a4   0x080063a4   0x00000030   Code   RO         6748    i.__ARM_fpclassify  m_wv.l(fpclassify.o)
    0x080063d4   0x080063d4   0x00000022   Code   RO          473    i.__NVIC_SetPriority  stm32h7xx_hal_cortex.o
    0x080063f6   0x080063f6   0x00000002   PAD
    0x080063f8   0x080063f8   0x00000200   Code   RO         6669    i.__hardfp_atan     m_wv.l(atan.o)
    0x080065f8   0x080065f8   0x000001c8   Code   RO         6362    i.__hardfp_atan2    m_wv.l(atan2.o)
    0x080067c0   0x080067c0   0x00000038   Code   RO         6374    i.__hardfp_atof     m_wv.l(atof.o)
    0x080067f8   0x080067f8   0x000000fc   Code   RO         6380    i.__hardfp_fmod     m_wv.l(fmod.o)
    0x080068f4   0x080068f4   0x00000070   Code   RO         6750    i.__kernel_poly     m_wv.l(poly.o)
    0x08006964   0x08006964   0x00000006   Code   RO         6684    i.__mathlib_dbl_infnan  m_wv.l(dunder.o)
    0x0800696a   0x0800696a   0x00000006   Code   RO         6685    i.__mathlib_dbl_infnan2  m_wv.l(dunder.o)
    0x08006970   0x08006970   0x00000018   Code   RO         6686    i.__mathlib_dbl_invalid  m_wv.l(dunder.o)
    0x08006988   0x08006988   0x00000018   Code   RO         6689    i.__mathlib_dbl_underflow  m_wv.l(dunder.o)
    0x080069a0   0x080069a0   0x0000000c   Code   RO         6727    i.__read_errno      mc_w.l(errno.o)
    0x080069ac   0x080069ac   0x0000000e   Code   RO         6777    i.__scatterload_copy  mc_w.l(handlers.o)
    0x080069ba   0x080069ba   0x00000002   Code   RO         6778    i.__scatterload_null  mc_w.l(handlers.o)
    0x080069bc   0x080069bc   0x0000000e   Code   RO         6779    i.__scatterload_zeroinit  mc_w.l(handlers.o)
    0x080069ca   0x080069ca   0x00000002   PAD
    0x080069cc   0x080069cc   0x0000000c   Code   RO         6728    i.__set_errno       mc_w.l(errno.o)
    0x080069d8   0x080069d8   0x00000054   Code   RO         5972    i._cos              foc_utils.o
    0x08006a2c   0x08006a2c   0x0000000e   Code   RO         5973    i._electricalAngle  foc_utils.o
    0x08006a3a   0x08006a3a   0x00000002   PAD
    0x08006a3c   0x08006a3c   0x00000184   Code   RO         6648    i._fp_digits        mc_w.l(printfa.o)
    0x08006bc0   0x08006bc0   0x0000000e   Code   RO         6760    i._is_digit         mc_w.l(scanf_fp.o)
    0x08006bce   0x08006bce   0x00000002   PAD
    0x08006bd0   0x08006bd0   0x00000040   Code   RO         5974    i._normalizeAngle   foc_utils.o
    0x08006c10   0x08006c10   0x000006b4   Code   RO         6649    i._printf_core      mc_w.l(printfa.o)
    0x080072c4   0x080072c4   0x00000024   Code   RO         6650    i._printf_post_padding  mc_w.l(printfa.o)
    0x080072e8   0x080072e8   0x0000002e   Code   RO         6651    i._printf_pre_padding  mc_w.l(printfa.o)
    0x08007316   0x08007316   0x00000002   PAD
    0x08007318   0x08007318   0x00000034   Code   RO         6290    i._readADCVoltage   adc.o
    0x0800734c   0x0800734c   0x0000013c   Code   RO         5975    i._sin              foc_utils.o
    0x08007488   0x08007488   0x00000018   Code   RO         5976    i._sqrtApprox       foc_utils.o
    0x080074a0   0x080074a0   0x0000031c   Code   RO         5893    i.alignSensor       bldcmotor.o
    0x080077bc   0x080077bc   0x0000002c   Code   RO         6291    i.analogRead        adc.o
    0x080077e8   0x080077e8   0x000000f4   Code   RO         5894    i.angleOpenloop     bldcmotor.o
    0x080078dc   0x080078dc   0x00000010   Code   RO         6671    i.atan              m_wv.l(atan.o)
    0x080078ec   0x080078ec   0x0000007c   Code   RO           23    i.commander_run     main.o
    0x08007968   0x08007968   0x0000002c   Code   RO         6023    i.electricalAngle   focmotor.o
    0x08007994   0x08007994   0x00000018   Code   RO         6699    i.fabs              m_wv.l(fabs.o)
    0x080079ac   0x080079ac   0x00000020   Code   RO         6323    i.fgetc             usart.o
    0x080079cc   0x080079cc   0x0000001c   Code   RO         6324    i.fputc             usart.o
    0x080079e8   0x080079e8   0x0000000c   Code   RO         6240    i.getAngle          us_digital_1000.o
    0x080079f4   0x080079f4   0x00000094   Code   RO         6164    i.getDCCurrent      currentsense.o
    0x08007a88   0x08007a88   0x00000070   Code   RO         6165    i.getFOCCurrents    currentsense.o
    0x08007af8   0x08007af8   0x00000048   Code   RO         6197    i.getPhaseCurrents  inlinecurrentsense.o
    0x08007b40   0x08007b40   0x0000000c   Code   RO         6241    i.getVelocity       us_digital_1000.o
    0x08007b4c   0x08007b4c   0x00000004   Code   RO         6395    i.getc              mc_w.l(getc.o)
    0x08007b50   0x08007b50   0x00000030   Code   RO         6397    i.gets              mc_w.l(gets.o)
    0x08007b80   0x08007b80   0x00000114   Code   RO         5895    i.loopFOC           bldcmotor.o
    0x08007c94   0x08007c94   0x0000010c   Code   RO           24    i.main              main.o
    0x08007da0   0x08007da0   0x00000114   Code   RO         5896    i.move              bldcmotor.o
    0x08007eb4   0x08007eb4   0x00000240   Code   RO         5897    i.setPhaseVoltage   bldcmotor.o
    0x080080f4   0x080080f4   0x00000028   Code   RO         6024    i.shaftAngle        focmotor.o
    0x0800811c   0x0800811c   0x00000020   Code   RO         6025    i.shaftVelocity     focmotor.o
    0x0800813c   0x0800813c   0x000000ac   Code   RO         5898    i.velocityOpenloop  bldcmotor.o
    0x080081e8   0x080081e8   0x00000018   Data   RO         2108    .constdata          stm32h7xx_hal_uart.o
    0x08008200   0x08008200   0x00000010   Data   RO         5855    .constdata          system_stm32h7xx.o
    0x08008210   0x08008210   0x00000320   Data   RO         5977    .constdata          foc_utils.o
    0x08008530   0x08008530   0x00000098   Data   RO         6672    .constdata          m_wv.l(atan.o)
    0x080085c8   0x080085c8   0x00000008   Data   RO         6703    .constdata          m_wv.l(qnan.o)
    0x080085d0   0x080085d0   0x00000040   Data   RO         6767    .constdata          mc_w.l(ctype_c.o)
    0x08008610   0x08008610   0x00000020   Data   RO         6775    Region$$Table       anon$$obj.o


    Execution Region RW_IRAM1 (Exec base: 0x20000000, Load base: 0x08008630, Size: 0x00000b80, Max: 0x00020000, ABSOLUTE)

    Exec Addr    Load Addr    Size         Type   Attr      Idx    E Section Name        Object

    0x20000000   0x08008630   0x00000008   Data   RW           30    .data               main.o
    0x20000008   0x08008638   0x0000000c   Data   RW         4530    .data               stm32h7xx_hal.o
    0x20000014   0x08008644   0x00000004   Data   RW         5856    .data               system_stm32h7xx.o
    0x20000018   0x08008648   0x00000004   Data   RW         5857    .data               system_stm32h7xx.o
    0x2000001c   0x0800864c   0x00000020   Data   RW         5899    .data               bldcmotor.o
    0x2000003c   0x0800866c   0x0000000c   Data   RW         6026    .data               focmotor.o
    0x20000048   0x08008678   0x00000004   Data   RW         6027    .data               focmotor.o
    0x2000004c   0x0800867c   0x00000004   Data   RW         6028    .data               focmotor.o
    0x20000050   0x08008680   0x00000004   Data   RW         6029    .data               focmotor.o
    0x20000054   0x08008684   0x00000004   Data   RW         6030    .data               focmotor.o
    0x20000058   0x08008688   0x00000004   Data   RW         6031    .data               focmotor.o
    0x2000005c   0x0800868c   0x00000008   Data   RW         6032    .data               focmotor.o
    0x20000064   0x08008694   0x00000008   Data   RW         6033    .data               focmotor.o
    0x2000006c   0x0800869c   0x00000001   Data   RW         6034    .data               focmotor.o
    0x2000006d   0x0800869d   0x00000001   Data   RW         6035    .data               focmotor.o
    0x2000006e   0x0800869e   0x00000002   PAD
    0x20000070   0x080086a0   0x0000000c   Data   RW         6077    .data               lowpass_filter.o
    0x2000007c   0x080086ac   0x00000058   Data   RW         6118    .data               pid.o
    0x200000d4   0x08008704   0x00000018   Data   RW         6198    .data               inlinecurrentsense.o
    0x200000ec   0x0800871c   0x00000008   Data   RW         6243    .data               us_digital_1000.o
    0x200000f4   0x08008724   0x00000004   Data   RW         6326    .data               usart.o
    0x200000f8   0x08008728   0x00000004   Data   RW         6399    .data               mc_w.l(stdin.o)
    0x200000fc   0x0800872c   0x00000004   Data   RW         6729    .data               mc_w.l(errno.o)
    0x20000100        -       0x000005f4   Zero   RW           28    .bss                main.o
    0x200006f4        -       0x0000008c   Zero   RW         6325    .bss                usart.o
    0x20000780        -       0x00000400   Zero   RW            1    STACK               startup_stm32h743xx.o



  Load Region LR$$.ARM.__AT_0x30040000 (Base: 0x30040000, Size: 0x00000000, Max: 0x00000060, ABSOLUTE)

    Execution Region ER$$.ARM.__AT_0x30040000 (Exec base: 0x30040000, Load base: 0x30040000, Size: 0x00000060, Max: 0x00000060, ABSOLUTE, UNINIT)

    Exec Addr    Load Addr    Size         Type   Attr      Idx    E Section Name        Object

    0x30040000        -       0x00000060   Zero   RW           25    .ARM.__AT_0x30040000  main.o



  Load Region LR$$.ARM.__AT_0x30040060 (Base: 0x30040060, Size: 0x00000000, Max: 0x00000060, ABSOLUTE)

    Execution Region ER$$.ARM.__AT_0x30040060 (Exec base: 0x30040060, Load base: 0x30040060, Size: 0x00000060, Max: 0x00000060, ABSOLUTE, UNINIT)

    Exec Addr    Load Addr    Size         Type   Attr      Idx    E Section Name        Object

    0x30040060        -       0x00000060   Zero   RW           26    .ARM.__AT_0x30040060  main.o



  Load Region LR$$.ARM.__AT_0x30040200 (Base: 0x30040200, Size: 0x00000000, Max: 0x000017e0, ABSOLUTE)

    Execution Region ER$$.ARM.__AT_0x30040200 (Exec base: 0x30040200, Load base: 0x30040200, Size: 0x000017e0, Max: 0x000017e0, ABSOLUTE, UNINIT)

    Exec Addr    Load Addr    Size         Type   Attr      Idx    E Section Name        Object

    0x30040200        -       0x000017e0   Zero   RW           27    .ARM.__AT_0x30040200  main.o


==============================================================================

Image component sizes


      Code (inc. data)   RO Data    RW Data    ZI Data      Debug   Object Name

        96         20          0          0          0       1143   adc.o
      2524        598          0         32          0       7516   bldcmotor.o
       260         32          0          0          0       1636   currentsense.o
       502         84        800          0          0       3790   foc_utils.o
       116         22          0         50          0       2796   focmotor.o
       224         28          0         24          0       2891   inlinecurrentsense.o
       180         60          0         12          0       2090   lowpass_filter.o
      1564        220          0          8       7828    1345434   main.o
      1244         92          0         88          0       5594   pid.o
        36          8        664          0       1024        864   startup_stm32h743xx.o
       252         50          0         12          0      24200   stm32h7xx_hal.o
      2586        212          0          0          0      74441   stm32h7xx_hal_adc.o
       300         22          0          0          0      62707   stm32h7xx_hal_adc_ex.o
       172         12          0          0          0      38446   stm32h7xx_hal_cortex.o
      1344         60          0          0          0       5899   stm32h7xx_hal_eth.o
       570         50          0          0          0       2676   stm32h7xx_hal_gpio.o
       636         78          0          0          0       4618   stm32h7xx_hal_msp.o
       242          0          0          0          0       1835   stm32h7xx_hal_pcd.o
        40          6          0          0          0       1186   stm32h7xx_hal_pcd_ex.o
       100         10          0          0          0       1422   stm32h7xx_hal_pwr_ex.o
      2344        108          0          0          0       7208   stm32h7xx_hal_rcc.o
      4290        164          0          0          0      10567   stm32h7xx_hal_rcc_ex.o
      2598        218          0          0          0      19995   stm32h7xx_hal_tim.o
       312         34          0          0          0       2428   stm32h7xx_hal_tim_ex.o
      1948        108         24          0          0      27301   stm32h7xx_hal_uart.o
       316         18          0          0          0       3829   stm32h7xx_hal_uart_ex.o
        20          0          0          0          0       4358   stm32h7xx_it.o
       702         28          0          0          0       7352   stm32h7xx_ll_usb.o
       164         18         16          8          0       1426   system_stm32h7xx.o
        24         10          0          8          0       1567   us_digital_1000.o
        60          8          0          4        140       2965   usart.o

    ----------------------------------------------------------------------
     25808       2378       1536        248       8992    1680180   Object Totals
         0          0         32          0          0          0   (incl. Generated)
        42          0          0          2          0          0   (incl. Padding)

    ----------------------------------------------------------------------

      Code (inc. data)   RO Data    RW Data    ZI Data      Debug   Library Member Name

       528        110        152          0          0        348   atan.o
       456         64          0          0          0        188   atan2.o
        56         12          0          0          0        132   atof.o
        60         28          0          0          0        464   dunder.o
        24          0          0          0          0        124   fabs.o
       252          6          0          0          0        144   fmod.o
        48          0          0          0          0        124   fpclassify.o
       112          0          0          0          0        116   poly.o
         0          0          8          0          0          0   qnan.o
        64          0          0          0          0         84   _sgetc.o
        40          6         64          0          0         68   ctype_c.o
         0          0          0          0          0          0   entry.o
         0          0          0          0          0          0   entry10a.o
         0          0          0          0          0          0   entry11a.o
         4          0          0          0          0          0   entry12b.o
         8          4          0          0          0          0   entry2.o
         4          0          0          0          0          0   entry5.o
         0          0          0          0          0          0   entry7b.o
         0          0          0          0          0          0   entry8b.o
         8          4          0          0          0          0   entry9a.o
        24         12          0          4          0        136   errno.o
         4          0          0          0          0         68   getc.o
        48          6          0          0          0         80   gets.o
        30          0          0          0          0          0   handlers.o
        36          8          0          0          0         68   init.o
        10          0          0          0          0         68   isspace_c.o
         0          0          0          0          0          0   iusefp.o
        30          0          0          0          0         68   llshl.o
        36          0          0          0          0         68   llsshr.o
        32          0          0          0          0         68   llushr.o
        36          0          0          0          0         68   memcpya.o
        36          0          0          0          0        108   memseta.o
      2218         90          0          0          0        464   printfa.o
       878         12          0          0          0        216   scanf_fp.o
         0          0          0          4          0          0   stdin.o
       156         12          0          0          0        120   strtod.o
        44          0          0          0          0         80   uidiv.o
        98          0          0          0          0         92   uldiv.o
        48          0          0          0          0         68   cdrcmple.o
        56          0          0          0          0         88   d2f.o
       334          0          0          0          0        148   dadd.o
       222          0          0          0          0        100   ddiv.o
       186          0          0          0          0        176   depilogue.o
        48          0          0          0          0         68   dfixul.o
        24          0          0          0          0         76   dfltul.o
       228          0          0          0          0         96   dmul.o
       134          0          0          0          0         96   drem.o
       110          0          0          0          0        168   fepilogue.o

    ----------------------------------------------------------------------
      6784        374        224          8          0       4648   Library Totals
        14          0          0          0          0          0   (incl. Padding)

    ----------------------------------------------------------------------

      Code (inc. data)   RO Data    RW Data    ZI Data      Debug   Library Name

      1536        220        160          0          0       1640   m_wv.l
      3844        154         64          8          0       1924   mc_w.l
      1390          0          0          0          0       1084   mf_w.l

    ----------------------------------------------------------------------
      6784        374        224          8          0       4648   Library Totals

    ----------------------------------------------------------------------

==============================================================================


      Code (inc. data)   RO Data    RW Data    ZI Data      Debug   

     32592       2752       1760        256       8992    1668624   Grand Totals
     32592       2752       1760        256       8992    1668624   ELF Image Totals
     32592       2752       1760        256          0          0   ROM Totals

==============================================================================

    Total RO  Size (Code + RO Data)                34352 (  33.55kB)
    Total RW  Size (RW Data + ZI Data)              9248 (   9.03kB)
    Total ROM Size (Code + RO Data + RW Data)      34608 (  33.80kB)

==============================================================================

