<html>
<body>
<pre>
<h1>µVision Build Log</h1>
<h2>Tool Versions:</h2>
IDE-Version: ¦ÌVision V5.36.0.0
Copyright (C) 2021 ARM Ltd and ARM Germany GmbH. All rights reserved.
License Information: yjr 601059768@qq.com, fwfas, LIC=----
 
Tool Versions:
Toolchain:       MDK-Lite  Version: 5.36.0.0
Toolchain Path:  C:\Keil_v5\ARM\ARMCC\Bin
C Compiler:      Armcc.exe V5.06 update 7 (build 960)
Assembler:       Armasm.exe V5.06 update 7 (build 960)
Linker/Locator:  ArmLink.exe V5.06 update 7 (build 960)
Library Manager: ArmAr.exe V5.06 update 7 (build 960)
Hex Converter:   FromElf.exe V5.06 update 7 (build 960)
CPU DLL:         SARMCM3.DLL V5.36.0.0
Dialog DLL:      DCM.DLL V1.17.3.0
Target DLL:      STLink\ST-LINKIII-KEIL_SWO.dll V3.0.9.0
Dialog DLL:      TCM.DLL V1.53.0.0
 
<h2>Project:</h2>
C:\Users\60105\Desktop\simplefoc\Simplefoc\NUCLEO-H743ZI2_FOC\jasisjfa\MDK-ARM\jasisjfa.uvprojx
Project File Date:  11/11/2021

<h2>Output:</h2>
*** Using Compiler 'V5.06 update 7 (build 960)', folder: 'C:\Keil_v5\ARM\ARMCC\Bin'
Rebuild target 'jasisjfa'
assembling startup_stm32h743xx.s...
compiling stm32h7xx_hal_uart_ex.c...
compiling stm32h7xx_hal_cortex.c...
compiling stm32h7xx_it.c...
compiling stm32h7xx_hal_msp.c...
compiling stm32h7xx_hal_pcd.c...
compiling stm32h7xx_hal_tim_ex.c...
compiling stm32h7xx_hal_eth_ex.c...
compiling main.c...
../Src/main.c(158): warning:  #223-D: function "printf" declared implicitly
    printf("Motor ready.\r\n");
../Src/main.c(176): warning:  #223-D: function "printf" declared implicitly
  				printf("Hello World!\r\n");
../Src/main.c(179): warning:  #223-D: function "atof" declared implicitly
  				target=atof((const char *)(USART_RX_BUF+1));
../Src/main.c: 3 warnings, 0 errors
compiling stm32h7xx_hal_uart.c...
compiling stm32h7xx_hal_eth.c...
compiling stm32h7xx_hal_tim.c...
compiling stm32h7xx_hal_pcd_ex.c...
compiling stm32h7xx_hal_hsem.c...
compiling stm32h7xx_hal_gpio.c...
compiling stm32h7xx_hal_mdma.c...
compiling stm32h7xx_ll_usb.c...
compiling stm32h7xx_hal_flash.c...
compiling stm32h7xx_hal_flash_ex.c...
compiling stm32h7xx_hal_dma_ex.c...
compiling stm32h7xx_hal_rcc.c...
compiling stm32h7xx_hal_rcc_ex.c...
compiling stm32h7xx_hal_dma.c...
compiling stm32h7xx_hal_pwr.c...
compiling foc_utils.c...
..\Src\foc_utils.c(18): warning:  #1035-D: single-precision operand implicitly converted to double-precision
    if(a < _PI_2){
..\Src\foc_utils.c(21): warning:  #1035-D: single-precision operand implicitly converted to double-precision
      return 0.0001*sine_array[_round(126.6873* a)];      // int array optimized
..\Src\foc_utils.c(21): warning:  #1035-D: single-precision operand implicitly converted to double-precision
      return 0.0001*sine_array[_round(126.6873* a)];      // int array optimized
..\Src\foc_utils.c(21): warning:  #1035-D: single-precision operand implicitly converted to double-precision
      return 0.0001*sine_array[_round(126.6873* a)];      // int array optimized
..\Src\foc_utils.c(22): warning:  #1035-D: single-precision operand implicitly converted to double-precision
    }else if(a < _PI){
..\Src\foc_utils.c(25): warning:  #1035-D: single-precision operand implicitly converted to double-precision
      return 0.0001*sine_array[398 - _round(126.6873*a)];     // int array optimized
..\Src\foc_utils.c(25): warning:  #1035-D: single-precision operand implicitly converted to double-precision
      return 0.0001*sine_array[398 - _round(126.6873*a)];     // int array optimized
..\Src\foc_utils.c(25): warning:  #1035-D: single-precision operand implicitly converted to double-precision
      return 0.0001*sine_array[398 - _round(126.6873*a)];     // int array optimized
..\Src\foc_utils.c(26): warning:  #1035-D: single-precision operand implicitly converted to double-precision
    }else if(a < _3PI_2){
..\Src\foc_utils.c(29): warning:  #1035-D: single-precision operand implicitly converted to double-precision
      return -0.0001*sine_array[-398 + _round(126.6873*a)];      // int array optimized
..\Src\foc_utils.c(29): warning:  #1035-D: single-precision operand implicitly converted to double-precision
      return -0.0001*sine_array[-398 + _round(126.6873*a)];      // int array optimized
..\Src\foc_utils.c(29): warning:  #1035-D: single-precision operand implicitly converted to double-precision
      return -0.0001*sine_array[-398 + _round(126.6873*a)];      // int array optimized
..\Src\foc_utils.c(33): warning:  #1035-D: single-precision operand implicitly converted to double-precision
      return -0.0001*sine_array[796 - _round(126.6873*a)];      // int array optimized
..\Src\foc_utils.c(33): warning:  #1035-D: single-precision operand implicitly converted to double-precision
      return -0.0001*sine_array[796 - _round(126.6873*a)];      // int array optimized
..\Src\foc_utils.c(33): warning:  #1035-D: single-precision operand implicitly converted to double-precision
      return -0.0001*sine_array[796 - _round(126.6873*a)];      // int array optimized
..\Src\foc_utils.c(43): warning:  #1035-D: single-precision operand implicitly converted to double-precision
    float a_sin = a + _PI_2;
..\Src\foc_utils.c(44): warning:  #1035-D: single-precision operand implicitly converted to double-precision
    a_sin = a_sin > _2PI ? a_sin - _2PI : a_sin;
..\Src\foc_utils.c(44): warning:  #1035-D: single-precision operand implicitly converted to double-precision
    a_sin = a_sin > _2PI ? a_sin - _2PI : a_sin;
..\Src\foc_utils.c(51): warning:  #1035-D: single-precision operand implicitly converted to double-precision
    return a >= 0 ? a : (a + _2PI);
..\Src\foc_utils.c: 19 warnings, 0 errors
compiling stm32h7xx_hal_i2c_ex.c...
compiling BLDCMotor.c...
..\Src\BLDCMotor.c(55): warning:  #1035-D: single-precision operand implicitly converted to double-precision
  		angle_el = _normalizeAngle(angle_el + _PI_2);
..\Src\BLDCMotor.c(57): warning:  #1035-D: single-precision operand implicitly converted to double-precision
  	if(Uout> 0.577)Uout= 0.577;
..\Src\BLDCMotor.c(60): warning:  #1035-D: single-precision operand implicitly converted to double-precision
  	sector = (angle_el / _PI_3) + 1;
..\Src\BLDCMotor.c(61): warning:  #1035-D: single-precision operand implicitly converted to double-precision
  	T1 = _SQRT3*_sin(sector*_PI_3 - angle_el) * Uout;
..\Src\BLDCMotor.c(62): warning:  #1035-D: single-precision operand implicitly converted to double-precision
  	T2 = _SQRT3*_sin(angle_el - (sector-1.0)*_PI_3) * Uout;
..\Src\BLDCMotor.c(116): warning:  #1035-D: single-precision operand implicitly converted to double-precision
  	if(now_us<open_loop_timestamp)Ts = (float)(open_loop_timestamp - now_us)/9*1e-6;
..\Src\BLDCMotor.c(118): warning:  #1035-D: single-precision operand implicitly converted to double-precision
  		Ts = (float)(0xFFFFFF - now_us + open_loop_timestamp)/9*1e-6;
..\Src\BLDCMotor.c(121): warning:  #1035-D: single-precision operand implicitly converted to double-precision
    if(Ts == 0 || Ts > 0.5) Ts = 1e-3; 
..\Src\BLDCMotor.c(139): warning:  #1035-D: single-precision operand implicitly converted to double-precision
  	if(now_us<open_loop_timestamp)Ts = (float)(open_loop_timestamp - now_us)/9*1e-6;
..\Src\BLDCMotor.c(141): warning:  #1035-D: single-precision operand implicitly converted to double-precision
  		Ts = (float)(0xFFFFFF - now_us + open_loop_timestamp)/9*1e-6;
..\Src\BLDCMotor.c(144): warning:  #1035-D: single-precision operand implicitly converted to double-precision
    if(Ts == 0 || Ts > 0.5) Ts = 1e-3; 
..\Src\BLDCMotor.c: 11 warnings, 0 errors
compiling system_stm32h7xx.c...
compiling stm32h7xx_hal_exti.c...
compiling stm32h7xx_hal.c...
compiling FOCMotor.c...
compiling stm32h7xx_hal_pwr_ex.c...
compiling stm32h7xx_hal_i2c.c...
compiling tim.c...
compiling usart.c...
linking...
Program Size: Code=23492 RO-data=1764 RW-data=88 ZI-data=10104  
FromELF: creating hex file...
"jasisjfa\jasisjfa.axf" - 0 Error(s), 33 Warning(s).

<h2>Software Packages used:</h2>

Package Vendor: ARM
                http://www.keil.com/pack/ARM.CMSIS.5.8.0.pack
                ARM.CMSIS.5.8.0
                CMSIS (Common Microcontroller Software Interface Standard)
   * Component: CORE Version: 5.5.0

Package Vendor: Keil
                http://www.keil.com/pack/Keil.STM32H7xx_DFP.2.8.0.pack
                Keil.STM32H7xx_DFP.2.8.0
                STMicroelectronics STM32H7 Series Device Support and Examples

<h2>Collection of Component include folders:</h2>
  .\RTE\_jasisjfa
  C:\Users\60105\AppData\Local\Arm\Packs\ARM\CMSIS\5.8.0\CMSIS\Core\Include
  C:\Users\60105\AppData\Local\Arm\Packs\Keil\STM32H7xx_DFP\2.8.0\Drivers\CMSIS\Device\ST\STM32H7xx\Include

<h2>Collection of Component Files used:</h2>

   * Component: ARM::CMSIS:CORE:5.5.0
Build Time Elapsed:  00:01:48
</pre>
</body>
</html>
